Archive member included because of file (symbol)

c:/program files (x86)/embitz/0.42/share/em_armgcc/bin/../lib/gcc/arm-none-eabi/4.8.4/../../../../arm-none-eabi/lib/armv7-m\libg_n.a(lib_a-ctype_.o)
                              ..\obj\~#\~#\~#\source\file.o (__ctype_ptr__)
c:/program files (x86)/embitz/0.42/share/em_armgcc/bin/../lib/gcc/arm-none-eabi/4.8.4/../../../../arm-none-eabi/lib/armv7-m\libg_n.a(lib_a-exit.o)
                              c:/program files (x86)/embitz/0.42/share/em_armgcc/bin/../lib/gcc/arm-none-eabi/4.8.4/../../../../arm-none-eabi/lib/armv7-m/crt0.o (exit)
c:/program files (x86)/embitz/0.42/share/em_armgcc/bin/../lib/gcc/arm-none-eabi/4.8.4/../../../../arm-none-eabi/lib/armv7-m\libg_n.a(lib_a-impure.o)
                              c:/program files (x86)/embitz/0.42/share/em_armgcc/bin/../lib/gcc/arm-none-eabi/4.8.4/../../../../arm-none-eabi/lib/armv7-m\libg_n.a(lib_a-exit.o) (_global_impure_ptr)
c:/program files (x86)/embitz/0.42/share/em_armgcc/bin/../lib/gcc/arm-none-eabi/4.8.4/../../../../arm-none-eabi/lib/armv7-m\libg_n.a(lib_a-init.o)
                              c:/program files (x86)/embitz/0.42/share/em_armgcc/bin/../lib/gcc/arm-none-eabi/4.8.4/../../../../arm-none-eabi/lib/armv7-m/crt0.o (__libc_init_array)
c:/program files (x86)/embitz/0.42/share/em_armgcc/bin/../lib/gcc/arm-none-eabi/4.8.4/../../../../arm-none-eabi/lib/armv7-m\libg_n.a(lib_a-memset.o)
                              c:/program files (x86)/embitz/0.42/share/em_armgcc/bin/../lib/gcc/arm-none-eabi/4.8.4/../../../../arm-none-eabi/lib/armv7-m/crt0.o (memset)
c:/program files (x86)/embitz/0.42/share/em_armgcc/bin/../lib/gcc/arm-none-eabi/4.8.4/../../../../arm-none-eabi/lib/armv7-m\libnosys_s.a(_exit.o)
                              c:/program files (x86)/embitz/0.42/share/em_armgcc/bin/../lib/gcc/arm-none-eabi/4.8.4/../../../../arm-none-eabi/lib/armv7-m\libg_n.a(lib_a-exit.o) (_exit)

Discarded input sections

 .text          0x00000000        0x0 c:/program files (x86)/embitz/0.42/share/em_armgcc/bin/../lib/gcc/arm-none-eabi/4.8.4/armv7-m/crti.o
 .data          0x00000000        0x0 c:/program files (x86)/embitz/0.42/share/em_armgcc/bin/../lib/gcc/arm-none-eabi/4.8.4/armv7-m/crti.o
 .bss           0x00000000        0x0 c:/program files (x86)/embitz/0.42/share/em_armgcc/bin/../lib/gcc/arm-none-eabi/4.8.4/armv7-m/crti.o
 .data          0x00000000        0x4 c:/program files (x86)/embitz/0.42/share/em_armgcc/bin/../lib/gcc/arm-none-eabi/4.8.4/armv7-m/crtbegin.o
 .data          0x00000000        0x0 c:/program files (x86)/embitz/0.42/share/em_armgcc/bin/../lib/gcc/arm-none-eabi/4.8.4/../../../../arm-none-eabi/lib/armv7-m/crt0.o
 .bss           0x00000000        0x0 c:/program files (x86)/embitz/0.42/share/em_armgcc/bin/../lib/gcc/arm-none-eabi/4.8.4/../../../../arm-none-eabi/lib/armv7-m/crt0.o
 .ARM.extab     0x00000000        0x0 c:/program files (x86)/embitz/0.42/share/em_armgcc/bin/../lib/gcc/arm-none-eabi/4.8.4/../../../../arm-none-eabi/lib/armv7-m/crt0.o
 .group         0x00000000        0x8 ..\obj\hooks.o
 .group         0x00000000        0x8 ..\obj\hooks.o
 .group         0x00000000        0x8 ..\obj\hooks.o
 .group         0x00000000        0x8 ..\obj\hooks.o
 .group         0x00000000        0x8 ..\obj\hooks.o
 .group         0x00000000        0x8 ..\obj\hooks.o
 .group         0x00000000        0x8 ..\obj\hooks.o
 .group         0x00000000        0x8 ..\obj\hooks.o
 .group         0x00000000        0x8 ..\obj\hooks.o
 .group         0x00000000        0x8 ..\obj\hooks.o
 .group         0x00000000        0x8 ..\obj\hooks.o
 .group         0x00000000        0x8 ..\obj\hooks.o
 .group         0x00000000        0x8 ..\obj\hooks.o
 .group         0x00000000        0x8 ..\obj\hooks.o
 .group         0x00000000        0x8 ..\obj\hooks.o
 .group         0x00000000        0x8 ..\obj\hooks.o
 .group         0x00000000        0x8 ..\obj\hooks.o
 .group         0x00000000        0x8 ..\obj\hooks.o
 .group         0x00000000        0x8 ..\obj\hooks.o
 .group         0x00000000        0x8 ..\obj\hooks.o
 .group         0x00000000        0x8 ..\obj\hooks.o
 .group         0x00000000        0x8 ..\obj\hooks.o
 .group         0x00000000        0x8 ..\obj\hooks.o
 .group         0x00000000        0x8 ..\obj\hooks.o
 .group         0x00000000        0x8 ..\obj\hooks.o
 .group         0x00000000        0x8 ..\obj\hooks.o
 .group         0x00000000        0x8 ..\obj\hooks.o
 .group         0x00000000        0x8 ..\obj\hooks.o
 .group         0x00000000        0x8 ..\obj\hooks.o
 .group         0x00000000        0x8 ..\obj\hooks.o
 .group         0x00000000        0x8 ..\obj\hooks.o
 .group         0x00000000        0x8 ..\obj\hooks.o
 .group         0x00000000        0x8 ..\obj\hooks.o
 .group         0x00000000        0x8 ..\obj\hooks.o
 .group         0x00000000        0x8 ..\obj\hooks.o
 .group         0x00000000        0x8 ..\obj\hooks.o
[...]
Memory Configuration

Name             Origin             Length             Attributes
ROM              0x08000000         0x00008000         xr
RAM              0x20000000         0x00008000         xrw
*default*        0x00000000         0xffffffff

Linker script and memory map

LOAD c:/program files (x86)/embitz/0.42/share/em_armgcc/bin/../lib/gcc/arm-none-eabi/4.8.4/armv7-m/crti.o
LOAD c:/program files (x86)/embitz/0.42/share/em_armgcc/bin/../lib/gcc/arm-none-eabi/4.8.4/armv7-m/crtbegin.o
LOAD c:/program files (x86)/embitz/0.42/share/em_armgcc/bin/../lib/gcc/arm-none-eabi/4.8.4/../../../../arm-none-eabi/lib/armv7-m/crt0.o
                0x00000000                __HEAP_SIZE = 0x0
                0x00000100                __STACK_SIZE = 0x100

.text           0x08000000     0x4da8
 *(.isr_vector)
 .isr_vector    0x08000000      0x184 ..\obj\~#\~#\~#\source\armcm3_stm32f2\gcc\cstart.o
                0x08000000                __isr_vector
 *(.text*)
 .text          0x08000184       0x54 c:/program files (x86)/embitz/0.42/share/em_armgcc/bin/../lib/gcc/arm-none-eabi/4.8.4/armv7-m/crtbegin.o
 .text          0x080001d8       0x74 c:/program files (x86)/embitz/0.42/share/em_armgcc/bin/../lib/gcc/arm-none-eabi/4.8.4/../../../../arm-none-eabi/lib/armv7-m/crt0.o
                0x080001d8                _start
                0x080001d8                _mainCRTStartup
 .text.CpuUserProgramStartHook
                0x0800024c       0x1c ..\obj\hooks.o
                0x0800024c                CpuUserProgramStartHook
 .text.CopInitHook
                0x08000268        0xc ..\obj\hooks.o
                0x08000268                CopInitHook
 .text.CopServiceHook
                0x08000274        0x8 ..\obj\hooks.o
                0x08000274                CopServiceHook
 .text.FileIsFirmwareUpdateRequestedHook
                0x0800027c       0x44 ..\obj\hooks.o
                0x0800027c                FileIsFirmwareUpdateRequestedHook
 .text.FileGetFirmwareFilenameHook
                0x080002c0        0x8 ..\obj\hooks.o
                0x080002c0                FileGetFirmwareFilenameHook
 .text.FileFirmwareUpdateStartedHook
                0x080002c8       0x28 ..\obj\hooks.o
                0x080002c8                FileFirmwareUpdateStartedHook
 .text.FileFirmwareUpdateCompletedHook
                0x080002f0       0x48 ..\obj\hooks.o
                0x080002f0                FileFirmwareUpdateCompletedHook
 .text.FileFirmwareUpdateErrorHook
                0x08000338       0x18 ..\obj\hooks.o
                0x08000338                FileFirmwareUpdateErrorHook
 .text.FileFirmwareUpdateLogHook
                0x08000350       0x50 ..\obj\hooks.o
                0x08000350                FileFirmwareUpdateLogHook
 .text.LedBlinkInit
                0x080003a0        0xc ..\obj\led.o
                0x080003a0                LedBlinkInit
 .text.LedBlinkTask
                0x080003ac       0x58 ..\obj\led.o
                0x080003ac                LedBlinkTask
 .text.LedBlinkExit
                0x08000404       0x14 ..\obj\led.o
                0x08000404                LedBlinkExit
 .text.xchg_spi
                0x08000418       0x28 ..\obj\lib\fatfs\mmc.o
 .text.wait_ready
                0x08000440       0x2c ..\obj\lib\fatfs\mmc.o
 .text.deselect
                0x0800046c       0x18 ..\obj\lib\fatfs\mmc.o
 .text.select   0x08000484       0x28 ..\obj\lib\fatfs\mmc.o
 .text.send_cmd
                0x080004ac       0x90 ..\obj\lib\fatfs\mmc.o
 .text.xmit_datablock
                0x0800053c       0x5c ..\obj\lib\fatfs\mmc.o
 .text.rcvr_datablock
                0x08000598       0x60 ..\obj\lib\fatfs\mmc.o
 .text.disk_initialize
                0x080005f8      0x30c ..\obj\lib\fatfs\mmc.o
                0x080005f8                disk_initialize
 .text.disk_status
                0x08000904       0x14 ..\obj\lib\fatfs\mmc.o
                0x08000904                disk_status
 .text.disk_read
                0x08000918       0x94 ..\obj\lib\fatfs\mmc.o
                0x08000918                disk_read
 .text.disk_write
                0x080009ac       0xb4 ..\obj\lib\fatfs\mmc.o
                0x080009ac                disk_write
 .text.disk_ioctl
                0x08000a60      0x274 ..\obj\lib\fatfs\mmc.o
                0x08000a60                disk_ioctl
 .text.get_fattime
                0x08000cd4        0x8 ..\obj\lib\fatfs\mmc.o
                0x08000cd4                get_fattime
 .text.FLASH_Unlock
                0x08000cdc       0x20 ..\obj\lib\spl\src\stm32f2xx_flash.o
                0x08000cdc                FLASH_Unlock
 .text.FLASH_Lock
                0x08000cfc       0x10 ..\obj\lib\spl\src\stm32f2xx_flash.o
                0x08000cfc                FLASH_Lock
 .text.FLASH_ClearFlag
                0x08000d0c        0xc ..\obj\lib\spl\src\stm32f2xx_flash.o
                0x08000d0c                FLASH_ClearFlag
 .text.FLASH_GetStatus
                0x08000d18       0x40 ..\obj\lib\spl\src\stm32f2xx_flash.o
                0x08000d18                FLASH_GetStatus
 .text.FLASH_WaitForLastOperation
                0x08000d58       0x38 ..\obj\lib\spl\src\stm32f2xx_flash.o
                0x08000d58                FLASH_WaitForLastOperation
 .text.FLASH_EraseSector
                0x08000d90       0x6c ..\obj\lib\spl\src\stm32f2xx_flash.o
                0x08000d90                FLASH_EraseSector
 .text.FLASH_ProgramWord
                0x08000dfc       0x3c ..\obj\lib\spl\src\stm32f2xx_flash.o
                0x08000dfc                FLASH_ProgramWord
 .text.GPIO_Init
                0x08000e38       0x90 ..\obj\lib\spl\src\stm32f2xx_gpio.o
                0x08000e38                GPIO_Init
 .text.GPIO_ReadInputDataBit
                0x08000ec8        0xc ..\obj\lib\spl\src\stm32f2xx_gpio.o
                0x08000ec8                GPIO_ReadInputDataBit
 .text.GPIO_SetBits
                0x08000ed4        0x4 ..\obj\lib\spl\src\stm32f2xx_gpio.o
                0x08000ed4                GPIO_SetBits
 .text.GPIO_ResetBits
                0x08000ed8        0x4 ..\obj\lib\spl\src\stm32f2xx_gpio.o
                0x08000ed8                GPIO_ResetBits
 .text.GPIO_PinAFConfig
                0x08000edc       0x28 ..\obj\lib\spl\src\stm32f2xx_gpio.o
                0x08000edc                GPIO_PinAFConfig
 .text.RCC_GetClocksFreq
                0x08000f04       0xb8 ..\obj\lib\spl\src\stm32f2xx_rcc.o
                0x08000f04                RCC_GetClocksFreq
 .text.RCC_AHB1PeriphClockCmd
                0x08000fbc       0x1c ..\obj\lib\spl\src\stm32f2xx_rcc.o
                0x08000fbc                RCC_AHB1PeriphClockCmd
 .text.RCC_APB1PeriphClockCmd
                0x08000fd8       0x1c ..\obj\lib\spl\src\stm32f2xx_rcc.o
                0x08000fd8                RCC_APB1PeriphClockCmd
 .text.SPI_Init
                0x08000ff4       0x44 ..\obj\lib\spl\src\stm32f2xx_spi.o
                0x08000ff4                SPI_Init
 .text.SPI_Cmd  0x08001038       0x1c ..\obj\lib\spl\src\stm32f2xx_spi.o
                0x08001038                SPI_Cmd
 .text.SPI_I2S_ReceiveData
                0x08001054        0x8 ..\obj\lib\spl\src\stm32f2xx_spi.o
                0x08001054                SPI_I2S_ReceiveData
 .text.SPI_I2S_SendData
                0x0800105c        0x4 ..\obj\lib\spl\src\stm32f2xx_spi.o
                0x0800105c                SPI_I2S_SendData
 .text.SPI_CalculateCRC
                0x08001060       0x1c ..\obj\lib\spl\src\stm32f2xx_spi.o
                0x08001060                SPI_CalculateCRC
 .text.SPI_I2S_GetFlagStatus
                0x0800107c        0xc ..\obj\lib\spl\src\stm32f2xx_spi.o
                0x0800107c                SPI_I2S_GetFlagStatus
 .text.USART_Init
                0x08001088       0xd0 ..\obj\lib\spl\src\stm32f2xx_usart.o
                0x08001088                USART_Init
 .text.USART_Cmd
                0x08001158       0x1c ..\obj\lib\spl\src\stm32f2xx_usart.o
                0x08001158                USART_Cmd
 .text.USART_SendData
                0x08001174        0x8 ..\obj\lib\spl\src\stm32f2xx_usart.o
                0x08001174                USART_SendData
 .text.USART_ReceiveData
                0x0800117c        0x8 ..\obj\lib\spl\src\stm32f2xx_usart.o
                0x0800117c                USART_ReceiveData
 .text.USART_GetFlagStatus
                0x08001184        0xc ..\obj\lib\spl\src\stm32f2xx_usart.o
                0x08001184                USART_GetFlagStatus
 .text.SystemInit
                0x08001190       0xdc ..\obj\lib\system_stm32f2xx.o
                0x08001190                SystemInit
 .text.main     0x0800126c       0xc4 ..\obj\main.o
                0x0800126c                main
 .text.CpuStartUserProgram
                0x08001330       0x34 ..\obj\~#\~#\~#\source\armcm3_stm32f2\cpu.o
                0x08001330                CpuStartUserProgram
 .text.CpuMemCopy
                0x08001364       0x20 ..\obj\~#\~#\~#\source\armcm3_stm32f2\cpu.o
                0x08001364                CpuMemCopy
 .text.FlashGetSector
                0x08001384       0x3c ..\obj\~#\~#\~#\source\armcm3_stm32f2\flash.o
 .text.FlashWriteBlock
                0x080013c0       0x78 ..\obj\~#\~#\~#\source\armcm3_stm32f2\flash.o
 .text.FlashSwitchBlock
                0x08001438       0x58 ..\obj\~#\~#\~#\source\armcm3_stm32f2\flash.o
 .text.FlashAddToBlock
                0x08001490       0x84 ..\obj\~#\~#\~#\source\armcm3_stm32f2\flash.o
 .text.FlashInit
                0x08001514       0x18 ..\obj\~#\~#\~#\source\armcm3_stm32f2\flash.o
                0x08001514                FlashInit
 .text.FlashWrite
                0x0800152c       0x50 ..\obj\~#\~#\~#\source\armcm3_stm32f2\flash.o
                0x0800152c                FlashWrite
 .text.FlashErase
                0x0800157c       0x8c ..\obj\~#\~#\~#\source\armcm3_stm32f2\flash.o
                0x0800157c                FlashErase
 .text.FlashWriteChecksum
                0x08001608       0x4c ..\obj\~#\~#\~#\source\armcm3_stm32f2\flash.o
                0x08001608                FlashWriteChecksum
 .text.FlashVerifyChecksum
                0x08001654       0x54 ..\obj\~#\~#\~#\source\armcm3_stm32f2\flash.o
                0x08001654                FlashVerifyChecksum
 .text.FlashDone
                0x080016a8       0x3c ..\obj\~#\~#\~#\source\armcm3_stm32f2\flash.o
                0x080016a8                FlashDone
 .text.FlashGetUserProgBaseAddress
                0x080016e4        0x8 ..\obj\~#\~#\~#\source\armcm3_stm32f2\flash.o
                0x080016e4                FlashGetUserProgBaseAddress
 .text          0x080016ec      0x110 ..\obj\~#\~#\~#\source\armcm3_stm32f2\gcc\cstart.o
                0x080016ec                Reset_Handler
                0x0800173e                NMI_Handler
                0x08001740                HardFault_Handler
                0x08001742                MemManage_Handler
                0x08001744                BusFault_Handler
                0x08001746                UsageFault_Handler
                0x08001748                SVC_Handler
                0x0800174a                DebugMon_Handler
                0x0800174c                PendSV_Handler
                0x0800174e                SysTick_Handler
                0x08001750                Default_Handler
                0x08001752                WWDG_IRQHandler
                0x08001754                PVD_IRQHandler
                0x08001756                TAMP_STAMP_IRQHandler
                0x08001758                RTC_WKUP_IRQHandler
                0x0800175a                FLASH_IRQHandler
                0x0800175c                RCC_IRQHandler
                0x0800175e                EXTI0_IRQHandler
                0x08001760                EXTI1_IRQHandler
                0x08001762                EXTI2_IRQHandler
                0x08001764                EXTI3_IRQHandler
                0x08001766                EXTI4_IRQHandler
                0x08001768                DMA1_Stream0_IRQHandler
                0x0800176a                DMA1_Stream1_IRQHandler
                0x0800176c                DMA1_Stream2_IRQHandler
                0x0800176e                DMA1_Stream3_IRQHandler
                0x08001770                DMA1_Stream4_IRQHandler
                0x08001772                DMA1_Stream5_IRQHandler
                0x08001774                DMA1_Stream6_IRQHandler
                0x08001776                ADC_IRQHandler
                0x08001778                CAN1_TX_IRQHandler
                0x0800177a                CAN1_RX0_IRQHandler
                0x0800177c                CAN1_RX1_IRQHandler
                0x0800177e                CAN1_SCE_IRQHandler
                0x08001780                EXTI9_5_IRQHandler
                0x08001782                TIM1_BRK_TIM9_IRQHandler
                0x08001784                TIM1_UP_TIM10_IRQHandler
                0x08001786                TIM1_TRG_COM_TIM11_IRQHandler
                0x08001788                TIM1_CC_IRQHandler
                0x0800178a                TIM2_IRQHandler
                0x0800178c                TIM3_IRQHandler
                0x0800178e                TIM4_IRQHandler
                0x08001790                I2C1_EV_IRQHandler
                0x08001792                I2C1_ER_IRQHandler
                0x08001794                I2C2_EV_IRQHandler
                0x08001796                I2C2_ER_IRQHandler
                0x08001798                SPI1_IRQHandler
                0x0800179a                SPI2_IRQHandler
                0x0800179c                USART1_IRQHandler
                0x0800179e                USART2_IRQHandler
                0x080017a0                USART3_IRQHandler
                0x080017a2                EXTI15_10_IRQHandler
                0x080017a4                RTC_Alarm_IRQHandler
                0x080017a6                OTG_FS_WKUP_IRQHandler
                0x080017a8                TIM8_BRK_TIM12_IRQHandler
                0x080017aa                TIM8_UP_TIM13_IRQHandler
                0x080017ac                TIM8_TRG_COM_TIM14_IRQHandler
                0x080017ae                TIM8_CC_IRQHandler
                0x080017b0                DMA1_Stream7_IRQHandler
                0x080017b2                FSMC_IRQHandler
                0x080017b4                SDIO_IRQHandler
                0x080017b6                TIM5_IRQHandler
                0x080017b8                SPI3_IRQHandler
                0x080017ba                UART4_IRQHandler
                0x080017bc                UART5_IRQHandler
                0x080017be                TIM6_DAC_IRQHandler
                0x080017c0                TIM7_IRQHandler
                0x080017c2                DMA2_Stream0_IRQHandler
                0x080017c4                DMA2_Stream1_IRQHandler
                0x080017c6                DMA2_Stream2_IRQHandler
                0x080017c8                DMA2_Stream3_IRQHandler
                0x080017ca                DMA2_Stream4_IRQHandler
                0x080017cc                ETH_IRQHandler
                0x080017ce                ETH_WKUP_IRQHandler
                0x080017d0                CAN2_TX_IRQHandler
                0x080017d2                CAN2_RX0_IRQHandler
                0x080017d4                CAN2_RX1_IRQHandler
                0x080017d6                CAN2_SCE_IRQHandler
                0x080017d8                OTG_FS_IRQHandler
                0x080017da                DMA2_Stream5_IRQHandler
                0x080017dc                DMA2_Stream6_IRQHandler
                0x080017de                DMA2_Stream7_IRQHandler
                0x080017e0                USART6_IRQHandler
                0x080017e2                I2C3_EV_IRQHandler
                0x080017e4                I2C3_ER_IRQHandler
                0x080017e6                OTG_HS_EP1_OUT_IRQHandler
                0x080017e8                OTG_HS_EP1_IN_IRQHandler
                0x080017ea                OTG_HS_WKUP_IRQHandler
                0x080017ec                OTG_HS_IRQHandler
                0x080017ee                DCMI_IRQHandler
                0x080017f0                CRYP_IRQHandler
                0x080017f2                HASH_RNG_IRQHandler
 .text.NvmInit  0x080017fc        0x8 ..\obj\~#\~#\~#\source\armcm3_stm32f2\nvm.o
                0x080017fc                NvmInit
 .text.NvmWrite
                0x08001804        0x8 ..\obj\~#\~#\~#\source\armcm3_stm32f2\nvm.o
                0x08001804                NvmWrite
 .text.NvmErase
                0x0800180c        0x8 ..\obj\~#\~#\~#\source\armcm3_stm32f2\nvm.o
                0x0800180c                NvmErase
 .text.NvmVerifyChecksum
                0x08001814        0x8 ..\obj\~#\~#\~#\source\armcm3_stm32f2\nvm.o
                0x08001814                NvmVerifyChecksum
 .text.NvmGetUserProgBaseAddress
                0x0800181c        0x8 ..\obj\~#\~#\~#\source\armcm3_stm32f2\nvm.o
                0x0800181c                NvmGetUserProgBaseAddress
 .text.NvmDone  0x08001824       0x14 ..\obj\~#\~#\~#\source\armcm3_stm32f2\nvm.o
                0x08001824                NvmDone
 .text.TimerInit
                0x08001838       0x24 ..\obj\~#\~#\~#\source\armcm3_stm32f2\timer.o
                0x08001838                TimerInit
 .text.TimerReset
                0x0800185c        0xc ..\obj\~#\~#\~#\source\armcm3_stm32f2\timer.o
                0x0800185c                TimerReset
 .text.TimerUpdate
                0x08001868       0x1c ..\obj\~#\~#\~#\source\armcm3_stm32f2\timer.o
                0x08001868                TimerUpdate
 .text.TimerGet
                0x08001884       0x10 ..\obj\~#\~#\~#\source\armcm3_stm32f2\timer.o
                0x08001884                TimerGet
 .text.UartTransmitByte
                0x08001894       0x34 ..\obj\~#\~#\~#\source\armcm3_stm32f2\uart.o
 .text.UartReceiveByte
                0x080018c8       0x24 ..\obj\~#\~#\~#\source\armcm3_stm32f2\uart.o
 .text.UartInit
                0x080018ec       0x3c ..\obj\~#\~#\~#\source\armcm3_stm32f2\uart.o
                0x080018ec                UartInit
 .text.UartTransmitPacket
                0x08001928       0x58 ..\obj\~#\~#\~#\source\armcm3_stm32f2\uart.o
                0x08001928                UartTransmitPacket
 .text.UartReceivePacket
                0x08001980       0xa0 ..\obj\~#\~#\~#\source\armcm3_stm32f2\uart.o
                0x08001980                UartReceivePacket
 .text.AssertFailure
                0x08001a20       0x18 ..\obj\~#\~#\~#\source\assert.o
                0x08001a20                AssertFailure
 .text.BackDoorCheck
                0x08001a38       0x44 ..\obj\~#\~#\~#\source\backdoor.o
                0x08001a38                BackDoorCheck
 .text.BackDoorInit
                0x08001a7c       0x20 ..\obj\~#\~#\~#\source\backdoor.o
                0x08001a7c                BackDoorInit
 .text.BootInit
                0x08001a9c       0x1c ..\obj\~#\~#\~#\source\boot.o
                0x08001a9c                BootInit
 .text.BootTask
                0x08001ab8       0x18 ..\obj\~#\~#\~#\source\boot.o
                0x08001ab8                BootTask
 .text.ComInit  0x08001ad0       0x18 ..\obj\~#\~#\~#\source\com.o
                0x08001ad0                ComInit
 .text.ComTask  0x08001ae8       0x24 ..\obj\~#\~#\~#\source\com.o
                0x08001ae8                ComTask
 .text.ComFree  0x08001b0c        0x4 ..\obj\~#\~#\~#\source\com.o
                0x08001b0c                ComFree
 .text.ComTransmitPacket
                0x08001b10       0x18 ..\obj\~#\~#\~#\source\com.o
                0x08001b10                ComTransmitPacket
 .text.ComGetActiveInterfaceMaxRxLen
                0x08001b28       0x14 ..\obj\~#\~#\~#\source\com.o
                0x08001b28                ComGetActiveInterfaceMaxRxLen
 .text.ComGetActiveInterfaceMaxTxLen
                0x08001b3c       0x14 ..\obj\~#\~#\~#\source\com.o
                0x08001b3c                ComGetActiveInterfaceMaxTxLen
 .text.ComIsConnected
                0x08001b50        0x8 ..\obj\~#\~#\~#\source\com.o
                0x08001b50                ComIsConnected
 .text.CopInit  0x08001b58        0x8 ..\obj\~#\~#\~#\source\cop.o
                0x08001b58                CopInit
 .text.CopService
                0x08001b60        0x8 ..\obj\~#\~#\~#\source\cop.o
                0x08001b60                CopService
 .text.FileLibByteNibbleToChar
                0x08001b68       0x2c ..\obj\~#\~#\~#\source\file.o
 .text.FileLibByteToHexString
                0x08001b94       0x20 ..\obj\~#\~#\~#\source\file.o
 .text.FileLibLongToIntString
                0x08001bb4       0x40 ..\obj\~#\~#\~#\source\file.o
 .text.FileLibHexStringToByte
                0x08001bf4       0x5c ..\obj\~#\~#\~#\source\file.o
 .text.FileInit
                0x08001c50       0x28 ..\obj\~#\~#\~#\source\file.o
                0x08001c50                FileInit
 .text.FileIsIdle
                0x08001c78       0x14 ..\obj\~#\~#\~#\source\file.o
                0x08001c78                FileIsIdle
 .text.FileHandleFirmwareUpdateRequest
                0x08001c8c       0x30 ..\obj\~#\~#\~#\source\file.o
                0x08001c8c                FileHandleFirmwareUpdateRequest
 .text.FileSrecGetLineType
                0x08001cbc       0x4c ..\obj\~#\~#\~#\source\file.o
                0x08001cbc                FileSrecGetLineType
 .text.FileSrecVerifyChecksum
                0x08001d08       0x38 ..\obj\~#\~#\~#\source\file.o
                0x08001d08                FileSrecVerifyChecksum
 .text.FileSrecParseLine
                0x08001d40      0x180 ..\obj\~#\~#\~#\source\file.o
                0x08001d40                FileSrecParseLine
 .text.FileTask
                0x08001ec0      0x370 ..\obj\~#\~#\~#\source\file.o
                0x08001ec0                FileTask
 .text.mem_cpy  0x08002230       0x14 ..\obj\~#\~#\~#\source\third_party\fatfs\src\ff.o
 .text.ld_clust
                0x08002244       0x20 ..\obj\~#\~#\~#\source\third_party\fatfs\src\ff.o
 .text.sum_sfn  0x08002264       0x20 ..\obj\~#\~#\~#\source\third_party\fatfs\src\ff.o
 .text.check_fs
                0x08002284       0x8c ..\obj\~#\~#\~#\source\third_party\fatfs\src\ff.o
 .text.sync_window
                0x08002310       0x78 ..\obj\~#\~#\~#\source\third_party\fatfs\src\ff.o
 .text.move_window
                0x08002388       0x38 ..\obj\~#\~#\~#\source\third_party\fatfs\src\ff.o
 .text.validate
                0x080023c0       0x38 ..\obj\~#\~#\~#\source\third_party\fatfs\src\ff.o
 .text.chk_mounted
                0x080023f8      0x388 ..\obj\~#\~#\~#\source\third_party\fatfs\src\ff.o
 .text.get_fileinfo
                0x08002780      0x130 ..\obj\~#\~#\~#\source\third_party\fatfs\src\ff.o
 .text.sync_fs  0x080028b0       0xbc ..\obj\~#\~#\~#\source\third_party\fatfs\src\ff.o
 .text.clust2sect
                0x0800296c       0x18 ..\obj\~#\~#\~#\source\third_party\fatfs\src\ff.o
                0x0800296c                clust2sect
 .text.get_fat  0x08002984       0xec ..\obj\~#\~#\~#\source\third_party\fatfs\src\ff.o
                0x08002984                get_fat
 .text.dir_sdi  0x08002a70       0x98 ..\obj\~#\~#\~#\source\third_party\fatfs\src\ff.o
 .text.put_fat  0x08002b08      0x10c ..\obj\~#\~#\~#\source\third_party\fatfs\src\ff.o
                0x08002b08                put_fat
 .text.create_chain
                0x08002c14       0xc4 ..\obj\~#\~#\~#\source\third_party\fatfs\src\ff.o
 .text.dir_next
                0x08002cd8      0x12c ..\obj\~#\~#\~#\source\third_party\fatfs\src\ff.o
 .text.dir_find
                0x08002e04      0x180 ..\obj\~#\~#\~#\source\third_party\fatfs\src\ff.o
 .text.follow_path
                0x08002f84      0x314 ..\obj\~#\~#\~#\source\third_party\fatfs\src\ff.o
 .text.dir_read
                0x08003298      0x134 ..\obj\~#\~#\~#\source\third_party\fatfs\src\ff.o
 .text.dir_remove
                0x080033cc       0x58 ..\obj\~#\~#\~#\source\third_party\fatfs\src\ff.o
 .text.remove_chain
                0x08003424       0x70 ..\obj\~#\~#\~#\source\third_party\fatfs\src\ff.o
 .text.gen_numname
                0x08003494       0x98 ..\obj\~#\~#\~#\source\third_party\fatfs\src\ff.o
                0x08003494                gen_numname
 .text.dir_register
                0x0800352c      0x210 ..\obj\~#\~#\~#\source\third_party\fatfs\src\ff.o
 .text.f_mount  0x0800373c       0x24 ..\obj\~#\~#\~#\source\third_party\fatfs\src\ff.o
                0x0800373c                f_mount
 .text.f_open   0x08003760      0x168 ..\obj\~#\~#\~#\source\third_party\fatfs\src\ff.o
                0x08003760                f_open
 .text.f_read   0x080038c8      0x1a8 ..\obj\~#\~#\~#\source\third_party\fatfs\src\ff.o
                0x080038c8                f_read
 .text.f_write  0x08003a70      0x1d8 ..\obj\~#\~#\~#\source\third_party\fatfs\src\ff.o
                0x08003a70                f_write
 .text.f_sync   0x08003c48       0xac ..\obj\~#\~#\~#\source\third_party\fatfs\src\ff.o
                0x08003c48                f_sync
 .text.f_close  0x08003cf4       0x14 ..\obj\~#\~#\~#\source\third_party\fatfs\src\ff.o
                0x08003cf4                f_close
 .text.f_lseek  0x08003d08      0x198 ..\obj\~#\~#\~#\source\third_party\fatfs\src\ff.o
                0x08003d08                f_lseek
 .text.f_stat   0x08003ea0       0x48 ..\obj\~#\~#\~#\source\third_party\fatfs\src\ff.o
                0x08003ea0                f_stat
 .text.f_unlink
                0x08003ee8       0xbc ..\obj\~#\~#\~#\source\third_party\fatfs\src\ff.o
                0x08003ee8                f_unlink
 .text.f_gets   0x08003fa4       0x4c ..\obj\~#\~#\~#\source\third_party\fatfs\src\ff.o
                0x08003fa4                f_gets
 .text.f_putc   0x08003ff0       0x34 ..\obj\~#\~#\~#\source\third_party\fatfs\src\ff.o
                0x08003ff0                f_putc
 .text.f_puts   0x08004024       0x2c ..\obj\~#\~#\~#\source\third_party\fatfs\src\ff.o
                0x08004024                f_puts
 .text.ff_convert
                0x08004050       0x40 ..\obj\~#\~#\~#\source\third_party\fatfs\src\option\unicode.o
                0x08004050                ff_convert
 .text.ff_wtoupper
                0x08004090       0x2c ..\obj\~#\~#\~#\source\third_party\fatfs\src\option\unicode.o
                0x08004090                ff_wtoupper
 .text.XcpSetCtoError
                0x080040bc       0x14 ..\obj\~#\~#\~#\source\xcp.o
 .text.XcpInit  0x080040d0       0x1c ..\obj\~#\~#\~#\source\xcp.o
                0x080040d0                XcpInit
 .text.XcpIsConnected
                0x080040ec       0x10 ..\obj\~#\~#\~#\source\xcp.o
                0x080040ec                XcpIsConnected
 .text.XcpPacketTransmitted
                0x080040fc       0x10 ..\obj\~#\~#\~#\source\xcp.o
                0x080040fc                XcpPacketTransmitted
 .text.XcpPacketReceived
                0x0800410c      0x308 ..\obj\~#\~#\~#\source\xcp.o
                0x0800410c                XcpPacketReceived
 .text.exit     0x08004414       0x28 c:/program files (x86)/embitz/0.42/share/em_armgcc/bin/../lib/gcc/arm-none-eabi/4.8.4/../../../../arm-none-eabi/lib/armv7-m\libg_n.a(lib_a-exit.o)
                0x08004414                exit
 .text.__libc_init_array
                0x0800443c       0x4c c:/program files (x86)/embitz/0.42/share/em_armgcc/bin/../lib/gcc/arm-none-eabi/4.8.4/../../../../arm-none-eabi/lib/armv7-m\libg_n.a(lib_a-init.o)
                0x0800443c                __libc_init_array
 .text.memset   0x08004488       0x10 c:/program files (x86)/embitz/0.42/share/em_armgcc/bin/../lib/gcc/arm-none-eabi/4.8.4/../../../../arm-none-eabi/lib/armv7-m\libg_n.a(lib_a-memset.o)
                0x08004488                memset
 .text          0x08004498        0x2 c:/program files (x86)/embitz/0.42/share/em_armgcc/bin/../lib/gcc/arm-none-eabi/4.8.4/../../../../arm-none-eabi/lib/armv7-m\libnosys_s.a(_exit.o)
                0x08004498                _exit
 *(.init)
 *fill*         0x0800449a        0x2 
 .init          0x0800449c        0x4 c:/program files (x86)/embitz/0.42/share/em_armgcc/bin/../lib/gcc/arm-none-eabi/4.8.4/armv7-m/crti.o
                0x0800449c                _init
 .init          0x080044a0        0x8 c:/program files (x86)/embitz/0.42/share/em_armgcc/bin/../lib/gcc/arm-none-eabi/4.8.4/armv7-m/crtn.o
 *(.fini)
 .fini          0x080044a8        0x4 c:/program files (x86)/embitz/0.42/share/em_armgcc/bin/../lib/gcc/arm-none-eabi/4.8.4/armv7-m/crti.o
                0x080044a8                _fini
 .fini          0x080044ac        0x8 c:/program files (x86)/embitz/0.42/share/em_armgcc/bin/../lib/gcc/arm-none-eabi/4.8.4/armv7-m/crtn.o
 *crtbegin.o(.ctors)
 *crtbegin?.o(.ctors)
 *(EXCLUDE_FILE(*crtend.o *crtend?.o) .ctors)
 *(SORT(.ctors.*))
 *(.ctors)
 *crtbegin.o(.dtors)
 *crtbegin?.o(.dtors)
 *(EXCLUDE_FILE(*crtend.o *crtend?.o) .dtors)
 *(SORT(.dtors.*))
 *(.dtors)
 *(.rodata*)
 .rodata.firmwareFilename
                0x080044b4       0x1c ..\obj\hooks.o
 .rodata.str1.4
                0x080044d0        0xd ..\obj\hooks.o
                                 0x10 (size before relaxing)
 *fill*         0x080044dd        0x3 
 .rodata.flashSectorNumToMask
                0x080044e0       0x18 ..\obj\~#\~#\~#\source\armcm3_stm32f2\flash.o
 .rodata.flashLayout
                0x080044f8       0x48 ..\obj\~#\~#\~#\source\armcm3_stm32f2\flash.o
 .rodata.str1.4
                0x08004540       0x29 ..\obj\~#\~#\~#\source\armcm3_stm32f2\uart.o
                                 0x2c (size before relaxing)
 *fill*         0x08004569        0x3 
 .rodata.str1.4
                0x0800456c      0x1c1 ..\obj\~#\~#\~#\source\file.o
                                0x1c8 (size before relaxing)
 *fill*         0x0800472d        0x3 
 .rodata.str1.4
                0x08004730       0x14 ..\obj\~#\~#\~#\source\third_party\fatfs\src\ff.o
 .rodata.ExCvt  0x08004744       0x80 ..\obj\~#\~#\~#\source\third_party\fatfs\src\ff.o
 .rodata.LfnOfs
                0x080047c4       0x10 ..\obj\~#\~#\~#\source\third_party\fatfs\src\ff.o
 .rodata.tbl_lower.4264
                0x080047d4      0x1e0 ..\obj\~#\~#\~#\source\third_party\fatfs\src\option\unicode.o
 .rodata.Tbl    0x080049b4      0x100 ..\obj\~#\~#\~#\source\third_party\fatfs\src\option\unicode.o
 .rodata.tbl_upper.4265
                0x08004ab4      0x1e0 ..\obj\~#\~#\~#\source\third_party\fatfs\src\option\unicode.o
 .rodata.xcpStationId
                0x08004c94        0x8 ..\obj\~#\~#\~#\source\xcp.o
 .rodata._ctype_
                0x08004c9c      0x101 c:/program files (x86)/embitz/0.42/share/em_armgcc/bin/../lib/gcc/arm-none-eabi/4.8.4/../../../../arm-none-eabi/lib/armv7-m\libg_n.a(lib_a-ctype_.o)
                0x08004c9c                _ctype_
 .rodata.str1.1
                0x08004d9d        0x2 c:/program files (x86)/embitz/0.42/share/em_armgcc/bin/../lib/gcc/arm-none-eabi/4.8.4/../../../../arm-none-eabi/lib/armv7-m\libg_n.a(lib_a-impure.o)
 *fill*         0x08004d9f        0x1 
 .rodata._global_impure_ptr
                0x08004da0        0x4 c:/program files (x86)/embitz/0.42/share/em_armgcc/bin/../lib/gcc/arm-none-eabi/4.8.4/../../../../arm-none-eabi/lib/armv7-m\libg_n.a(lib_a-impure.o)
                0x08004da0                _global_impure_ptr
 *(.eh_frame*)
 .eh_frame      0x08004da4        0x0 c:/program files (x86)/embitz/0.42/share/em_armgcc/bin/../lib/gcc/arm-none-eabi/4.8.4/armv7-m/crtbegin.o
 .eh_frame      0x08004da4        0x4 c:/program files (x86)/embitz/0.42/share/em_armgcc/bin/../lib/gcc/arm-none-eabi/4.8.4/armv7-m/crtend.o

.glue_7         0x08004da8        0x0
 .glue_7        0x00000000        0x0 linker stubs

.glue_7t        0x08004da8        0x0
 .glue_7t       0x00000000        0x0 linker stubs

.vfp11_veneer   0x08004da8        0x0
 .vfp11_veneer  0x00000000        0x0 linker stubs

.v4_bx          0x08004da8        0x0
 .v4_bx         0x00000000        0x0 linker stubs

.iplt           0x08004da8        0x0
 .iplt          0x00000000        0x0 c:/program files (x86)/embitz/0.42/share/em_armgcc/bin/../lib/gcc/arm-none-eabi/4.8.4/armv7-m/crtbegin.o

.ARM.extab
 *(.ARM.extab* .gnu.linkonce.armextab.*)
                0x08004da8                __exidx_start = .

.ARM.exidx      0x08004da8        0x8
 *(.ARM.exidx* .gnu.linkonce.armexidx.*)
 .ARM.exidx     0x08004da8        0x8 c:/program files (x86)/embitz/0.42/share/em_armgcc/bin/../lib/gcc/arm-none-eabi/4.8.4/../../../../arm-none-eabi/lib/armv7-m/crt0.o
                0x08004db0                __exidx_end = .
                0x08004db0                __etext = .

.rel.dyn        0x08004db0        0x0
 .rel.iplt      0x00000000        0x0 c:/program files (x86)/embitz/0.42/share/em_armgcc/bin/../lib/gcc/arm-none-eabi/4.8.4/armv7-m/crtbegin.o

.data           0x20000000       0x84 load address 0x08004db0
                0x20000000                __data_start__ = .
 *(vtable)
 *(.data*)
 .data.Stat     0x20000000        0x1 ..\obj\lib\fatfs\mmc.o
 *fill*         0x20000001        0x3 
 .data.APBAHBPrescTable
                0x20000004       0x10 ..\obj\lib\spl\src\stm32f2xx_rcc.o
 .data.comActiveInterface
                0x20000014        0x1 ..\obj\~#\~#\~#\source\com.o
 *fill*         0x20000015        0x3 
 .data.__ctype_ptr__
                0x20000018        0x4 c:/program files (x86)/embitz/0.42/share/em_armgcc/bin/../lib/gcc/arm-none-eabi/4.8.4/../../../../arm-none-eabi/lib/armv7-m\libg_n.a(lib_a-ctype_.o)
                0x20000018                __ctype_ptr__
 .data.impure_data
                0x2000001c       0x60 c:/program files (x86)/embitz/0.42/share/em_armgcc/bin/../lib/gcc/arm-none-eabi/4.8.4/../../../../arm-none-eabi/lib/armv7-m\libg_n.a(lib_a-impure.o)
                0x2000007c                . = ALIGN (0x4)
                0x2000007c                PROVIDE (__preinit_array_start, .)
 *(.preinit_array)
                0x2000007c                PROVIDE (__preinit_array_end, .)
                0x2000007c                . = ALIGN (0x4)
                0x2000007c                PROVIDE (__init_array_start, .)
 *(SORT(.init_array.*))
 *(.init_array)
 .init_array    0x2000007c        0x4 c:/program files (x86)/embitz/0.42/share/em_armgcc/bin/../lib/gcc/arm-none-eabi/4.8.4/armv7-m/crtbegin.o
                0x20000080                PROVIDE (__init_array_end, .)
                0x20000080                . = ALIGN (0x4)
                0x20000080                PROVIDE (__fini_array_start, .)
 *(SORT(.fini_array.*))
 *(.fini_array)
 .fini_array    0x20000080        0x4 c:/program files (x86)/embitz/0.42/share/em_armgcc/bin/../lib/gcc/arm-none-eabi/4.8.4/armv7-m/crtbegin.o
                0x20000084                PROVIDE (__fini_array_end, .)
                0x20000084                . = ALIGN (0x4)
                0x20000084                __data_end__ = .

.jcr            0x20000084        0x0 load address 0x08004e34
 .jcr           0x20000084        0x0 c:/program files (x86)/embitz/0.42/share/em_armgcc/bin/../lib/gcc/arm-none-eabi/4.8.4/armv7-m/crtbegin.o

.igot.plt       0x20000084        0x0 load address 0x08004e34
 .igot.plt      0x00000000        0x0 c:/program files (x86)/embitz/0.42/share/em_armgcc/bin/../lib/gcc/arm-none-eabi/4.8.4/armv7-m/crtbegin.o

.bss            0x20000084      0xf7c load address 0x08004e34
                0x20000084                __bss_start__ = .
 *(.bss*)
 .bss           0x20000084       0x1c c:/program files (x86)/embitz/0.42/share/em_armgcc/bin/../lib/gcc/arm-none-eabi/4.8.4/armv7-m/crtbegin.o
 .bss.logfile   0x200000a0      0x228 ..\obj\hooks.o
 .bss.nextBlinkEvent.8153
                0x200002c8        0x4 ..\obj\led.o
 .bss.ledBlinkIntervalMs
                0x200002cc        0x2 ..\obj\led.o
 .bss.ledOn.8152
                0x200002ce        0x1 ..\obj\led.o
 *fill*         0x200002cf        0x1 
 .bss.Timer1    0x200002d0        0x4 ..\obj\lib\fatfs\mmc.o
 .bss.Timer2    0x200002d4        0x4 ..\obj\lib\fatfs\mmc.o
 .bss.CardType  0x200002d8        0x4 ..\obj\lib\fatfs\mmc.o
 .bss.bootBlockInfo
                0x200002dc      0x204 ..\obj\~#\~#\~#\source\armcm3_stm32f2\flash.o
 .bss.blockInfo
                0x200004e0      0x204 ..\obj\~#\~#\~#\source\armcm3_stm32f2\flash.o
 .bss.millisecond_counter
                0x200006e4        0x4 ..\obj\~#\~#\~#\source\armcm3_stm32f2\timer.o
 .bss.xcpCtoReqPacket.8161
                0x200006e8       0x44 ..\obj\~#\~#\~#\source\armcm3_stm32f2\uart.o
 .bss.xcpCtoRxLength.8162
                0x2000072c        0x1 ..\obj\~#\~#\~#\source\armcm3_stm32f2\uart.o
 .bss.xcpCtoRxInProgress.8163
                0x2000072d        0x1 ..\obj\~#\~#\~#\source\armcm3_stm32f2\uart.o
 *fill*         0x2000072e        0x2 
 .bss.xcpCtoRxStartTime.8164
                0x20000730        0x4 ..\obj\~#\~#\~#\source\armcm3_stm32f2\uart.o
 .bss.assert_failure_file
                0x20000734        0x4 ..\obj\~#\~#\~#\source\assert.o
 .bss.assert_failure_line
                0x20000738        0x4 ..\obj\~#\~#\~#\source\assert.o
 .bss.backdoorOpen
                0x2000073c        0x1 ..\obj\~#\~#\~#\source\backdoor.o
 *fill*         0x2000073d        0x3 
 .bss.backdoorOpenTime
                0x20000740        0x4 ..\obj\~#\~#\~#\source\backdoor.o
 .bss.xcpCtoReqPacket.4378
                0x20000744       0x40 ..\obj\~#\~#\~#\source\com.o
 .bss.loggingStr
                0x20000784       0x40 ..\obj\~#\~#\~#\source\file.o
 .bss.firmwareUpdateState
                0x200007c4        0x1 ..\obj\~#\~#\~#\source\file.o
 *fill*         0x200007c5        0x3 
 .bss.eraseInfo
                0x200007c8        0x8 ..\obj\~#\~#\~#\source\file.o
 .bss.fatFsObjects
                0x200007d0      0x458 ..\obj\~#\~#\~#\source\file.o
 .bss.lineParseObject
                0x20000c28      0x184 ..\obj\~#\~#\~#\source\file.o
 .bss.LfnBuf    0x20000dac      0x200 ..\obj\~#\~#\~#\source\third_party\fatfs\src\ff.o
 .bss.Fsid      0x20000fac        0x2 ..\obj\~#\~#\~#\source\third_party\fatfs\src\ff.o
 *fill*         0x20000fae        0x2 
 .bss.FatFs     0x20000fb0        0x4 ..\obj\~#\~#\~#\source\third_party\fatfs\src\ff.o
 .bss.xcpInfo   0x20000fb4       0x4c ..\obj\~#\~#\~#\source\xcp.o
 *(COMMON)
                0x20001000                __bss_end__ = .

.heap           0x20001000        0x0
                0x20001000                __end__ = .
                0x20001000                end = __end__
 *(.heap*)
 .heap          0x20001000        0x0 ..\obj\~#\~#\~#\source\armcm3_stm32f2\gcc\cstart.o
                0x20001000                __HeapLimit = .

.stack_dummy    0x20001000      0x100
 *(.stack)
 .stack         0x20001000      0x100 ..\obj\~#\~#\~#\source\armcm3_stm32f2\gcc\cstart.o
                0x20008000                __StackTop = (ORIGIN (RAM) + 0x8000)
                0x20007f00                __StackLimit = (__StackTop - SIZEOF (.stack_dummy))
                0x20008000                PROVIDE (__stack, __StackTop)
                0x00000001                ASSERT ((__StackLimit >= __HeapLimit), region RAM overflowed with stack)
LOAD ..\obj\hooks.o
LOAD ..\obj\led.o
LOAD ..\obj\lib\fatfs\mmc.o
LOAD ..\obj\lib\spl\src\misc.o
LOAD ..\obj\lib\spl\src\stm32f2xx_adc.o
LOAD ..\obj\lib\spl\src\stm32f2xx_can.o
LOAD ..\obj\lib\spl\src\stm32f2xx_crc.o
LOAD ..\obj\lib\spl\src\stm32f2xx_cryp.o
LOAD ..\obj\lib\spl\src\stm32f2xx_cryp_aes.o
LOAD ..\obj\lib\spl\src\stm32f2xx_cryp_des.o
LOAD ..\obj\lib\spl\src\stm32f2xx_cryp_tdes.o
LOAD ..\obj\lib\spl\src\stm32f2xx_dac.o
LOAD ..\obj\lib\spl\src\stm32f2xx_dbgmcu.o
LOAD ..\obj\lib\spl\src\stm32f2xx_dcmi.o
LOAD ..\obj\lib\spl\src\stm32f2xx_dma.o
LOAD ..\obj\lib\spl\src\stm32f2xx_exti.o
LOAD ..\obj\lib\spl\src\stm32f2xx_flash.o
LOAD ..\obj\lib\spl\src\stm32f2xx_fsmc.o
LOAD ..\obj\lib\spl\src\stm32f2xx_gpio.o
LOAD ..\obj\lib\spl\src\stm32f2xx_hash.o
LOAD ..\obj\lib\spl\src\stm32f2xx_hash_md5.o
LOAD ..\obj\lib\spl\src\stm32f2xx_hash_sha1.o
LOAD ..\obj\lib\spl\src\stm32f2xx_i2c.o
LOAD ..\obj\lib\spl\src\stm32f2xx_iwdg.o
LOAD ..\obj\lib\spl\src\stm32f2xx_pwr.o
LOAD ..\obj\lib\spl\src\stm32f2xx_rcc.o
LOAD ..\obj\lib\spl\src\stm32f2xx_rng.o
LOAD ..\obj\lib\spl\src\stm32f2xx_rtc.o
LOAD ..\obj\lib\spl\src\stm32f2xx_sdio.o
LOAD ..\obj\lib\spl\src\stm32f2xx_spi.o
LOAD ..\obj\lib\spl\src\stm32f2xx_syscfg.o
LOAD ..\obj\lib\spl\src\stm32f2xx_tim.o
LOAD ..\obj\lib\spl\src\stm32f2xx_usart.o
LOAD ..\obj\lib\spl\src\stm32f2xx_wwdg.o
LOAD ..\obj\lib\system_stm32f2xx.o
LOAD ..\obj\main.o
LOAD ..\obj\~#\~#\~#\source\armcm3_stm32f2\cpu.o
LOAD ..\obj\~#\~#\~#\source\armcm3_stm32f2\flash.o
LOAD ..\obj\~#\~#\~#\source\armcm3_stm32f2\gcc\cstart.o
LOAD ..\obj\~#\~#\~#\source\armcm3_stm32f2\nvm.o
LOAD ..\obj\~#\~#\~#\source\armcm3_stm32f2\timer.o
LOAD ..\obj\~#\~#\~#\source\armcm3_stm32f2\uart.o
LOAD ..\obj\~#\~#\~#\source\assert.o
LOAD ..\obj\~#\~#\~#\source\backdoor.o
LOAD ..\obj\~#\~#\~#\source\boot.o
LOAD ..\obj\~#\~#\~#\source\com.o
LOAD ..\obj\~#\~#\~#\source\cop.o
LOAD ..\obj\~#\~#\~#\source\file.o
LOAD ..\obj\~#\~#\~#\source\third_party\fatfs\src\ff.o
LOAD ..\obj\~#\~#\~#\source\third_party\fatfs\src\option\unicode.o
LOAD ..\obj\~#\~#\~#\source\xcp.o
START GROUP
LOAD c:/program files (x86)/embitz/0.42/share/em_armgcc/bin/../lib/gcc/arm-none-eabi/4.8.4/armv7-m\libgcc.a
LOAD c:/program files (x86)/embitz/0.42/share/em_armgcc/bin/../lib/gcc/arm-none-eabi/4.8.4/../../../../arm-none-eabi/lib/armv7-m\libg_n.a
LOAD c:/program files (x86)/embitz/0.42/share/em_armgcc/bin/../lib/gcc/arm-none-eabi/4.8.4/../../../../arm-none-eabi/lib/armv7-m\libc_n.a
END GROUP
START GROUP
LOAD c:/program files (x86)/embitz/0.42/share/em_armgcc/bin/../lib/gcc/arm-none-eabi/4.8.4/armv7-m\libgcc.a
LOAD c:/program files (x86)/embitz/0.42/share/em_armgcc/bin/../lib/gcc/arm-none-eabi/4.8.4/../../../../arm-none-eabi/lib/armv7-m\libc_n.a
LOAD c:/program files (x86)/embitz/0.42/share/em_armgcc/bin/../lib/gcc/arm-none-eabi/4.8.4/../../../../arm-none-eabi/lib/armv7-m\libnosys_s.a
END GROUP
LOAD c:/program files (x86)/embitz/0.42/share/em_armgcc/bin/../lib/gcc/arm-none-eabi/4.8.4/armv7-m/crtend.o
LOAD c:/program files (x86)/embitz/0.42/share/em_armgcc/bin/../lib/gcc/arm-none-eabi/4.8.4/armv7-m/crtn.o
OUTPUT(..\bin\openblt_stm32f207.elf elf32-littlearm)

.ARM.attributes
                0x00000000       0x29
 .ARM.attributes
                0x00000000       0x1d c:/program files (x86)/embitz/0.42/share/em_armgcc/bin/../lib/gcc/arm-none-eabi/4.8.4/armv7-m/crti.o
 .ARM.attributes
                0x0000001d       0x2d c:/program files (x86)/embitz/0.42/share/em_armgcc/bin/../lib/gcc/arm-none-eabi/4.8.4/armv7-m/crtbegin.o
 .ARM.attributes
                0x0000004a       0x1b c:/program files (x86)/embitz/0.42/share/em_armgcc/bin/../lib/gcc/arm-none-eabi/4.8.4/../../../../arm-none-eabi/lib/armv7-m/crt0.o
 .ARM.attributes
                0x00000065       0x33 ..\obj\hooks.o
 .ARM.attributes
                0x00000098       0x33 ..\obj\led.o
 .ARM.attributes
                0x000000cb       0x33 ..\obj\lib\fatfs\mmc.o
 .ARM.attributes
                0x000000fe       0x33 ..\obj\lib\spl\src\stm32f2xx_flash.o
 .ARM.attributes
                0x00000131       0x33 ..\obj\lib\spl\src\stm32f2xx_gpio.o
 .ARM.attributes
                0x00000164       0x33 ..\obj\lib\spl\src\stm32f2xx_rcc.o
 .ARM.attributes
                0x00000197       0x33 ..\obj\lib\spl\src\stm32f2xx_spi.o
 .ARM.attributes
                0x000001ca       0x33 ..\obj\lib\spl\src\stm32f2xx_usart.o
 .ARM.attributes
                0x000001fd       0x33 ..\obj\lib\system_stm32f2xx.o
 .ARM.attributes
                0x00000230       0x33 ..\obj\main.o
 .ARM.attributes
                0x00000263       0x33 ..\obj\~#\~#\~#\source\armcm3_stm32f2\cpu.o
 .ARM.attributes
                0x00000296       0x33 ..\obj\~#\~#\~#\source\armcm3_stm32f2\flash.o
 .ARM.attributes
                0x000002c9       0x1b ..\obj\~#\~#\~#\source\armcm3_stm32f2\gcc\cstart.o
 .ARM.attributes
                0x000002e4       0x33 ..\obj\~#\~#\~#\source\armcm3_stm32f2\nvm.o
 .ARM.attributes
                0x00000317       0x33 ..\obj\~#\~#\~#\source\armcm3_stm32f2\timer.o
 .ARM.attributes
                0x0000034a       0x33 ..\obj\~#\~#\~#\source\armcm3_stm32f2\uart.o
 .ARM.attributes
                0x0000037d       0x33 ..\obj\~#\~#\~#\source\assert.o
 .ARM.attributes
                0x000003b0       0x33 ..\obj\~#\~#\~#\source\backdoor.o
 .ARM.attributes
                0x000003e3       0x33 ..\obj\~#\~#\~#\source\boot.o
 .ARM.attributes
                0x00000416       0x33 ..\obj\~#\~#\~#\source\com.o
 .ARM.attributes
                0x00000449       0x33 ..\obj\~#\~#\~#\source\cop.o
 .ARM.attributes
                0x0000047c       0x33 ..\obj\~#\~#\~#\source\file.o
 .ARM.attributes
                0x000004af       0x33 ..\obj\~#\~#\~#\source\third_party\fatfs\src\ff.o
 .ARM.attributes
                0x000004e2       0x33 ..\obj\~#\~#\~#\source\third_party\fatfs\src\option\unicode.o
 .ARM.attributes
                0x00000515       0x33 ..\obj\~#\~#\~#\source\xcp.o
 .ARM.attributes
                0x00000548       0x2d c:/program files (x86)/embitz/0.42/share/em_armgcc/bin/../lib/gcc/arm-none-eabi/4.8.4/../../../../arm-none-eabi/lib/armv7-m\libg_n.a(lib_a-ctype_.o)
 .ARM.attributes
                0x00000575       0x2d c:/program files (x86)/embitz/0.42/share/em_armgcc/bin/../lib/gcc/arm-none-eabi/4.8.4/../../../../arm-none-eabi/lib/armv7-m\libg_n.a(lib_a-exit.o)
 .ARM.attributes
                0x000005a2       0x2d c:/program files (x86)/embitz/0.42/share/em_armgcc/bin/../lib/gcc/arm-none-eabi/4.8.4/../../../../arm-none-eabi/lib/armv7-m\libg_n.a(lib_a-impure.o)
 .ARM.attributes
                0x000005cf       0x2d c:/program files (x86)/embitz/0.42/share/em_armgcc/bin/../lib/gcc/arm-none-eabi/4.8.4/../../../../arm-none-eabi/lib/armv7-m\libg_n.a(lib_a-init.o)
 .ARM.attributes
                0x000005fc       0x2d c:/program files (x86)/embitz/0.42/share/em_armgcc/bin/../lib/gcc/arm-none-eabi/4.8.4/../../../../arm-none-eabi/lib/armv7-m\libg_n.a(lib_a-memset.o)
 .ARM.attributes
                0x00000629       0x2d c:/program files (x86)/embitz/0.42/share/em_armgcc/bin/../lib/gcc/arm-none-eabi/4.8.4/../../../../arm-none-eabi/lib/armv7-m\libnosys_s.a(_exit.o)
 .ARM.attributes
                0x00000656       0x2d c:/program files (x86)/embitz/0.42/share/em_armgcc/bin/../lib/gcc/arm-none-eabi/4.8.4/armv7-m/crtend.o
 .ARM.attributes
                0x00000683       0x1d c:/program files (x86)/embitz/0.42/share/em_armgcc/bin/../lib/gcc/arm-none-eabi/4.8.4/armv7-m/crtn.o

.comment        0x00000000       0x46
 .comment       0x00000000       0x46 ..\obj\hooks.o
                                 0x47 (size before relaxing)
 .comment       0x00000000       0x47 ..\obj\led.o
 .comment       0x00000000       0x47 ..\obj\lib\fatfs\mmc.o
 .comment       0x00000000       0x47 ..\obj\lib\spl\src\stm32f2xx_flash.o
 .comment       0x00000000       0x47 ..\obj\lib\spl\src\stm32f2xx_gpio.o
 .comment       0x00000000       0x47 ..\obj\lib\spl\src\stm32f2xx_rcc.o
 .comment       0x00000000       0x47 ..\obj\lib\spl\src\stm32f2xx_spi.o
 .comment       0x00000000       0x47 ..\obj\lib\spl\src\stm32f2xx_usart.o
 .comment       0x00000000       0x47 ..\obj\lib\system_stm32f2xx.o
 .comment       0x00000000       0x47 ..\obj\main.o
 .comment       0x00000000       0x47 ..\obj\~#\~#\~#\source\armcm3_stm32f2\cpu.o
 .comment       0x00000000       0x47 ..\obj\~#\~#\~#\source\armcm3_stm32f2\flash.o
 .comment       0x00000000       0x47 ..\obj\~#\~#\~#\source\armcm3_stm32f2\nvm.o
 .comment       0x00000000       0x47 ..\obj\~#\~#\~#\source\armcm3_stm32f2\timer.o
 .comment       0x00000000       0x47 ..\obj\~#\~#\~#\source\armcm3_stm32f2\uart.o
 .comment       0x00000000       0x47 ..\obj\~#\~#\~#\source\assert.o
 .comment       0x00000000       0x47 ..\obj\~#\~#\~#\source\backdoor.o
 .comment       0x00000000       0x47 ..\obj\~#\~#\~#\source\boot.o
 .comment       0x00000000       0x47 ..\obj\~#\~#\~#\source\com.o
 .comment       0x00000000       0x47 ..\obj\~#\~#\~#\source\cop.o
 .comment       0x00000000       0x47 ..\obj\~#\~#\~#\source\file.o
 .comment       0x00000000       0x47 ..\obj\~#\~#\~#\source\third_party\fatfs\src\ff.o
 .comment       0x00000000       0x47 ..\obj\~#\~#\~#\source\third_party\fatfs\src\option\unicode.o
 .comment       0x00000000       0x47 ..\obj\~#\~#\~#\source\xcp.o

.debug_info     0x00000000     0xc659
 .debug_info    0x00000000      0x99f ..\obj\hooks.o
 .debug_info    0x0000099f      0x2ce ..\obj\led.o
 .debug_info    0x00000c6d     0x13f5 ..\obj\lib\fatfs\mmc.o
 .debug_info    0x00002062      0x7e5 ..\obj\lib\spl\src\stm32f2xx_flash.o
 .debug_info    0x00002847      0x7e1 ..\obj\lib\spl\src\stm32f2xx_gpio.o
 .debug_info    0x00003028      0xc94 ..\obj\lib\spl\src\stm32f2xx_rcc.o
 .debug_info    0x00003cbc      0xb73 ..\obj\lib\spl\src\stm32f2xx_spi.o
 .debug_info    0x0000482f      0xb49 ..\obj\lib\spl\src\stm32f2xx_usart.o
 .debug_info    0x00005378      0x590 ..\obj\lib\system_stm32f2xx.o
 .debug_info    0x00005908      0x4ca ..\obj\main.o
 .debug_info    0x00005dd2      0x1d4 ..\obj\~#\~#\~#\source\armcm3_stm32f2\cpu.o
 .debug_info    0x00005fa6      0x88f ..\obj\~#\~#\~#\source\armcm3_stm32f2\flash.o
 .debug_info    0x00006835       0xa7 ..\obj\~#\~#\~#\source\armcm3_stm32f2\gcc\cstart.o
 .debug_info    0x000068dc      0x255 ..\obj\~#\~#\~#\source\armcm3_stm32f2\nvm.o
 .debug_info    0x00006b31      0x19b ..\obj\~#\~#\~#\source\armcm3_stm32f2\timer.o
 .debug_info    0x00006ccc      0x608 ..\obj\~#\~#\~#\source\armcm3_stm32f2\uart.o
 .debug_info    0x000072d4      0x102 ..\obj\~#\~#\~#\source\assert.o
 .debug_info    0x000073d6      0x146 ..\obj\~#\~#\~#\source\backdoor.o
 .debug_info    0x0000751c      0x14c ..\obj\~#\~#\~#\source\boot.o
 .debug_info    0x00007668      0x297 ..\obj\~#\~#\~#\source\com.o
 .debug_info    0x000078ff       0xbc ..\obj\~#\~#\~#\source\cop.o
 .debug_info    0x000079bb     0x1175 ..\obj\~#\~#\~#\source\file.o
 .debug_info    0x00008b30     0x3142 ..\obj\~#\~#\~#\source\third_party\fatfs\src\ff.o
 .debug_info    0x0000bc72      0x165 ..\obj\~#\~#\~#\source\third_party\fatfs\src\option\unicode.o
 .debug_info    0x0000bdd7      0x882 ..\obj\~#\~#\~#\source\xcp.o

.debug_abbrev   0x00000000     0x276f
 .debug_abbrev  0x00000000      0x29f ..\obj\hooks.o
 .debug_abbrev  0x0000029f      0x14a ..\obj\led.o
 .debug_abbrev  0x000003e9      0x31a ..\obj\lib\fatfs\mmc.o
 .debug_abbrev  0x00000703      0x1b5 ..\obj\lib\spl\src\stm32f2xx_flash.o
 .debug_abbrev  0x000008b8      0x1e8 ..\obj\lib\spl\src\stm32f2xx_gpio.o
 .debug_abbrev  0x00000aa0      0x20e ..\obj\lib\spl\src\stm32f2xx_rcc.o
 .debug_abbrev  0x00000cae      0x1f5 ..\obj\lib\spl\src\stm32f2xx_spi.o
 .debug_abbrev  0x00000ea3      0x1d2 ..\obj\lib\spl\src\stm32f2xx_usart.o
 .debug_abbrev  0x00001075      0x164 ..\obj\lib\system_stm32f2xx.o
 .debug_abbrev  0x000011d9      0x19b ..\obj\main.o
 .debug_abbrev  0x00001374       0xe9 ..\obj\~#\~#\~#\source\armcm3_stm32f2\cpu.o
 .debug_abbrev  0x0000145d      0x2fb ..\obj\~#\~#\~#\source\armcm3_stm32f2\flash.o
 .debug_abbrev  0x00001758       0x14 ..\obj\~#\~#\~#\source\armcm3_stm32f2\gcc\cstart.o
 .debug_abbrev  0x0000176c       0xf9 ..\obj\~#\~#\~#\source\armcm3_stm32f2\nvm.o
 .debug_abbrev  0x00001865      0x129 ..\obj\~#\~#\~#\source\armcm3_stm32f2\timer.o
 .debug_abbrev  0x0000198e      0x212 ..\obj\~#\~#\~#\source\armcm3_stm32f2\uart.o
 .debug_abbrev  0x00001ba0       0x9e ..\obj\~#\~#\~#\source\assert.o
 .debug_abbrev  0x00001c3e       0x92 ..\obj\~#\~#\~#\source\backdoor.o
 .debug_abbrev  0x00001cd0       0x63 ..\obj\~#\~#\~#\source\boot.o
 .debug_abbrev  0x00001d33      0x191 ..\obj\~#\~#\~#\source\com.o
 .debug_abbrev  0x00001ec4       0x63 ..\obj\~#\~#\~#\source\cop.o
 .debug_abbrev  0x00001f27      0x243 ..\obj\~#\~#\~#\source\file.o
 .debug_abbrev  0x0000216a      0x2f3 ..\obj\~#\~#\~#\source\third_party\fatfs\src\ff.o
 .debug_abbrev  0x0000245d       0xab ..\obj\~#\~#\~#\source\third_party\fatfs\src\option\unicode.o
 .debug_abbrev  0x00002508      0x267 ..\obj\~#\~#\~#\source\xcp.o

.debug_loc      0x00000000     0x9e57
 .debug_loc     0x00000000       0x6a ..\obj\hooks.o
 .debug_loc     0x0000006a     0x1030 ..\obj\lib\fatfs\mmc.o
 .debug_loc     0x0000109a      0x5a8 ..\obj\lib\spl\src\stm32f2xx_flash.o
 .debug_loc     0x00001642      0x2d2 ..\obj\lib\spl\src\stm32f2xx_gpio.o
 .debug_loc     0x00001914      0xa8a ..\obj\lib\spl\src\stm32f2xx_rcc.o
 .debug_loc     0x0000239e      0x577 ..\obj\lib\spl\src\stm32f2xx_spi.o
 .debug_loc     0x00002915      0x838 ..\obj\lib\spl\src\stm32f2xx_usart.o
 .debug_loc     0x0000314d      0x11f ..\obj\lib\system_stm32f2xx.o
 .debug_loc     0x0000326c       0xc1 ..\obj\~#\~#\~#\source\armcm3_stm32f2\cpu.o
 .debug_loc     0x0000332d      0x71d ..\obj\~#\~#\~#\source\armcm3_stm32f2\flash.o
 .debug_loc     0x00003a4a       0xa5 ..\obj\~#\~#\~#\source\armcm3_stm32f2\nvm.o
 .debug_loc     0x00003aef      0x133 ..\obj\~#\~#\~#\source\armcm3_stm32f2\uart.o
 .debug_loc     0x00003c22       0x42 ..\obj\~#\~#\~#\source\assert.o
 .debug_loc     0x00003c64       0x42 ..\obj\~#\~#\~#\source\com.o
 .debug_loc     0x00003ca6      0xb3c ..\obj\~#\~#\~#\source\file.o
 .debug_loc     0x000047e2     0x5160 ..\obj\~#\~#\~#\source\third_party\fatfs\src\ff.o
 .debug_loc     0x00009942      0x149 ..\obj\~#\~#\~#\source\third_party\fatfs\src\option\unicode.o
 .debug_loc     0x00009a8b      0x3cc ..\obj\~#\~#\~#\source\xcp.o

.debug_aranges  0x00000000      0xaf8
 .debug_aranges
                0x00000000       0x60 ..\obj\hooks.o
 .debug_aranges
                0x00000060       0x30 ..\obj\led.o
 .debug_aranges
                0x00000090       0x88 ..\obj\lib\fatfs\mmc.o
 .debug_aranges
                0x00000118      0x108 ..\obj\lib\spl\src\stm32f2xx_flash.o
 .debug_aranges
                0x00000220       0x88 ..\obj\lib\spl\src\stm32f2xx_gpio.o
 .debug_aranges
                0x000002a8      0x178 ..\obj\lib\spl\src\stm32f2xx_rcc.o
 .debug_aranges
                0x00000420       0xd8 ..\obj\lib\spl\src\stm32f2xx_spi.o
 .debug_aranges
                0x000004f8      0x100 ..\obj\lib\spl\src\stm32f2xx_usart.o
 .debug_aranges
                0x000005f8       0x28 ..\obj\lib\system_stm32f2xx.o
 .debug_aranges
                0x00000620       0x20 ..\obj\main.o
 .debug_aranges
                0x00000640       0x30 ..\obj\~#\~#\~#\source\armcm3_stm32f2\cpu.o
 .debug_aranges
                0x00000670       0x70 ..\obj\~#\~#\~#\source\armcm3_stm32f2\flash.o
 .debug_aranges
                0x000006e0       0x20 ..\obj\~#\~#\~#\source\armcm3_stm32f2\gcc\cstart.o
 .debug_aranges
                0x00000700       0x48 ..\obj\~#\~#\~#\source\armcm3_stm32f2\nvm.o
 .debug_aranges
                0x00000748       0x38 ..\obj\~#\~#\~#\source\armcm3_stm32f2\timer.o
 .debug_aranges
                0x00000780       0x40 ..\obj\~#\~#\~#\source\armcm3_stm32f2\uart.o
 .debug_aranges
                0x000007c0       0x20 ..\obj\~#\~#\~#\source\assert.o
 .debug_aranges
                0x000007e0       0x28 ..\obj\~#\~#\~#\source\backdoor.o
 .debug_aranges
                0x00000808       0x28 ..\obj\~#\~#\~#\source\boot.o
 .debug_aranges
                0x00000830       0x50 ..\obj\~#\~#\~#\source\com.o
 .debug_aranges
                0x00000880       0x28 ..\obj\~#\~#\~#\source\cop.o
 .debug_aranges
                0x000008a8       0x70 ..\obj\~#\~#\~#\source\file.o
 .debug_aranges
                0x00000918      0x178 ..\obj\~#\~#\~#\source\third_party\fatfs\src\ff.o
 .debug_aranges
                0x00000a90       0x28 ..\obj\~#\~#\~#\source\third_party\fatfs\src\option\unicode.o
 .debug_aranges
                0x00000ab8       0x40 ..\obj\~#\~#\~#\source\xcp.o

.debug_ranges   0x00000000      0xa08
 .debug_ranges  0x00000000       0x50 ..\obj\hooks.o
 .debug_ranges  0x00000050       0x20 ..\obj\led.o
 .debug_ranges  0x00000070       0x78 ..\obj\lib\fatfs\mmc.o
 .debug_ranges  0x000000e8       0xf8 ..\obj\lib\spl\src\stm32f2xx_flash.o
 .debug_ranges  0x000001e0       0x78 ..\obj\lib\spl\src\stm32f2xx_gpio.o
 .debug_ranges  0x00000258      0x168 ..\obj\lib\spl\src\stm32f2xx_rcc.o
 .debug_ranges  0x000003c0       0xc8 ..\obj\lib\spl\src\stm32f2xx_spi.o
 .debug_ranges  0x00000488       0xf0 ..\obj\lib\spl\src\stm32f2xx_usart.o
 .debug_ranges  0x00000578       0x18 ..\obj\lib\system_stm32f2xx.o
 .debug_ranges  0x00000590       0x10 ..\obj\main.o
 .debug_ranges  0x000005a0       0x20 ..\obj\~#\~#\~#\source\armcm3_stm32f2\cpu.o
 .debug_ranges  0x000005c0       0x78 ..\obj\~#\~#\~#\source\armcm3_stm32f2\flash.o
 .debug_ranges  0x00000638       0x38 ..\obj\~#\~#\~#\source\armcm3_stm32f2\nvm.o
 .debug_ranges  0x00000670       0x28 ..\obj\~#\~#\~#\source\armcm3_stm32f2\timer.o
 .debug_ranges  0x00000698       0x30 ..\obj\~#\~#\~#\source\armcm3_stm32f2\uart.o
 .debug_ranges  0x000006c8       0x10 ..\obj\~#\~#\~#\source\assert.o
 .debug_ranges  0x000006d8       0x18 ..\obj\~#\~#\~#\source\backdoor.o
 .debug_ranges  0x000006f0       0x18 ..\obj\~#\~#\~#\source\boot.o
 .debug_ranges  0x00000708       0x40 ..\obj\~#\~#\~#\source\com.o
 .debug_ranges  0x00000748       0x18 ..\obj\~#\~#\~#\source\cop.o
 .debug_ranges  0x00000760       0x78 ..\obj\~#\~#\~#\source\file.o
 .debug_ranges  0x000007d8      0x1e8 ..\obj\~#\~#\~#\source\third_party\fatfs\src\ff.o
 .debug_ranges  0x000009c0       0x18 ..\obj\~#\~#\~#\source\third_party\fatfs\src\option\unicode.o
 .debug_ranges  0x000009d8       0x30 ..\obj\~#\~#\~#\source\xcp.o

.debug_macro    0x00000000    0x1104c
 .debug_macro   0x00000000      0x239 ..\obj\hooks.o
 .debug_macro   0x00000239      0x862 ..\obj\hooks.o
 .debug_macro   0x00000a9b       0x1c ..\obj\hooks.o
 .debug_macro   0x00000ab7       0x1c ..\obj\hooks.o
 .debug_macro   0x00000ad3       0x22 ..\obj\hooks.o
 .debug_macro   0x00000af5       0x87 ..\obj\hooks.o
 .debug_macro   0x00000b7c       0x49 ..\obj\hooks.o
 .debug_macro   0x00000bc5       0x1c ..\obj\hooks.o
 .debug_macro   0x00000be1       0x97 ..\obj\hooks.o
 .debug_macro   0x00000c78       0xee ..\obj\hooks.o
 .debug_macro   0x00000d66       0x40 ..\obj\hooks.o
 .debug_macro   0x00000da6       0x9f ..\obj\hooks.o
 .debug_macro   0x00000e45       0x28 ..\obj\hooks.o
 .debug_macro   0x00000e6d       0x4c ..\obj\hooks.o
 .debug_macro   0x00000eb9       0x3a ..\obj\hooks.o
 .debug_macro   0x00000ef3       0x16 ..\obj\hooks.o
 .debug_macro   0x00000f09       0x44 ..\obj\hooks.o
 .debug_macro   0x00000f4d      0x209 ..\obj\hooks.o
 .debug_macro   0x00001156       0x18 ..\obj\hooks.o
 .debug_macro   0x0000116e      0xb08 ..\obj\hooks.o
 .debug_macro   0x00001c76     0x7f1c ..\obj\hooks.o
 .debug_macro   0x00009b92      0x44f ..\obj\hooks.o
 .debug_macro   0x00009fe1      0x3cf ..\obj\hooks.o
 .debug_macro   0x0000a3b0      0x111 ..\obj\hooks.o
 .debug_macro   0x0000a4c1      0x188 ..\obj\hooks.o
 .debug_macro   0x0000a649       0xb2 ..\obj\hooks.o
 .debug_macro   0x0000a6fb      0x149 ..\obj\hooks.o
 .debug_macro   0x0000a844      0x477 ..\obj\hooks.o
 .debug_macro   0x0000acbb       0xae ..\obj\hooks.o
 .debug_macro   0x0000ad69      0x242 ..\obj\hooks.o
 .debug_macro   0x0000afab      0x279 ..\obj\hooks.o
 .debug_macro   0x0000b224       0xb5 ..\obj\hooks.o
 .debug_macro   0x0000b2d9      0x25e ..\obj\hooks.o
 .debug_macro   0x0000b537      0x2b3 ..\obj\hooks.o
 .debug_macro   0x0000b7ea       0x64 ..\obj\hooks.o
 .debug_macro   0x0000b84e       0x88 ..\obj\hooks.o
 .debug_macro   0x0000b8d6      0x536 ..\obj\hooks.o
 .debug_macro   0x0000be0c       0x40 ..\obj\hooks.o
 .debug_macro   0x0000be4c      0x3f3 ..\obj\hooks.o
 .debug_macro   0x0000c23f      0x342 ..\obj\hooks.o
 .debug_macro   0x0000c581      0x357 ..\obj\hooks.o
 .debug_macro   0x0000c8d8       0xe1 ..\obj\hooks.o
 .debug_macro   0x0000c9b9      0x73b ..\obj\hooks.o
 .debug_macro   0x0000d0f4      0x221 ..\obj\hooks.o
 .debug_macro   0x0000d315       0x34 ..\obj\hooks.o
 .debug_macro   0x0000d349       0x82 ..\obj\hooks.o
 .debug_macro   0x0000d3cb       0x35 ..\obj\hooks.o
 .debug_macro   0x0000d400      0x239 ..\obj\led.o
 .debug_macro   0x0000d639      0x228 ..\obj\lib\fatfs\mmc.o
 .debug_macro   0x0000d861       0x16 ..\obj\lib\fatfs\mmc.o
 .debug_macro   0x0000d877       0x9a ..\obj\lib\fatfs\mmc.o
 .debug_macro   0x0000d911      0x198 ..\obj\lib\spl\src\stm32f2xx_flash.o
 .debug_macro   0x0000daa9      0x23c ..\obj\lib\spl\src\stm32f2xx_flash.o
 .debug_macro   0x0000dce5      0x192 ..\obj\lib\spl\src\stm32f2xx_gpio.o
 .debug_macro   0x0000de77      0x258 ..\obj\lib\spl\src\stm32f2xx_gpio.o
 .debug_macro   0x0000e0cf      0x23b ..\obj\lib\spl\src\stm32f2xx_rcc.o
 .debug_macro   0x0000e30a      0x530 ..\obj\lib\spl\src\stm32f2xx_rcc.o
 .debug_macro   0x0000e83a      0x1bc ..\obj\lib\spl\src\stm32f2xx_spi.o
 .debug_macro   0x0000e9f6      0x351 ..\obj\lib\spl\src\stm32f2xx_spi.o
 .debug_macro   0x0000ed47      0x1aa ..\obj\lib\spl\src\stm32f2xx_usart.o
 .debug_macro   0x0000eef1      0x21b ..\obj\lib\spl\src\stm32f2xx_usart.o
 .debug_macro   0x0000f10c      0x1ab ..\obj\lib\system_stm32f2xx.o
 .debug_macro   0x0000f2b7      0x22f ..\obj\main.o
 .debug_macro   0x0000f4e6       0xca ..\obj\~#\~#\~#\source\armcm3_stm32f2\cpu.o
 .debug_macro   0x0000f5b0      0x24d ..\obj\~#\~#\~#\source\armcm3_stm32f2\flash.o
 .debug_macro   0x0000f7fd       0xc2 ..\obj\~#\~#\~#\source\armcm3_stm32f2\nvm.o
 .debug_macro   0x0000f8bf      0x22f ..\obj\~#\~#\~#\source\armcm3_stm32f2\timer.o
 .debug_macro   0x0000faee      0x23b ..\obj\~#\~#\~#\source\armcm3_stm32f2\uart.o
 .debug_macro   0x0000fd29       0xb8 ..\obj\~#\~#\~#\source\assert.o
 .debug_macro   0x0000fde1       0xbe ..\obj\~#\~#\~#\source\backdoor.o
 .debug_macro   0x0000fe9f       0xb8 ..\obj\~#\~#\~#\source\boot.o
 .debug_macro   0x0000ff57       0xc2 ..\obj\~#\~#\~#\source\com.o
 .debug_macro   0x00010019       0xb8 ..\obj\~#\~#\~#\source\cop.o
 .debug_macro   0x000100d1      0x180 ..\obj\~#\~#\~#\source\file.o
 .debug_macro   0x00010251       0x58 ..\obj\~#\~#\~#\source\file.o
 .debug_macro   0x000102a9       0x35 ..\obj\~#\~#\~#\source\file.o
 .debug_macro   0x000102de       0xa2 ..\obj\~#\~#\~#\source\file.o
 .debug_macro   0x00010380      0x166 ..\obj\~#\~#\~#\source\file.o
 .debug_macro   0x000104e6       0x4a ..\obj\~#\~#\~#\source\file.o
 .debug_macro   0x00010530       0x52 ..\obj\~#\~#\~#\source\file.o
 .debug_macro   0x00010582       0x16 ..\obj\~#\~#\~#\source\file.o
 .debug_macro   0x00010598       0x43 ..\obj\~#\~#\~#\source\file.o
 .debug_macro   0x000105db      0x180 ..\obj\~#\~#\~#\source\file.o
 .debug_macro   0x0001075b      0x2a6 ..\obj\~#\~#\~#\source\file.o
 .debug_macro   0x00010a01       0x10 ..\obj\~#\~#\~#\source\file.o
 .debug_macro   0x00010a11       0x35 ..\obj\~#\~#\~#\source\file.o
 .debug_macro   0x00010a46       0x1f ..\obj\~#\~#\~#\source\file.o
 .debug_macro   0x00010a65       0xac ..\obj\~#\~#\~#\source\file.o
 .debug_macro   0x00010b11      0x27c ..\obj\~#\~#\~#\source\third_party\fatfs\src\ff.o
 .debug_macro   0x00010d8d       0xac ..\obj\~#\~#\~#\source\third_party\fatfs\src\ff.o
 .debug_macro   0x00010e39       0x58 ..\obj\~#\~#\~#\source\third_party\fatfs\src\ff.o
 .debug_macro   0x00010e91       0x3d ..\obj\~#\~#\~#\source\third_party\fatfs\src\option\unicode.o
 .debug_macro   0x00010ece      0x17e ..\obj\~#\~#\~#\source\xcp.o

.debug_line     0x00000000     0x7354
 .debug_line    0x00000000      0x623 ..\obj\hooks.o
 .debug_line    0x00000623      0x588 ..\obj\led.o
 .debug_line    0x00000bab      0x775 ..\obj\lib\fatfs\mmc.o
 .debug_line    0x00001320      0x6b5 ..\obj\lib\spl\src\stm32f2xx_flash.o
 .debug_line    0x000019d5      0x57a ..\obj\lib\spl\src\stm32f2xx_gpio.o
 .debug_line    0x00001f4f      0x7ae ..\obj\lib\spl\src\stm32f2xx_rcc.o
 .debug_line    0x000026fd      0x65e ..\obj\lib\spl\src\stm32f2xx_spi.o
 .debug_line    0x00002d5b      0x6b8 ..\obj\lib\spl\src\stm32f2xx_usart.o
 .debug_line    0x00003413      0x491 ..\obj\lib\system_stm32f2xx.o
 .debug_line    0x000038a4      0x57b ..\obj\main.o
 .debug_line    0x00003e1f      0x182 ..\obj\~#\~#\~#\source\armcm3_stm32f2\cpu.o
 .debug_line    0x00003fa1      0x6d4 ..\obj\~#\~#\~#\source\armcm3_stm32f2\flash.o
 .debug_line    0x00004675       0xea ..\obj\~#\~#\~#\source\armcm3_stm32f2\gcc\cstart.o
 .debug_line    0x0000475f      0x1c4 ..\obj\~#\~#\~#\source\armcm3_stm32f2\nvm.o
 .debug_line    0x00004923      0x592 ..\obj\~#\~#\~#\source\armcm3_stm32f2\timer.o
 .debug_line    0x00004eb5      0x5ea ..\obj\~#\~#\~#\source\armcm3_stm32f2\uart.o
 .debug_line    0x0000549f      0x15f ..\obj\~#\~#\~#\source\assert.o
 .debug_line    0x000055fe      0x179 ..\obj\~#\~#\~#\source\backdoor.o
 .debug_line    0x00005777      0x171 ..\obj\~#\~#\~#\source\boot.o
 .debug_line    0x000058e8      0x1dd ..\obj\~#\~#\~#\source\com.o
 .debug_line    0x00005ac5      0x166 ..\obj\~#\~#\~#\source\cop.o
 .debug_line    0x00005c2b      0x5d3 ..\obj\~#\~#\~#\source\file.o
 .debug_line    0x000061fe      0xde9 ..\obj\~#\~#\~#\source\third_party\fatfs\src\ff.o
 .debug_line    0x00006fe7      0x11e ..\obj\~#\~#\~#\source\third_party\fatfs\src\option\unicode.o
 .debug_line    0x00007105      0x24f ..\obj\~#\~#\~#\source\xcp.o

.debug_str      0x00000000    0x5ba4c
 .debug_str     0x00000000    0x5554a ..\obj\hooks.o
                              0x5571a (size before relaxing)
 .debug_str     0x0005554a       0x59 ..\obj\led.o
                              0x552fa (size before relaxing)
 .debug_str     0x000555a3      0x705 ..\obj\lib\fatfs\mmc.o
                              0x54b01 (size before relaxing)
 .debug_str     0x00055ca8      0x3d7 ..\obj\lib\spl\src\stm32f2xx_flash.o
                              0x546ec (size before relaxing)
 .debug_str     0x0005607f      0x131 ..\obj\lib\spl\src\stm32f2xx_gpio.o
                              0x54601 (size before relaxing)
 .debug_str     0x000561b0      0xa9b ..\obj\lib\spl\src\stm32f2xx_rcc.o
                              0x54e5b (size before relaxing)
 .debug_str     0x00056c4b      0x2cb ..\obj\lib\spl\src\stm32f2xx_spi.o
                              0x548ac (size before relaxing)
 .debug_str     0x00056f16      0x4f4 ..\obj\lib\spl\src\stm32f2xx_usart.o
                              0x5492a (size before relaxing)
 .debug_str     0x0005740a       0xfc ..\obj\lib\system_stm32f2xx.o
                              0x5450b (size before relaxing)
 .debug_str     0x00057506       0x1c ..\obj\main.o
                              0x55459 (size before relaxing)
 .debug_str     0x00057522      0x19f ..\obj\~#\~#\~#\source\armcm3_stm32f2\cpu.o
                               0x3561 (size before relaxing)
 .debug_str     0x000576c1      0x2a4 ..\obj\~#\~#\~#\source\armcm3_stm32f2\flash.o
                              0x55626 (size before relaxing)
 .debug_str     0x00057965       0x4a ..\obj\~#\~#\~#\source\armcm3_stm32f2\nvm.o
                               0x349e (size before relaxing)
 .debug_str     0x000579af       0x71 ..\obj\~#\~#\~#\source\armcm3_stm32f2\timer.o
                              0x5528e (size before relaxing)
 .debug_str     0x00057a20      0x123 ..\obj\~#\~#\~#\source\armcm3_stm32f2\uart.o
                              0x554e1 (size before relaxing)
 .debug_str     0x00057b43       0x44 ..\obj\~#\~#\~#\source\assert.o
                               0x33fc (size before relaxing)
 .debug_str     0x00057b87       0xb1 ..\obj\~#\~#\~#\source\backdoor.o
                               0x3463 (size before relaxing)
 .debug_str     0x00057c38       0x44 ..\obj\~#\~#\~#\source\boot.o
                               0x341b (size before relaxing)
 .debug_str     0x00057c7c      0x10a ..\obj\~#\~#\~#\source\com.o
                               0x351a (size before relaxing)
 .debug_str     0x00057d86       0x19 ..\obj\~#\~#\~#\source\cop.o
                               0x33c8 (size before relaxing)
 .debug_str     0x00057d9f     0x2bd8 ..\obj\~#\~#\~#\source\file.o
                               0x653e (size before relaxing)
 .debug_str     0x0005a977      0xb5d ..\obj\~#\~#\~#\source\third_party\fatfs\src\ff.o
                               0x39de (size before relaxing)
 .debug_str     0x0005b4d4       0x58 ..\obj\~#\~#\~#\source\third_party\fatfs\src\option\unicode.o
                               0x29bd (size before relaxing)
 .debug_str     0x0005b52c      0x520 ..\obj\~#\~#\~#\source\xcp.o
                               0x39cb (size before relaxing)

.debug_frame    0x00000000     0x197c
 .debug_frame   0x00000000       0xe8 ..\obj\hooks.o
 .debug_frame   0x000000e8       0x50 ..\obj\led.o
 .debug_frame   0x00000138      0x180 ..\obj\lib\fatfs\mmc.o
 .debug_frame   0x000002b8      0x268 ..\obj\lib\spl\src\stm32f2xx_flash.o
 .debug_frame   0x00000520      0x110 ..\obj\lib\spl\src\stm32f2xx_gpio.o
 .debug_frame   0x00000630      0x2ec ..\obj\lib\spl\src\stm32f2xx_rcc.o
 .debug_frame   0x0000091c      0x1b4 ..\obj\lib\spl\src\stm32f2xx_spi.o
 .debug_frame   0x00000ad0      0x20c ..\obj\lib\spl\src\stm32f2xx_usart.o
 .debug_frame   0x00000cdc       0x34 ..\obj\lib\system_stm32f2xx.o
 .debug_frame   0x00000d10       0x2c ..\obj\main.o
 .debug_frame   0x00000d3c       0x5c ..\obj\~#\~#\~#\source\armcm3_stm32f2\cpu.o
 .debug_frame   0x00000d98      0x12c ..\obj\~#\~#\~#\source\armcm3_stm32f2\flash.o
 .debug_frame   0x00000ec4       0xa0 ..\obj\~#\~#\~#\source\armcm3_stm32f2\nvm.o
 .debug_frame   0x00000f64       0x58 ..\obj\~#\~#\~#\source\armcm3_stm32f2\timer.o
 .debug_frame   0x00000fbc       0x9c ..\obj\~#\~#\~#\source\armcm3_stm32f2\uart.o
 .debug_frame   0x00001058       0x28 ..\obj\~#\~#\~#\source\assert.o
 .debug_frame   0x00001080       0x40 ..\obj\~#\~#\~#\source\backdoor.o
 .debug_frame   0x000010c0       0x40 ..\obj\~#\~#\~#\source\boot.o
 .debug_frame   0x00001100       0xa0 ..\obj\~#\~#\~#\source\com.o
 .debug_frame   0x000011a0       0x40 ..\obj\~#\~#\~#\source\cop.o
 .debug_frame   0x000011e0      0x118 ..\obj\~#\~#\~#\source\file.o
 .debug_frame   0x000012f8      0x554 ..\obj\~#\~#\~#\source\third_party\fatfs\src\ff.o
 .debug_frame   0x0000184c       0x30 ..\obj\~#\~#\~#\source\third_party\fatfs\src\option\unicode.o
 .debug_frame   0x0000187c       0x6c ..\obj\~#\~#\~#\source\xcp.o
 .debug_frame   0x000018e8       0x28 c:/program files (x86)/embitz/0.42/share/em_armgcc/bin/../lib/gcc/arm-none-eabi/4.8.4/../../../../arm-none-eabi/lib/armv7-m\libg_n.a(lib_a-exit.o)
 .debug_frame   0x00001910       0x2c c:/program files (x86)/embitz/0.42/share/em_armgcc/bin/../lib/gcc/arm-none-eabi/4.8.4/../../../../arm-none-eabi/lib/armv7-m\libg_n.a(lib_a-init.o)
 .debug_frame   0x0000193c       0x20 c:/program files (x86)/embitz/0.42/share/em_armgcc/bin/../lib/gcc/arm-none-eabi/4.8.4/../../../../arm-none-eabi/lib/armv7-m\libg_n.a(lib_a-memset.o)
 .debug_frame   0x0000195c       0x20 c:/program files (x86)/embitz/0.42/share/em_armgcc/bin/../lib/gcc/arm-none-eabi/4.8.4/../../../../arm-none-eabi/lib/armv7-m\libnosys_s.a(_exit.o)
