
**** Build of configuration bin for project Boot ****

cs-make all 
Building file: ../lib/CMSIS/CM3/DeviceSupport/ST/STM32F10x/system_stm32f10x.c
Invoking: ARM Sourcery Windows GCC C Compiler
arm-none-eabi-gcc -DGCC_ARMCM3 -DSTM32F10X_MD -I"D:\usr\feaser\software\OpenBLT\Target\Source" -I"D:\usr\feaser\software\OpenBLT\Target\Source\ARMCM3_STM32" -I"D:\usr\feaser\software\OpenBLT\Target\Source\ARMCM3_STM32\GCC" -I"D:\usr\feaser\software\OpenBLT\Target\Demo\ARMCM3_STM32_Olimex_STM32P103_GCC_Eclipse\Boot" -I"D:\usr\feaser\software\OpenBLT\Target\Demo\ARMCM3_STM32_Olimex_STM32P103_GCC_Eclipse\Boot\lib\CMSIS\CM3\CoreSupport" -I"D:\usr\feaser\software\OpenBLT\Target\Demo\ARMCM3_STM32_Olimex_STM32P103_GCC_Eclipse\Boot\lib\CMSIS\CM3\DeviceSupport\ST\STM32F10x" -O1 -Wall -Wa,-adhlns="lib/CMSIS/CM3/DeviceSupport/ST/STM32F10x/system_stm32f10x.o.lst" -c -fmessage-length=0 -MMD -MP -MF"lib/CMSIS/CM3/DeviceSupport/ST/STM32F10x/system_stm32f10x.d" -MT"lib/CMSIS/CM3/DeviceSupport/ST/STM32F10x/system_stm32f10x.d" -mcpu=cortex-m3 -mthumb -g3 -gdwarf-2 -o "lib/CMSIS/CM3/DeviceSupport/ST/STM32F10x/system_stm32f10x.o" "../lib/CMSIS/CM3/DeviceSupport/ST/STM32F10x/system_stm32f10x.c"
Finished building: ../lib/CMSIS/CM3/DeviceSupport/ST/STM32F10x/system_stm32f10x.c
 
Building file: ../lib/CMSIS/CM3/CoreSupport/core_cm3.c
Invoking: ARM Sourcery Windows GCC C Compiler
arm-none-eabi-gcc -DGCC_ARMCM3 -DSTM32F10X_MD -I"D:\usr\feaser\software\OpenBLT\Target\Source" -I"D:\usr\feaser\software\OpenBLT\Target\Source\ARMCM3_STM32" -I"D:\usr\feaser\software\OpenBLT\Target\Source\ARMCM3_STM32\GCC" -I"D:\usr\feaser\software\OpenBLT\Target\Demo\ARMCM3_STM32_Olimex_STM32P103_GCC_Eclipse\Boot" -I"D:\usr\feaser\software\OpenBLT\Target\Demo\ARMCM3_STM32_Olimex_STM32P103_GCC_Eclipse\Boot\lib\CMSIS\CM3\CoreSupport" -I"D:\usr\feaser\software\OpenBLT\Target\Demo\ARMCM3_STM32_Olimex_STM32P103_GCC_Eclipse\Boot\lib\CMSIS\CM3\DeviceSupport\ST\STM32F10x" -O1 -Wall -Wa,-adhlns="lib/CMSIS/CM3/CoreSupport/core_cm3.o.lst" -c -fmessage-length=0 -MMD -MP -MF"lib/CMSIS/CM3/CoreSupport/core_cm3.d" -MT"lib/CMSIS/CM3/CoreSupport/core_cm3.d" -mcpu=cortex-m3 -mthumb -g3 -gdwarf-2 -o "lib/CMSIS/CM3/CoreSupport/core_cm3.o" "../lib/CMSIS/CM3/CoreSupport/core_cm3.c"
Finished building: ../lib/CMSIS/CM3/CoreSupport/core_cm3.c
 
Building file: D:/usr/feaser/software/OpenBLT/Target/Source/ARMCM3_STM32/GCC/cstart.c
Invoking: ARM Sourcery Windows GCC C Compiler
arm-none-eabi-gcc -DGCC_ARMCM3 -DSTM32F10X_MD -I"D:\usr\feaser\software\OpenBLT\Target\Source" -I"D:\usr\feaser\software\OpenBLT\Target\Source\ARMCM3_STM32" -I"D:\usr\feaser\software\OpenBLT\Target\Source\ARMCM3_STM32\GCC" -I"D:\usr\feaser\software\OpenBLT\Target\Demo\ARMCM3_STM32_Olimex_STM32P103_GCC_Eclipse\Boot" -I"D:\usr\feaser\software\OpenBLT\Target\Demo\ARMCM3_STM32_Olimex_STM32P103_GCC_Eclipse\Boot\lib\CMSIS\CM3\CoreSupport" -I"D:\usr\feaser\software\OpenBLT\Target\Demo\ARMCM3_STM32_Olimex_STM32P103_GCC_Eclipse\Boot\lib\CMSIS\CM3\DeviceSupport\ST\STM32F10x" -O1 -Wall -Wa,-adhlns="Source/ARMCM3_STM32/GCC/cstart.o.lst" -c -fmessage-length=0 -MMD -MP -MF"Source/ARMCM3_STM32/GCC/cstart.d" -MT"Source/ARMCM3_STM32/GCC/cstart.d" -mcpu=cortex-m3 -mthumb -g3 -gdwarf-2 -o "Source/ARMCM3_STM32/GCC/cstart.o" "D:/usr/feaser/software/OpenBLT/Target/Source/ARMCM3_STM32/GCC/cstart.c"
Finished building: D:/usr/feaser/software/OpenBLT/Target/Source/ARMCM3_STM32/GCC/cstart.c
 
Building file: D:/usr/feaser/software/OpenBLT/Target/Source/ARMCM3_STM32/GCC/vectors.c
Invoking: ARM Sourcery Windows GCC C Compiler
arm-none-eabi-gcc -DGCC_ARMCM3 -DSTM32F10X_MD -I"D:\usr\feaser\software\OpenBLT\Target\Source" -I"D:\usr\feaser\software\OpenBLT\Target\Source\ARMCM3_STM32" -I"D:\usr\feaser\software\OpenBLT\Target\Source\ARMCM3_STM32\GCC" -I"D:\usr\feaser\software\OpenBLT\Target\Demo\ARMCM3_STM32_Olimex_STM32P103_GCC_Eclipse\Boot" -I"D:\usr\feaser\software\OpenBLT\Target\Demo\ARMCM3_STM32_Olimex_STM32P103_GCC_Eclipse\Boot\lib\CMSIS\CM3\CoreSupport" -I"D:\usr\feaser\software\OpenBLT\Target\Demo\ARMCM3_STM32_Olimex_STM32P103_GCC_Eclipse\Boot\lib\CMSIS\CM3\DeviceSupport\ST\STM32F10x" -O1 -Wall -Wa,-adhlns="Source/ARMCM3_STM32/GCC/vectors.o.lst" -c -fmessage-length=0 -MMD -MP -MF"Source/ARMCM3_STM32/GCC/vectors.d" -MT"Source/ARMCM3_STM32/GCC/vectors.d" -mcpu=cortex-m3 -mthumb -g3 -gdwarf-2 -o "Source/ARMCM3_STM32/GCC/vectors.o" "D:/usr/feaser/software/OpenBLT/Target/Source/ARMCM3_STM32/GCC/vectors.c"
Finished building: D:/usr/feaser/software/OpenBLT/Target/Source/ARMCM3_STM32/GCC/vectors.c
 
Building file: D:/usr/feaser/software/OpenBLT/Target/Source/ARMCM3_STM32/can.c
Invoking: ARM Sourcery Windows GCC C Compiler
arm-none-eabi-gcc -DGCC_ARMCM3 -DSTM32F10X_MD -I"D:\usr\feaser\software\OpenBLT\Target\Source" -I"D:\usr\feaser\software\OpenBLT\Target\Source\ARMCM3_STM32" -I"D:\usr\feaser\software\OpenBLT\Target\Source\ARMCM3_STM32\GCC" -I"D:\usr\feaser\software\OpenBLT\Target\Demo\ARMCM3_STM32_Olimex_STM32P103_GCC_Eclipse\Boot" -I"D:\usr\feaser\software\OpenBLT\Target\Demo\ARMCM3_STM32_Olimex_STM32P103_GCC_Eclipse\Boot\lib\CMSIS\CM3\CoreSupport" -I"D:\usr\feaser\software\OpenBLT\Target\Demo\ARMCM3_STM32_Olimex_STM32P103_GCC_Eclipse\Boot\lib\CMSIS\CM3\DeviceSupport\ST\STM32F10x" -O1 -Wall -Wa,-adhlns="Source/ARMCM3_STM32/can.o.lst" -c -fmessage-length=0 -MMD -MP -MF"Source/ARMCM3_STM32/can.d" -MT"Source/ARMCM3_STM32/can.d" -mcpu=cortex-m3 -mthumb -g3 -gdwarf-2 -o "Source/ARMCM3_STM32/can.o" "D:/usr/feaser/software/OpenBLT/Target/Source/ARMCM3_STM32/can.c"
Finished building: D:/usr/feaser/software/OpenBLT/Target/Source/ARMCM3_STM32/can.c
 
Building file: D:/usr/feaser/software/OpenBLT/Target/Source/ARMCM3_STM32/cpu.c
Invoking: ARM Sourcery Windows GCC C Compiler
arm-none-eabi-gcc -DGCC_ARMCM3 -DSTM32F10X_MD -I"D:\usr\feaser\software\OpenBLT\Target\Source" -I"D:\usr\feaser\software\OpenBLT\Target\Source\ARMCM3_STM32" -I"D:\usr\feaser\software\OpenBLT\Target\Source\ARMCM3_STM32\GCC" -I"D:\usr\feaser\software\OpenBLT\Target\Demo\ARMCM3_STM32_Olimex_STM32P103_GCC_Eclipse\Boot" -I"D:\usr\feaser\software\OpenBLT\Target\Demo\ARMCM3_STM32_Olimex_STM32P103_GCC_Eclipse\Boot\lib\CMSIS\CM3\CoreSupport" -I"D:\usr\feaser\software\OpenBLT\Target\Demo\ARMCM3_STM32_Olimex_STM32P103_GCC_Eclipse\Boot\lib\CMSIS\CM3\DeviceSupport\ST\STM32F10x" -O1 -Wall -Wa,-adhlns="Source/ARMCM3_STM32/cpu.o.lst" -c -fmessage-length=0 -MMD -MP -MF"Source/ARMCM3_STM32/cpu.d" -MT"Source/ARMCM3_STM32/cpu.d" -mcpu=cortex-m3 -mthumb -g3 -gdwarf-2 -o "Source/ARMCM3_STM32/cpu.o" "D:/usr/feaser/software/OpenBLT/Target/Source/ARMCM3_STM32/cpu.c"
Finished building: D:/usr/feaser/software/OpenBLT/Target/Source/ARMCM3_STM32/cpu.c
 
Building file: D:/usr/feaser/software/OpenBLT/Target/Source/ARMCM3_STM32/flash.c
Invoking: ARM Sourcery Windows GCC C Compiler
arm-none-eabi-gcc -DGCC_ARMCM3 -DSTM32F10X_MD -I"D:\usr\feaser\software\OpenBLT\Target\Source" -I"D:\usr\feaser\software\OpenBLT\Target\Source\ARMCM3_STM32" -I"D:\usr\feaser\software\OpenBLT\Target\Source\ARMCM3_STM32\GCC" -I"D:\usr\feaser\software\OpenBLT\Target\Demo\ARMCM3_STM32_Olimex_STM32P103_GCC_Eclipse\Boot" -I"D:\usr\feaser\software\OpenBLT\Target\Demo\ARMCM3_STM32_Olimex_STM32P103_GCC_Eclipse\Boot\lib\CMSIS\CM3\CoreSupport" -I"D:\usr\feaser\software\OpenBLT\Target\Demo\ARMCM3_STM32_Olimex_STM32P103_GCC_Eclipse\Boot\lib\CMSIS\CM3\DeviceSupport\ST\STM32F10x" -O1 -Wall -Wa,-adhlns="Source/ARMCM3_STM32/flash.o.lst" -c -fmessage-length=0 -MMD -MP -MF"Source/ARMCM3_STM32/flash.d" -MT"Source/ARMCM3_STM32/flash.d" -mcpu=cortex-m3 -mthumb -g3 -gdwarf-2 -o "Source/ARMCM3_STM32/flash.o" "D:/usr/feaser/software/OpenBLT/Target/Source/ARMCM3_STM32/flash.c"
Finished building: D:/usr/feaser/software/OpenBLT/Target/Source/ARMCM3_STM32/flash.c
 
Building file: D:/usr/feaser/software/OpenBLT/Target/Source/ARMCM3_STM32/nvm.c
Invoking: ARM Sourcery Windows GCC C Compiler
arm-none-eabi-gcc -DGCC_ARMCM3 -DSTM32F10X_MD -I"D:\usr\feaser\software\OpenBLT\Target\Source" -I"D:\usr\feaser\software\OpenBLT\Target\Source\ARMCM3_STM32" -I"D:\usr\feaser\software\OpenBLT\Target\Source\ARMCM3_STM32\GCC" -I"D:\usr\feaser\software\OpenBLT\Target\Demo\ARMCM3_STM32_Olimex_STM32P103_GCC_Eclipse\Boot" -I"D:\usr\feaser\software\OpenBLT\Target\Demo\ARMCM3_STM32_Olimex_STM32P103_GCC_Eclipse\Boot\lib\CMSIS\CM3\CoreSupport" -I"D:\usr\feaser\software\OpenBLT\Target\Demo\ARMCM3_STM32_Olimex_STM32P103_GCC_Eclipse\Boot\lib\CMSIS\CM3\DeviceSupport\ST\STM32F10x" -O1 -Wall -Wa,-adhlns="Source/ARMCM3_STM32/nvm.o.lst" -c -fmessage-length=0 -MMD -MP -MF"Source/ARMCM3_STM32/nvm.d" -MT"Source/ARMCM3_STM32/nvm.d" -mcpu=cortex-m3 -mthumb -g3 -gdwarf-2 -o "Source/ARMCM3_STM32/nvm.o" "D:/usr/feaser/software/OpenBLT/Target/Source/ARMCM3_STM32/nvm.c"
Finished building: D:/usr/feaser/software/OpenBLT/Target/Source/ARMCM3_STM32/nvm.c
 
Building file: D:/usr/feaser/software/OpenBLT/Target/Source/ARMCM3_STM32/timer.c
Invoking: ARM Sourcery Windows GCC C Compiler
arm-none-eabi-gcc -DGCC_ARMCM3 -DSTM32F10X_MD -I"D:\usr\feaser\software\OpenBLT\Target\Source" -I"D:\usr\feaser\software\OpenBLT\Target\Source\ARMCM3_STM32" -I"D:\usr\feaser\software\OpenBLT\Target\Source\ARMCM3_STM32\GCC" -I"D:\usr\feaser\software\OpenBLT\Target\Demo\ARMCM3_STM32_Olimex_STM32P103_GCC_Eclipse\Boot" -I"D:\usr\feaser\software\OpenBLT\Target\Demo\ARMCM3_STM32_Olimex_STM32P103_GCC_Eclipse\Boot\lib\CMSIS\CM3\CoreSupport" -I"D:\usr\feaser\software\OpenBLT\Target\Demo\ARMCM3_STM32_Olimex_STM32P103_GCC_Eclipse\Boot\lib\CMSIS\CM3\DeviceSupport\ST\STM32F10x" -O1 -Wall -Wa,-adhlns="Source/ARMCM3_STM32/timer.o.lst" -c -fmessage-length=0 -MMD -MP -MF"Source/ARMCM3_STM32/timer.d" -MT"Source/ARMCM3_STM32/timer.d" -mcpu=cortex-m3 -mthumb -g3 -gdwarf-2 -o "Source/ARMCM3_STM32/timer.o" "D:/usr/feaser/software/OpenBLT/Target/Source/ARMCM3_STM32/timer.c"
Finished building: D:/usr/feaser/software/OpenBLT/Target/Source/ARMCM3_STM32/timer.c
 
Building file: D:/usr/feaser/software/OpenBLT/Target/Source/ARMCM3_STM32/uart.c
Invoking: ARM Sourcery Windows GCC C Compiler
arm-none-eabi-gcc -DGCC_ARMCM3 -DSTM32F10X_MD -I"D:\usr\feaser\software\OpenBLT\Target\Source" -I"D:\usr\feaser\software\OpenBLT\Target\Source\ARMCM3_STM32" -I"D:\usr\feaser\software\OpenBLT\Target\Source\ARMCM3_STM32\GCC" -I"D:\usr\feaser\software\OpenBLT\Target\Demo\ARMCM3_STM32_Olimex_STM32P103_GCC_Eclipse\Boot" -I"D:\usr\feaser\software\OpenBLT\Target\Demo\ARMCM3_STM32_Olimex_STM32P103_GCC_Eclipse\Boot\lib\CMSIS\CM3\CoreSupport" -I"D:\usr\feaser\software\OpenBLT\Target\Demo\ARMCM3_STM32_Olimex_STM32P103_GCC_Eclipse\Boot\lib\CMSIS\CM3\DeviceSupport\ST\STM32F10x" -O1 -Wall -Wa,-adhlns="Source/ARMCM3_STM32/uart.o.lst" -c -fmessage-length=0 -MMD -MP -MF"Source/ARMCM3_STM32/uart.d" -MT"Source/ARMCM3_STM32/uart.d" -mcpu=cortex-m3 -mthumb -g3 -gdwarf-2 -o "Source/ARMCM3_STM32/uart.o" "D:/usr/feaser/software/OpenBLT/Target/Source/ARMCM3_STM32/uart.c"
Finished building: D:/usr/feaser/software/OpenBLT/Target/Source/ARMCM3_STM32/uart.c
 
Building file: D:/usr/feaser/software/OpenBLT/Target/Source/assert.c
Invoking: ARM Sourcery Windows GCC C Compiler
arm-none-eabi-gcc -DGCC_ARMCM3 -DSTM32F10X_MD -I"D:\usr\feaser\software\OpenBLT\Target\Source" -I"D:\usr\feaser\software\OpenBLT\Target\Source\ARMCM3_STM32" -I"D:\usr\feaser\software\OpenBLT\Target\Source\ARMCM3_STM32\GCC" -I"D:\usr\feaser\software\OpenBLT\Target\Demo\ARMCM3_STM32_Olimex_STM32P103_GCC_Eclipse\Boot" -I"D:\usr\feaser\software\OpenBLT\Target\Demo\ARMCM3_STM32_Olimex_STM32P103_GCC_Eclipse\Boot\lib\CMSIS\CM3\CoreSupport" -I"D:\usr\feaser\software\OpenBLT\Target\Demo\ARMCM3_STM32_Olimex_STM32P103_GCC_Eclipse\Boot\lib\CMSIS\CM3\DeviceSupport\ST\STM32F10x" -O1 -Wall -Wa,-adhlns="Source/assert.o.lst" -c -fmessage-length=0 -MMD -MP -MF"Source/assert.d" -MT"Source/assert.d" -mcpu=cortex-m3 -mthumb -g3 -gdwarf-2 -o "Source/assert.o" "D:/usr/feaser/software/OpenBLT/Target/Source/assert.c"
Finished building: D:/usr/feaser/software/OpenBLT/Target/Source/assert.c
 
Building file: D:/usr/feaser/software/OpenBLT/Target/Source/backdoor.c
Invoking: ARM Sourcery Windows GCC C Compiler
arm-none-eabi-gcc -DGCC_ARMCM3 -DSTM32F10X_MD -I"D:\usr\feaser\software\OpenBLT\Target\Source" -I"D:\usr\feaser\software\OpenBLT\Target\Source\ARMCM3_STM32" -I"D:\usr\feaser\software\OpenBLT\Target\Source\ARMCM3_STM32\GCC" -I"D:\usr\feaser\software\OpenBLT\Target\Demo\ARMCM3_STM32_Olimex_STM32P103_GCC_Eclipse\Boot" -I"D:\usr\feaser\software\OpenBLT\Target\Demo\ARMCM3_STM32_Olimex_STM32P103_GCC_Eclipse\Boot\lib\CMSIS\CM3\CoreSupport" -I"D:\usr\feaser\software\OpenBLT\Target\Demo\ARMCM3_STM32_Olimex_STM32P103_GCC_Eclipse\Boot\lib\CMSIS\CM3\DeviceSupport\ST\STM32F10x" -O1 -Wall -Wa,-adhlns="Source/backdoor.o.lst" -c -fmessage-length=0 -MMD -MP -MF"Source/backdoor.d" -MT"Source/backdoor.d" -mcpu=cortex-m3 -mthumb -g3 -gdwarf-2 -o "Source/backdoor.o" "D:/usr/feaser/software/OpenBLT/Target/Source/backdoor.c"
Finished building: D:/usr/feaser/software/OpenBLT/Target/Source/backdoor.c
 
Building file: D:/usr/feaser/software/OpenBLT/Target/Source/boot.c
Invoking: ARM Sourcery Windows GCC C Compiler
arm-none-eabi-gcc -DGCC_ARMCM3 -DSTM32F10X_MD -I"D:\usr\feaser\software\OpenBLT\Target\Source" -I"D:\usr\feaser\software\OpenBLT\Target\Source\ARMCM3_STM32" -I"D:\usr\feaser\software\OpenBLT\Target\Source\ARMCM3_STM32\GCC" -I"D:\usr\feaser\software\OpenBLT\Target\Demo\ARMCM3_STM32_Olimex_STM32P103_GCC_Eclipse\Boot" -I"D:\usr\feaser\software\OpenBLT\Target\Demo\ARMCM3_STM32_Olimex_STM32P103_GCC_Eclipse\Boot\lib\CMSIS\CM3\CoreSupport" -I"D:\usr\feaser\software\OpenBLT\Target\Demo\ARMCM3_STM32_Olimex_STM32P103_GCC_Eclipse\Boot\lib\CMSIS\CM3\DeviceSupport\ST\STM32F10x" -O1 -Wall -Wa,-adhlns="Source/boot.o.lst" -c -fmessage-length=0 -MMD -MP -MF"Source/boot.d" -MT"Source/boot.d" -mcpu=cortex-m3 -mthumb -g3 -gdwarf-2 -o "Source/boot.o" "D:/usr/feaser/software/OpenBLT/Target/Source/boot.c"
Finished building: D:/usr/feaser/software/OpenBLT/Target/Source/boot.c
 
Building file: D:/usr/feaser/software/OpenBLT/Target/Source/com.c
Invoking: ARM Sourcery Windows GCC C Compiler
arm-none-eabi-gcc -DGCC_ARMCM3 -DSTM32F10X_MD -I"D:\usr\feaser\software\OpenBLT\Target\Source" -I"D:\usr\feaser\software\OpenBLT\Target\Source\ARMCM3_STM32" -I"D:\usr\feaser\software\OpenBLT\Target\Source\ARMCM3_STM32\GCC" -I"D:\usr\feaser\software\OpenBLT\Target\Demo\ARMCM3_STM32_Olimex_STM32P103_GCC_Eclipse\Boot" -I"D:\usr\feaser\software\OpenBLT\Target\Demo\ARMCM3_STM32_Olimex_STM32P103_GCC_Eclipse\Boot\lib\CMSIS\CM3\CoreSupport" -I"D:\usr\feaser\software\OpenBLT\Target\Demo\ARMCM3_STM32_Olimex_STM32P103_GCC_Eclipse\Boot\lib\CMSIS\CM3\DeviceSupport\ST\STM32F10x" -O1 -Wall -Wa,-adhlns="Source/com.o.lst" -c -fmessage-length=0 -MMD -MP -MF"Source/com.d" -MT"Source/com.d" -mcpu=cortex-m3 -mthumb -g3 -gdwarf-2 -o "Source/com.o" "D:/usr/feaser/software/OpenBLT/Target/Source/com.c"
Finished building: D:/usr/feaser/software/OpenBLT/Target/Source/com.c
 
Building file: D:/usr/feaser/software/OpenBLT/Target/Source/cop.c
Invoking: ARM Sourcery Windows GCC C Compiler
arm-none-eabi-gcc -DGCC_ARMCM3 -DSTM32F10X_MD -I"D:\usr\feaser\software\OpenBLT\Target\Source" -I"D:\usr\feaser\software\OpenBLT\Target\Source\ARMCM3_STM32" -I"D:\usr\feaser\software\OpenBLT\Target\Source\ARMCM3_STM32\GCC" -I"D:\usr\feaser\software\OpenBLT\Target\Demo\ARMCM3_STM32_Olimex_STM32P103_GCC_Eclipse\Boot" -I"D:\usr\feaser\software\OpenBLT\Target\Demo\ARMCM3_STM32_Olimex_STM32P103_GCC_Eclipse\Boot\lib\CMSIS\CM3\CoreSupport" -I"D:\usr\feaser\software\OpenBLT\Target\Demo\ARMCM3_STM32_Olimex_STM32P103_GCC_Eclipse\Boot\lib\CMSIS\CM3\DeviceSupport\ST\STM32F10x" -O1 -Wall -Wa,-adhlns="Source/cop.o.lst" -c -fmessage-length=0 -MMD -MP -MF"Source/cop.d" -MT"Source/cop.d" -mcpu=cortex-m3 -mthumb -g3 -gdwarf-2 -o "Source/cop.o" "D:/usr/feaser/software/OpenBLT/Target/Source/cop.c"
Finished building: D:/usr/feaser/software/OpenBLT/Target/Source/cop.c
 
Building file: D:/usr/feaser/software/OpenBLT/Target/Source/xcp.c
Invoking: ARM Sourcery Windows GCC C Compiler
arm-none-eabi-gcc -DGCC_ARMCM3 -DSTM32F10X_MD -I"D:\usr\feaser\software\OpenBLT\Target\Source" -I"D:\usr\feaser\software\OpenBLT\Target\Source\ARMCM3_STM32" -I"D:\usr\feaser\software\OpenBLT\Target\Source\ARMCM3_STM32\GCC" -I"D:\usr\feaser\software\OpenBLT\Target\Demo\ARMCM3_STM32_Olimex_STM32P103_GCC_Eclipse\Boot" -I"D:\usr\feaser\software\OpenBLT\Target\Demo\ARMCM3_STM32_Olimex_STM32P103_GCC_Eclipse\Boot\lib\CMSIS\CM3\CoreSupport" -I"D:\usr\feaser\software\OpenBLT\Target\Demo\ARMCM3_STM32_Olimex_STM32P103_GCC_Eclipse\Boot\lib\CMSIS\CM3\DeviceSupport\ST\STM32F10x" -O1 -Wall -Wa,-adhlns="Source/xcp.o.lst" -c -fmessage-length=0 -MMD -MP -MF"Source/xcp.d" -MT"Source/xcp.d" -mcpu=cortex-m3 -mthumb -g3 -gdwarf-2 -o "Source/xcp.o" "D:/usr/feaser/software/OpenBLT/Target/Source/xcp.c"
Finished building: D:/usr/feaser/software/OpenBLT/Target/Source/xcp.c
 
Building file: ../hooks.c
Invoking: ARM Sourcery Windows GCC C Compiler
arm-none-eabi-gcc -DGCC_ARMCM3 -DSTM32F10X_MD -I"D:\usr\feaser\software\OpenBLT\Target\Source" -I"D:\usr\feaser\software\OpenBLT\Target\Source\ARMCM3_STM32" -I"D:\usr\feaser\software\OpenBLT\Target\Source\ARMCM3_STM32\GCC" -I"D:\usr\feaser\software\OpenBLT\Target\Demo\ARMCM3_STM32_Olimex_STM32P103_GCC_Eclipse\Boot" -I"D:\usr\feaser\software\OpenBLT\Target\Demo\ARMCM3_STM32_Olimex_STM32P103_GCC_Eclipse\Boot\lib\CMSIS\CM3\CoreSupport" -I"D:\usr\feaser\software\OpenBLT\Target\Demo\ARMCM3_STM32_Olimex_STM32P103_GCC_Eclipse\Boot\lib\CMSIS\CM3\DeviceSupport\ST\STM32F10x" -O1 -Wall -Wa,-adhlns="hooks.o.lst" -c -fmessage-length=0 -MMD -MP -MF"hooks.d" -MT"hooks.d" -mcpu=cortex-m3 -mthumb -g3 -gdwarf-2 -o "hooks.o" "../hooks.c"
Finished building: ../hooks.c
 
Building file: ../main.c
Invoking: ARM Sourcery Windows GCC C Compiler
arm-none-eabi-gcc -DGCC_ARMCM3 -DSTM32F10X_MD -I"D:\usr\feaser\software\OpenBLT\Target\Source" -I"D:\usr\feaser\software\OpenBLT\Target\Source\ARMCM3_STM32" -I"D:\usr\feaser\software\OpenBLT\Target\Source\ARMCM3_STM32\GCC" -I"D:\usr\feaser\software\OpenBLT\Target\Demo\ARMCM3_STM32_Olimex_STM32P103_GCC_Eclipse\Boot" -I"D:\usr\feaser\software\OpenBLT\Target\Demo\ARMCM3_STM32_Olimex_STM32P103_GCC_Eclipse\Boot\lib\CMSIS\CM3\CoreSupport" -I"D:\usr\feaser\software\OpenBLT\Target\Demo\ARMCM3_STM32_Olimex_STM32P103_GCC_Eclipse\Boot\lib\CMSIS\CM3\DeviceSupport\ST\STM32F10x" -O1 -Wall -Wa,-adhlns="main.o.lst" -c -fmessage-length=0 -MMD -MP -MF"main.d" -MT"main.d" -mcpu=cortex-m3 -mthumb -g3 -gdwarf-2 -o "main.o" "../main.c"
Finished building: ../main.c
 
Building target: openbtl_olimex_stm32p103.elf
Invoking: ARM Sourcery Windows GCC C Linker
arm-none-eabi-gcc -T"memory.x" -nostartfiles -L"D:\usr\feaser\software\OpenBLT\Target\Source\ARMCM3_STM32\GCC" -Wl,-Map,openbtl_olimex_stm32p103.map -mcpu=cortex-m3 -mthumb -g3 -gdwarf-2 -o "openbtl_olimex_stm32p103.elf"  ./lib/CMSIS/CM3/DeviceSupport/ST/STM32F10x/system_stm32f10x.o  ./lib/CMSIS/CM3/CoreSupport/core_cm3.o  ./Source/ARMCM3_STM32/GCC/cstart.o ./Source/ARMCM3_STM32/GCC/vectors.o  ./Source/ARMCM3_STM32/can.o ./Source/ARMCM3_STM32/cpu.o ./Source/ARMCM3_STM32/flash.o ./Source/ARMCM3_STM32/nvm.o ./Source/ARMCM3_STM32/timer.o ./Source/ARMCM3_STM32/uart.o  ./Source/assert.o ./Source/backdoor.o ./Source/boot.o ./Source/com.o ./Source/cop.o ./Source/xcp.o  ./hooks.o ./main.o   
Finished building target: openbtl_olimex_stm32p103.elf
 
Invoking: ARM Sourcery Windows GNU Create Flash Image
arm-none-eabi-objcopy -O srec openbtl_olimex_stm32p103.elf  openbtl_olimex_stm32p103.srec
Finished building: openbtl_olimex_stm32p103.hex
 
Invoking: ARM Sourcery Windows GNU Create Listing
arm-none-eabi-objdump -h -S openbtl_olimex_stm32p103.elf > "openbtl_olimex_stm32p103.lst"
Finished building: openbtl_olimex_stm32p103.lst
 
Invoking: ARM Sourcery Windows GNU Print Size
arm-none-eabi-size  --format=berkeley openbtl_olimex_stm32p103.elf
   text	   data	    bss	    dec	    hex	filename
   5344	     20	   1520	   6884	   1ae4	openbtl_olimex_stm32p103.elf
Finished building: openbtl_olimex_stm32p103.siz
 

**** Build Finished ****
