
**** Build of configuration bin for project Boot ****

cs-make all 
Invoking: ARM Sourcery Windows GNU Create Flash Image
arm-none-eabi-objcopy -O srec openbtl_olimex_stm32p103.elf  openbtl_olimex_stm32p103.srec
Finished building: openbtl_olimex_stm32p103.hex
 
Invoking: ARM Sourcery Windows GNU Print Size
arm-none-eabi-size  --format=berkeley openbtl_olimex_stm32p103.elf
   text	   data	    bss	    dec	    hex	filename
   4688	      0	   1520	   6208	   1840	openbtl_olimex_stm32p103.elf
Finished building: openbtl_olimex_stm32p103.siz
 

**** Build Finished ****
