
**** Build of configuration bin for project Prog ****

cs-make all 
Building file: ../lib/stdperiphlib/STM32F10x_StdPeriph_Driver/src/misc.c
Invoking: ARM Sourcery Windows GCC C Compiler
arm-none-eabi-gcc -DSTM32F10X_MD -DUSE_STDPERIPH_DRIVER -DVECT_TAB_FLASH -DGCC_ARMCM3 -I"D:\usr\feaser\software\OpenBLT\Target\Demo\ARMCM3_STM32_Olimex_STM32P103_GCC_Eclipse\Prog\lib\stdperiphlib" -I"D:\usr\feaser\software\OpenBLT\Target\Demo\ARMCM3_STM32_Olimex_STM32P103_GCC_Eclipse\Prog\lib" -I"D:\usr\feaser\software\OpenBLT\Target\Demo\ARMCM3_STM32_Olimex_STM32P103_GCC_Eclipse\Prog\lib\stdperiphlib\STM32F10x_StdPeriph_Driver\inc" -I"D:\usr\feaser\software\OpenBLT\Target\Demo\ARMCM3_STM32_Olimex_STM32P103_GCC_Eclipse\Prog\lib\stdperiphlib\CMSIS\CM3\CoreSupport" -I"D:\usr\feaser\software\OpenBLT\Target\Demo\ARMCM3_STM32_Olimex_STM32P103_GCC_Eclipse\Prog\lib\stdperiphlib\CMSIS\CM3\DeviceSupport\ST\STM32F10x" -O1 -ffunction-sections -fdata-sections -Wall -Wa,-adhlns="lib/stdperiphlib/STM32F10x_StdPeriph_Driver/src/misc.o.lst" -c -fmessage-length=0 -mlong-calls -MMD -MP -MF"lib/stdperiphlib/STM32F10x_StdPeriph_Driver/src/misc.d" -MT"lib/stdperiphlib/STM32F10x_StdPeriph_Driver/src/misc.d" -mcpu=cortex-m3 -mthumb -g3 -gdwarf-2 -o "lib/stdperiphlib/STM32F10x_StdPeriph_Driver/src/misc.o" "../lib/stdperiphlib/STM32F10x_StdPeriph_Driver/src/misc.c"
Finished building: ../lib/stdperiphlib/STM32F10x_StdPeriph_Driver/src/misc.c
 
Building file: ../lib/stdperiphlib/STM32F10x_StdPeriph_Driver/src/stm32f10x_adc.c
Invoking: ARM Sourcery Windows GCC C Compiler
arm-none-eabi-gcc -DSTM32F10X_MD -DUSE_STDPERIPH_DRIVER -DVECT_TAB_FLASH -DGCC_ARMCM3 -I"D:\usr\feaser\software\OpenBLT\Target\Demo\ARMCM3_STM32_Olimex_STM32P103_GCC_Eclipse\Prog\lib\stdperiphlib" -I"D:\usr\feaser\software\OpenBLT\Target\Demo\ARMCM3_STM32_Olimex_STM32P103_GCC_Eclipse\Prog\lib" -I"D:\usr\feaser\software\OpenBLT\Target\Demo\ARMCM3_STM32_Olimex_STM32P103_GCC_Eclipse\Prog\lib\stdperiphlib\STM32F10x_StdPeriph_Driver\inc" -I"D:\usr\feaser\software\OpenBLT\Target\Demo\ARMCM3_STM32_Olimex_STM32P103_GCC_Eclipse\Prog\lib\stdperiphlib\CMSIS\CM3\CoreSupport" -I"D:\usr\feaser\software\OpenBLT\Target\Demo\ARMCM3_STM32_Olimex_STM32P103_GCC_Eclipse\Prog\lib\stdperiphlib\CMSIS\CM3\DeviceSupport\ST\STM32F10x" -O1 -ffunction-sections -fdata-sections -Wall -Wa,-adhlns="lib/stdperiphlib/STM32F10x_StdPeriph_Driver/src/stm32f10x_adc.o.lst" -c -fmessage-length=0 -mlong-calls -MMD -MP -MF"lib/stdperiphlib/STM32F10x_StdPeriph_Driver/src/stm32f10x_adc.d" -MT"lib/stdperiphlib/STM32F10x_StdPeriph_Driver/src/stm32f10x_adc.d" -mcpu=cortex-m3 -mthumb -g3 -gdwarf-2 -o "lib/stdperiphlib/STM32F10x_StdPeriph_Driver/src/stm32f10x_adc.o" "../lib/stdperiphlib/STM32F10x_StdPeriph_Driver/src/stm32f10x_adc.c"
Finished building: ../lib/stdperiphlib/STM32F10x_StdPeriph_Driver/src/stm32f10x_adc.c
 
Building file: ../lib/stdperiphlib/STM32F10x_StdPeriph_Driver/src/stm32f10x_bkp.c
Invoking: ARM Sourcery Windows GCC C Compiler
arm-none-eabi-gcc -DSTM32F10X_MD -DUSE_STDPERIPH_DRIVER -DVECT_TAB_FLASH -DGCC_ARMCM3 -I"D:\usr\feaser\software\OpenBLT\Target\Demo\ARMCM3_STM32_Olimex_STM32P103_GCC_Eclipse\Prog\lib\stdperiphlib" -I"D:\usr\feaser\software\OpenBLT\Target\Demo\ARMCM3_STM32_Olimex_STM32P103_GCC_Eclipse\Prog\lib" -I"D:\usr\feaser\software\OpenBLT\Target\Demo\ARMCM3_STM32_Olimex_STM32P103_GCC_Eclipse\Prog\lib\stdperiphlib\STM32F10x_StdPeriph_Driver\inc" -I"D:\usr\feaser\software\OpenBLT\Target\Demo\ARMCM3_STM32_Olimex_STM32P103_GCC_Eclipse\Prog\lib\stdperiphlib\CMSIS\CM3\CoreSupport" -I"D:\usr\feaser\software\OpenBLT\Target\Demo\ARMCM3_STM32_Olimex_STM32P103_GCC_Eclipse\Prog\lib\stdperiphlib\CMSIS\CM3\DeviceSupport\ST\STM32F10x" -O1 -ffunction-sections -fdata-sections -Wall -Wa,-adhlns="lib/stdperiphlib/STM32F10x_StdPeriph_Driver/src/stm32f10x_bkp.o.lst" -c -fmessage-length=0 -mlong-calls -MMD -MP -MF"lib/stdperiphlib/STM32F10x_StdPeriph_Driver/src/stm32f10x_bkp.d" -MT"lib/stdperiphlib/STM32F10x_StdPeriph_Driver/src/stm32f10x_bkp.d" -mcpu=cortex-m3 -mthumb -g3 -gdwarf-2 -o "lib/stdperiphlib/STM32F10x_StdPeriph_Driver/src/stm32f10x_bkp.o" "../lib/stdperiphlib/STM32F10x_StdPeriph_Driver/src/stm32f10x_bkp.c"
Finished building: ../lib/stdperiphlib/STM32F10x_StdPeriph_Driver/src/stm32f10x_bkp.c
 
Building file: ../lib/stdperiphlib/STM32F10x_StdPeriph_Driver/src/stm32f10x_can.c
Invoking: ARM Sourcery Windows GCC C Compiler
arm-none-eabi-gcc -DSTM32F10X_MD -DUSE_STDPERIPH_DRIVER -DVECT_TAB_FLASH -DGCC_ARMCM3 -I"D:\usr\feaser\software\OpenBLT\Target\Demo\ARMCM3_STM32_Olimex_STM32P103_GCC_Eclipse\Prog\lib\stdperiphlib" -I"D:\usr\feaser\software\OpenBLT\Target\Demo\ARMCM3_STM32_Olimex_STM32P103_GCC_Eclipse\Prog\lib" -I"D:\usr\feaser\software\OpenBLT\Target\Demo\ARMCM3_STM32_Olimex_STM32P103_GCC_Eclipse\Prog\lib\stdperiphlib\STM32F10x_StdPeriph_Driver\inc" -I"D:\usr\feaser\software\OpenBLT\Target\Demo\ARMCM3_STM32_Olimex_STM32P103_GCC_Eclipse\Prog\lib\stdperiphlib\CMSIS\CM3\CoreSupport" -I"D:\usr\feaser\software\OpenBLT\Target\Demo\ARMCM3_STM32_Olimex_STM32P103_GCC_Eclipse\Prog\lib\stdperiphlib\CMSIS\CM3\DeviceSupport\ST\STM32F10x" -O1 -ffunction-sections -fdata-sections -Wall -Wa,-adhlns="lib/stdperiphlib/STM32F10x_StdPeriph_Driver/src/stm32f10x_can.o.lst" -c -fmessage-length=0 -mlong-calls -MMD -MP -MF"lib/stdperiphlib/STM32F10x_StdPeriph_Driver/src/stm32f10x_can.d" -MT"lib/stdperiphlib/STM32F10x_StdPeriph_Driver/src/stm32f10x_can.d" -mcpu=cortex-m3 -mthumb -g3 -gdwarf-2 -o "lib/stdperiphlib/STM32F10x_StdPeriph_Driver/src/stm32f10x_can.o" "../lib/stdperiphlib/STM32F10x_StdPeriph_Driver/src/stm32f10x_can.c"
Finished building: ../lib/stdperiphlib/STM32F10x_StdPeriph_Driver/src/stm32f10x_can.c
 
Building file: ../lib/stdperiphlib/STM32F10x_StdPeriph_Driver/src/stm32f10x_cec.c
Invoking: ARM Sourcery Windows GCC C Compiler
arm-none-eabi-gcc -DSTM32F10X_MD -DUSE_STDPERIPH_DRIVER -DVECT_TAB_FLASH -DGCC_ARMCM3 -I"D:\usr\feaser\software\OpenBLT\Target\Demo\ARMCM3_STM32_Olimex_STM32P103_GCC_Eclipse\Prog\lib\stdperiphlib" -I"D:\usr\feaser\software\OpenBLT\Target\Demo\ARMCM3_STM32_Olimex_STM32P103_GCC_Eclipse\Prog\lib" -I"D:\usr\feaser\software\OpenBLT\Target\Demo\ARMCM3_STM32_Olimex_STM32P103_GCC_Eclipse\Prog\lib\stdperiphlib\STM32F10x_StdPeriph_Driver\inc" -I"D:\usr\feaser\software\OpenBLT\Target\Demo\ARMCM3_STM32_Olimex_STM32P103_GCC_Eclipse\Prog\lib\stdperiphlib\CMSIS\CM3\CoreSupport" -I"D:\usr\feaser\software\OpenBLT\Target\Demo\ARMCM3_STM32_Olimex_STM32P103_GCC_Eclipse\Prog\lib\stdperiphlib\CMSIS\CM3\DeviceSupport\ST\STM32F10x" -O1 -ffunction-sections -fdata-sections -Wall -Wa,-adhlns="lib/stdperiphlib/STM32F10x_StdPeriph_Driver/src/stm32f10x_cec.o.lst" -c -fmessage-length=0 -mlong-calls -MMD -MP -MF"lib/stdperiphlib/STM32F10x_StdPeriph_Driver/src/stm32f10x_cec.d" -MT"lib/stdperiphlib/STM32F10x_StdPeriph_Driver/src/stm32f10x_cec.d" -mcpu=cortex-m3 -mthumb -g3 -gdwarf-2 -o "lib/stdperiphlib/STM32F10x_StdPeriph_Driver/src/stm32f10x_cec.o" "../lib/stdperiphlib/STM32F10x_StdPeriph_Driver/src/stm32f10x_cec.c"
Finished building: ../lib/stdperiphlib/STM32F10x_StdPeriph_Driver/src/stm32f10x_cec.c
 
Building file: ../lib/stdperiphlib/STM32F10x_StdPeriph_Driver/src/stm32f10x_crc.c
Invoking: ARM Sourcery Windows GCC C Compiler
arm-none-eabi-gcc -DSTM32F10X_MD -DUSE_STDPERIPH_DRIVER -DVECT_TAB_FLASH -DGCC_ARMCM3 -I"D:\usr\feaser\software\OpenBLT\Target\Demo\ARMCM3_STM32_Olimex_STM32P103_GCC_Eclipse\Prog\lib\stdperiphlib" -I"D:\usr\feaser\software\OpenBLT\Target\Demo\ARMCM3_STM32_Olimex_STM32P103_GCC_Eclipse\Prog\lib" -I"D:\usr\feaser\software\OpenBLT\Target\Demo\ARMCM3_STM32_Olimex_STM32P103_GCC_Eclipse\Prog\lib\stdperiphlib\STM32F10x_StdPeriph_Driver\inc" -I"D:\usr\feaser\software\OpenBLT\Target\Demo\ARMCM3_STM32_Olimex_STM32P103_GCC_Eclipse\Prog\lib\stdperiphlib\CMSIS\CM3\CoreSupport" -I"D:\usr\feaser\software\OpenBLT\Target\Demo\ARMCM3_STM32_Olimex_STM32P103_GCC_Eclipse\Prog\lib\stdperiphlib\CMSIS\CM3\DeviceSupport\ST\STM32F10x" -O1 -ffunction-sections -fdata-sections -Wall -Wa,-adhlns="lib/stdperiphlib/STM32F10x_StdPeriph_Driver/src/stm32f10x_crc.o.lst" -c -fmessage-length=0 -mlong-calls -MMD -MP -MF"lib/stdperiphlib/STM32F10x_StdPeriph_Driver/src/stm32f10x_crc.d" -MT"lib/stdperiphlib/STM32F10x_StdPeriph_Driver/src/stm32f10x_crc.d" -mcpu=cortex-m3 -mthumb -g3 -gdwarf-2 -o "lib/stdperiphlib/STM32F10x_StdPeriph_Driver/src/stm32f10x_crc.o" "../lib/stdperiphlib/STM32F10x_StdPeriph_Driver/src/stm32f10x_crc.c"
Finished building: ../lib/stdperiphlib/STM32F10x_StdPeriph_Driver/src/stm32f10x_crc.c
 
Building file: ../lib/stdperiphlib/STM32F10x_StdPeriph_Driver/src/stm32f10x_dac.c
Invoking: ARM Sourcery Windows GCC C Compiler
arm-none-eabi-gcc -DSTM32F10X_MD -DUSE_STDPERIPH_DRIVER -DVECT_TAB_FLASH -DGCC_ARMCM3 -I"D:\usr\feaser\software\OpenBLT\Target\Demo\ARMCM3_STM32_Olimex_STM32P103_GCC_Eclipse\Prog\lib\stdperiphlib" -I"D:\usr\feaser\software\OpenBLT\Target\Demo\ARMCM3_STM32_Olimex_STM32P103_GCC_Eclipse\Prog\lib" -I"D:\usr\feaser\software\OpenBLT\Target\Demo\ARMCM3_STM32_Olimex_STM32P103_GCC_Eclipse\Prog\lib\stdperiphlib\STM32F10x_StdPeriph_Driver\inc" -I"D:\usr\feaser\software\OpenBLT\Target\Demo\ARMCM3_STM32_Olimex_STM32P103_GCC_Eclipse\Prog\lib\stdperiphlib\CMSIS\CM3\CoreSupport" -I"D:\usr\feaser\software\OpenBLT\Target\Demo\ARMCM3_STM32_Olimex_STM32P103_GCC_Eclipse\Prog\lib\stdperiphlib\CMSIS\CM3\DeviceSupport\ST\STM32F10x" -O1 -ffunction-sections -fdata-sections -Wall -Wa,-adhlns="lib/stdperiphlib/STM32F10x_StdPeriph_Driver/src/stm32f10x_dac.o.lst" -c -fmessage-length=0 -mlong-calls -MMD -MP -MF"lib/stdperiphlib/STM32F10x_StdPeriph_Driver/src/stm32f10x_dac.d" -MT"lib/stdperiphlib/STM32F10x_StdPeriph_Driver/src/stm32f10x_dac.d" -mcpu=cortex-m3 -mthumb -g3 -gdwarf-2 -o "lib/stdperiphlib/STM32F10x_StdPeriph_Driver/src/stm32f10x_dac.o" "../lib/stdperiphlib/STM32F10x_StdPeriph_Driver/src/stm32f10x_dac.c"
Finished building: ../lib/stdperiphlib/STM32F10x_StdPeriph_Driver/src/stm32f10x_dac.c
 
Building file: ../lib/stdperiphlib/STM32F10x_StdPeriph_Driver/src/stm32f10x_dbgmcu.c
Invoking: ARM Sourcery Windows GCC C Compiler
arm-none-eabi-gcc -DSTM32F10X_MD -DUSE_STDPERIPH_DRIVER -DVECT_TAB_FLASH -DGCC_ARMCM3 -I"D:\usr\feaser\software\OpenBLT\Target\Demo\ARMCM3_STM32_Olimex_STM32P103_GCC_Eclipse\Prog\lib\stdperiphlib" -I"D:\usr\feaser\software\OpenBLT\Target\Demo\ARMCM3_STM32_Olimex_STM32P103_GCC_Eclipse\Prog\lib" -I"D:\usr\feaser\software\OpenBLT\Target\Demo\ARMCM3_STM32_Olimex_STM32P103_GCC_Eclipse\Prog\lib\stdperiphlib\STM32F10x_StdPeriph_Driver\inc" -I"D:\usr\feaser\software\OpenBLT\Target\Demo\ARMCM3_STM32_Olimex_STM32P103_GCC_Eclipse\Prog\lib\stdperiphlib\CMSIS\CM3\CoreSupport" -I"D:\usr\feaser\software\OpenBLT\Target\Demo\ARMCM3_STM32_Olimex_STM32P103_GCC_Eclipse\Prog\lib\stdperiphlib\CMSIS\CM3\DeviceSupport\ST\STM32F10x" -O1 -ffunction-sections -fdata-sections -Wall -Wa,-adhlns="lib/stdperiphlib/STM32F10x_StdPeriph_Driver/src/stm32f10x_dbgmcu.o.lst" -c -fmessage-length=0 -mlong-calls -MMD -MP -MF"lib/stdperiphlib/STM32F10x_StdPeriph_Driver/src/stm32f10x_dbgmcu.d" -MT"lib/stdperiphlib/STM32F10x_StdPeriph_Driver/src/stm32f10x_dbgmcu.d" -mcpu=cortex-m3 -mthumb -g3 -gdwarf-2 -o "lib/stdperiphlib/STM32F10x_StdPeriph_Driver/src/stm32f10x_dbgmcu.o" "../lib/stdperiphlib/STM32F10x_StdPeriph_Driver/src/stm32f10x_dbgmcu.c"
Finished building: ../lib/stdperiphlib/STM32F10x_StdPeriph_Driver/src/stm32f10x_dbgmcu.c
 
Building file: ../lib/stdperiphlib/STM32F10x_StdPeriph_Driver/src/stm32f10x_dma.c
Invoking: ARM Sourcery Windows GCC C Compiler
arm-none-eabi-gcc -DSTM32F10X_MD -DUSE_STDPERIPH_DRIVER -DVECT_TAB_FLASH -DGCC_ARMCM3 -I"D:\usr\feaser\software\OpenBLT\Target\Demo\ARMCM3_STM32_Olimex_STM32P103_GCC_Eclipse\Prog\lib\stdperiphlib" -I"D:\usr\feaser\software\OpenBLT\Target\Demo\ARMCM3_STM32_Olimex_STM32P103_GCC_Eclipse\Prog\lib" -I"D:\usr\feaser\software\OpenBLT\Target\Demo\ARMCM3_STM32_Olimex_STM32P103_GCC_Eclipse\Prog\lib\stdperiphlib\STM32F10x_StdPeriph_Driver\inc" -I"D:\usr\feaser\software\OpenBLT\Target\Demo\ARMCM3_STM32_Olimex_STM32P103_GCC_Eclipse\Prog\lib\stdperiphlib\CMSIS\CM3\CoreSupport" -I"D:\usr\feaser\software\OpenBLT\Target\Demo\ARMCM3_STM32_Olimex_STM32P103_GCC_Eclipse\Prog\lib\stdperiphlib\CMSIS\CM3\DeviceSupport\ST\STM32F10x" -O1 -ffunction-sections -fdata-sections -Wall -Wa,-adhlns="lib/stdperiphlib/STM32F10x_StdPeriph_Driver/src/stm32f10x_dma.o.lst" -c -fmessage-length=0 -mlong-calls -MMD -MP -MF"lib/stdperiphlib/STM32F10x_StdPeriph_Driver/src/stm32f10x_dma.d" -MT"lib/stdperiphlib/STM32F10x_StdPeriph_Driver/src/stm32f10x_dma.d" -mcpu=cortex-m3 -mthumb -g3 -gdwarf-2 -o "lib/stdperiphlib/STM32F10x_StdPeriph_Driver/src/stm32f10x_dma.o" "../lib/stdperiphlib/STM32F10x_StdPeriph_Driver/src/stm32f10x_dma.c"
Finished building: ../lib/stdperiphlib/STM32F10x_StdPeriph_Driver/src/stm32f10x_dma.c
 
Building file: ../lib/stdperiphlib/STM32F10x_StdPeriph_Driver/src/stm32f10x_exti.c
Invoking: ARM Sourcery Windows GCC C Compiler
arm-none-eabi-gcc -DSTM32F10X_MD -DUSE_STDPERIPH_DRIVER -DVECT_TAB_FLASH -DGCC_ARMCM3 -I"D:\usr\feaser\software\OpenBLT\Target\Demo\ARMCM3_STM32_Olimex_STM32P103_GCC_Eclipse\Prog\lib\stdperiphlib" -I"D:\usr\feaser\software\OpenBLT\Target\Demo\ARMCM3_STM32_Olimex_STM32P103_GCC_Eclipse\Prog\lib" -I"D:\usr\feaser\software\OpenBLT\Target\Demo\ARMCM3_STM32_Olimex_STM32P103_GCC_Eclipse\Prog\lib\stdperiphlib\STM32F10x_StdPeriph_Driver\inc" -I"D:\usr\feaser\software\OpenBLT\Target\Demo\ARMCM3_STM32_Olimex_STM32P103_GCC_Eclipse\Prog\lib\stdperiphlib\CMSIS\CM3\CoreSupport" -I"D:\usr\feaser\software\OpenBLT\Target\Demo\ARMCM3_STM32_Olimex_STM32P103_GCC_Eclipse\Prog\lib\stdperiphlib\CMSIS\CM3\DeviceSupport\ST\STM32F10x" -O1 -ffunction-sections -fdata-sections -Wall -Wa,-adhlns="lib/stdperiphlib/STM32F10x_StdPeriph_Driver/src/stm32f10x_exti.o.lst" -c -fmessage-length=0 -mlong-calls -MMD -MP -MF"lib/stdperiphlib/STM32F10x_StdPeriph_Driver/src/stm32f10x_exti.d" -MT"lib/stdperiphlib/STM32F10x_StdPeriph_Driver/src/stm32f10x_exti.d" -mcpu=cortex-m3 -mthumb -g3 -gdwarf-2 -o "lib/stdperiphlib/STM32F10x_StdPeriph_Driver/src/stm32f10x_exti.o" "../lib/stdperiphlib/STM32F10x_StdPeriph_Driver/src/stm32f10x_exti.c"
Finished building: ../lib/stdperiphlib/STM32F10x_StdPeriph_Driver/src/stm32f10x_exti.c
 
Building file: ../lib/stdperiphlib/STM32F10x_StdPeriph_Driver/src/stm32f10x_flash.c
Invoking: ARM Sourcery Windows GCC C Compiler
arm-none-eabi-gcc -DSTM32F10X_MD -DUSE_STDPERIPH_DRIVER -DVECT_TAB_FLASH -DGCC_ARMCM3 -I"D:\usr\feaser\software\OpenBLT\Target\Demo\ARMCM3_STM32_Olimex_STM32P103_GCC_Eclipse\Prog\lib\stdperiphlib" -I"D:\usr\feaser\software\OpenBLT\Target\Demo\ARMCM3_STM32_Olimex_STM32P103_GCC_Eclipse\Prog\lib" -I"D:\usr\feaser\software\OpenBLT\Target\Demo\ARMCM3_STM32_Olimex_STM32P103_GCC_Eclipse\Prog\lib\stdperiphlib\STM32F10x_StdPeriph_Driver\inc" -I"D:\usr\feaser\software\OpenBLT\Target\Demo\ARMCM3_STM32_Olimex_STM32P103_GCC_Eclipse\Prog\lib\stdperiphlib\CMSIS\CM3\CoreSupport" -I"D:\usr\feaser\software\OpenBLT\Target\Demo\ARMCM3_STM32_Olimex_STM32P103_GCC_Eclipse\Prog\lib\stdperiphlib\CMSIS\CM3\DeviceSupport\ST\STM32F10x" -O1 -ffunction-sections -fdata-sections -Wall -Wa,-adhlns="lib/stdperiphlib/STM32F10x_StdPeriph_Driver/src/stm32f10x_flash.o.lst" -c -fmessage-length=0 -mlong-calls -MMD -MP -MF"lib/stdperiphlib/STM32F10x_StdPeriph_Driver/src/stm32f10x_flash.d" -MT"lib/stdperiphlib/STM32F10x_StdPeriph_Driver/src/stm32f10x_flash.d" -mcpu=cortex-m3 -mthumb -g3 -gdwarf-2 -o "lib/stdperiphlib/STM32F10x_StdPeriph_Driver/src/stm32f10x_flash.o" "../lib/stdperiphlib/STM32F10x_StdPeriph_Driver/src/stm32f10x_flash.c"
Finished building: ../lib/stdperiphlib/STM32F10x_StdPeriph_Driver/src/stm32f10x_flash.c
 
Building file: ../lib/stdperiphlib/STM32F10x_StdPeriph_Driver/src/stm32f10x_fsmc.c
Invoking: ARM Sourcery Windows GCC C Compiler
arm-none-eabi-gcc -DSTM32F10X_MD -DUSE_STDPERIPH_DRIVER -DVECT_TAB_FLASH -DGCC_ARMCM3 -I"D:\usr\feaser\software\OpenBLT\Target\Demo\ARMCM3_STM32_Olimex_STM32P103_GCC_Eclipse\Prog\lib\stdperiphlib" -I"D:\usr\feaser\software\OpenBLT\Target\Demo\ARMCM3_STM32_Olimex_STM32P103_GCC_Eclipse\Prog\lib" -I"D:\usr\feaser\software\OpenBLT\Target\Demo\ARMCM3_STM32_Olimex_STM32P103_GCC_Eclipse\Prog\lib\stdperiphlib\STM32F10x_StdPeriph_Driver\inc" -I"D:\usr\feaser\software\OpenBLT\Target\Demo\ARMCM3_STM32_Olimex_STM32P103_GCC_Eclipse\Prog\lib\stdperiphlib\CMSIS\CM3\CoreSupport" -I"D:\usr\feaser\software\OpenBLT\Target\Demo\ARMCM3_STM32_Olimex_STM32P103_GCC_Eclipse\Prog\lib\stdperiphlib\CMSIS\CM3\DeviceSupport\ST\STM32F10x" -O1 -ffunction-sections -fdata-sections -Wall -Wa,-adhlns="lib/stdperiphlib/STM32F10x_StdPeriph_Driver/src/stm32f10x_fsmc.o.lst" -c -fmessage-length=0 -mlong-calls -MMD -MP -MF"lib/stdperiphlib/STM32F10x_StdPeriph_Driver/src/stm32f10x_fsmc.d" -MT"lib/stdperiphlib/STM32F10x_StdPeriph_Driver/src/stm32f10x_fsmc.d" -mcpu=cortex-m3 -mthumb -g3 -gdwarf-2 -o "lib/stdperiphlib/STM32F10x_StdPeriph_Driver/src/stm32f10x_fsmc.o" "../lib/stdperiphlib/STM32F10x_StdPeriph_Driver/src/stm32f10x_fsmc.c"
Finished building: ../lib/stdperiphlib/STM32F10x_StdPeriph_Driver/src/stm32f10x_fsmc.c
 
Building file: ../lib/stdperiphlib/STM32F10x_StdPeriph_Driver/src/stm32f10x_gpio.c
Invoking: ARM Sourcery Windows GCC C Compiler
arm-none-eabi-gcc -DSTM32F10X_MD -DUSE_STDPERIPH_DRIVER -DVECT_TAB_FLASH -DGCC_ARMCM3 -I"D:\usr\feaser\software\OpenBLT\Target\Demo\ARMCM3_STM32_Olimex_STM32P103_GCC_Eclipse\Prog\lib\stdperiphlib" -I"D:\usr\feaser\software\OpenBLT\Target\Demo\ARMCM3_STM32_Olimex_STM32P103_GCC_Eclipse\Prog\lib" -I"D:\usr\feaser\software\OpenBLT\Target\Demo\ARMCM3_STM32_Olimex_STM32P103_GCC_Eclipse\Prog\lib\stdperiphlib\STM32F10x_StdPeriph_Driver\inc" -I"D:\usr\feaser\software\OpenBLT\Target\Demo\ARMCM3_STM32_Olimex_STM32P103_GCC_Eclipse\Prog\lib\stdperiphlib\CMSIS\CM3\CoreSupport" -I"D:\usr\feaser\software\OpenBLT\Target\Demo\ARMCM3_STM32_Olimex_STM32P103_GCC_Eclipse\Prog\lib\stdperiphlib\CMSIS\CM3\DeviceSupport\ST\STM32F10x" -O1 -ffunction-sections -fdata-sections -Wall -Wa,-adhlns="lib/stdperiphlib/STM32F10x_StdPeriph_Driver/src/stm32f10x_gpio.o.lst" -c -fmessage-length=0 -mlong-calls -MMD -MP -MF"lib/stdperiphlib/STM32F10x_StdPeriph_Driver/src/stm32f10x_gpio.d" -MT"lib/stdperiphlib/STM32F10x_StdPeriph_Driver/src/stm32f10x_gpio.d" -mcpu=cortex-m3 -mthumb -g3 -gdwarf-2 -o "lib/stdperiphlib/STM32F10x_StdPeriph_Driver/src/stm32f10x_gpio.o" "../lib/stdperiphlib/STM32F10x_StdPeriph_Driver/src/stm32f10x_gpio.c"
Finished building: ../lib/stdperiphlib/STM32F10x_StdPeriph_Driver/src/stm32f10x_gpio.c
 
Building file: ../lib/stdperiphlib/STM32F10x_StdPeriph_Driver/src/stm32f10x_i2c.c
Invoking: ARM Sourcery Windows GCC C Compiler
arm-none-eabi-gcc -DSTM32F10X_MD -DUSE_STDPERIPH_DRIVER -DVECT_TAB_FLASH -DGCC_ARMCM3 -I"D:\usr\feaser\software\OpenBLT\Target\Demo\ARMCM3_STM32_Olimex_STM32P103_GCC_Eclipse\Prog\lib\stdperiphlib" -I"D:\usr\feaser\software\OpenBLT\Target\Demo\ARMCM3_STM32_Olimex_STM32P103_GCC_Eclipse\Prog\lib" -I"D:\usr\feaser\software\OpenBLT\Target\Demo\ARMCM3_STM32_Olimex_STM32P103_GCC_Eclipse\Prog\lib\stdperiphlib\STM32F10x_StdPeriph_Driver\inc" -I"D:\usr\feaser\software\OpenBLT\Target\Demo\ARMCM3_STM32_Olimex_STM32P103_GCC_Eclipse\Prog\lib\stdperiphlib\CMSIS\CM3\CoreSupport" -I"D:\usr\feaser\software\OpenBLT\Target\Demo\ARMCM3_STM32_Olimex_STM32P103_GCC_Eclipse\Prog\lib\stdperiphlib\CMSIS\CM3\DeviceSupport\ST\STM32F10x" -O1 -ffunction-sections -fdata-sections -Wall -Wa,-adhlns="lib/stdperiphlib/STM32F10x_StdPeriph_Driver/src/stm32f10x_i2c.o.lst" -c -fmessage-length=0 -mlong-calls -MMD -MP -MF"lib/stdperiphlib/STM32F10x_StdPeriph_Driver/src/stm32f10x_i2c.d" -MT"lib/stdperiphlib/STM32F10x_StdPeriph_Driver/src/stm32f10x_i2c.d" -mcpu=cortex-m3 -mthumb -g3 -gdwarf-2 -o "lib/stdperiphlib/STM32F10x_StdPeriph_Driver/src/stm32f10x_i2c.o" "../lib/stdperiphlib/STM32F10x_StdPeriph_Driver/src/stm32f10x_i2c.c"
Finished building: ../lib/stdperiphlib/STM32F10x_StdPeriph_Driver/src/stm32f10x_i2c.c
 
Building file: ../lib/stdperiphlib/STM32F10x_StdPeriph_Driver/src/stm32f10x_iwdg.c
Invoking: ARM Sourcery Windows GCC C Compiler
arm-none-eabi-gcc -DSTM32F10X_MD -DUSE_STDPERIPH_DRIVER -DVECT_TAB_FLASH -DGCC_ARMCM3 -I"D:\usr\feaser\software\OpenBLT\Target\Demo\ARMCM3_STM32_Olimex_STM32P103_GCC_Eclipse\Prog\lib\stdperiphlib" -I"D:\usr\feaser\software\OpenBLT\Target\Demo\ARMCM3_STM32_Olimex_STM32P103_GCC_Eclipse\Prog\lib" -I"D:\usr\feaser\software\OpenBLT\Target\Demo\ARMCM3_STM32_Olimex_STM32P103_GCC_Eclipse\Prog\lib\stdperiphlib\STM32F10x_StdPeriph_Driver\inc" -I"D:\usr\feaser\software\OpenBLT\Target\Demo\ARMCM3_STM32_Olimex_STM32P103_GCC_Eclipse\Prog\lib\stdperiphlib\CMSIS\CM3\CoreSupport" -I"D:\usr\feaser\software\OpenBLT\Target\Demo\ARMCM3_STM32_Olimex_STM32P103_GCC_Eclipse\Prog\lib\stdperiphlib\CMSIS\CM3\DeviceSupport\ST\STM32F10x" -O1 -ffunction-sections -fdata-sections -Wall -Wa,-adhlns="lib/stdperiphlib/STM32F10x_StdPeriph_Driver/src/stm32f10x_iwdg.o.lst" -c -fmessage-length=0 -mlong-calls -MMD -MP -MF"lib/stdperiphlib/STM32F10x_StdPeriph_Driver/src/stm32f10x_iwdg.d" -MT"lib/stdperiphlib/STM32F10x_StdPeriph_Driver/src/stm32f10x_iwdg.d" -mcpu=cortex-m3 -mthumb -g3 -gdwarf-2 -o "lib/stdperiphlib/STM32F10x_StdPeriph_Driver/src/stm32f10x_iwdg.o" "../lib/stdperiphlib/STM32F10x_StdPeriph_Driver/src/stm32f10x_iwdg.c"
Finished building: ../lib/stdperiphlib/STM32F10x_StdPeriph_Driver/src/stm32f10x_iwdg.c
 
Building file: ../lib/stdperiphlib/STM32F10x_StdPeriph_Driver/src/stm32f10x_pwr.c
Invoking: ARM Sourcery Windows GCC C Compiler
arm-none-eabi-gcc -DSTM32F10X_MD -DUSE_STDPERIPH_DRIVER -DVECT_TAB_FLASH -DGCC_ARMCM3 -I"D:\usr\feaser\software\OpenBLT\Target\Demo\ARMCM3_STM32_Olimex_STM32P103_GCC_Eclipse\Prog\lib\stdperiphlib" -I"D:\usr\feaser\software\OpenBLT\Target\Demo\ARMCM3_STM32_Olimex_STM32P103_GCC_Eclipse\Prog\lib" -I"D:\usr\feaser\software\OpenBLT\Target\Demo\ARMCM3_STM32_Olimex_STM32P103_GCC_Eclipse\Prog\lib\stdperiphlib\STM32F10x_StdPeriph_Driver\inc" -I"D:\usr\feaser\software\OpenBLT\Target\Demo\ARMCM3_STM32_Olimex_STM32P103_GCC_Eclipse\Prog\lib\stdperiphlib\CMSIS\CM3\CoreSupport" -I"D:\usr\feaser\software\OpenBLT\Target\Demo\ARMCM3_STM32_Olimex_STM32P103_GCC_Eclipse\Prog\lib\stdperiphlib\CMSIS\CM3\DeviceSupport\ST\STM32F10x" -O1 -ffunction-sections -fdata-sections -Wall -Wa,-adhlns="lib/stdperiphlib/STM32F10x_StdPeriph_Driver/src/stm32f10x_pwr.o.lst" -c -fmessage-length=0 -mlong-calls -MMD -MP -MF"lib/stdperiphlib/STM32F10x_StdPeriph_Driver/src/stm32f10x_pwr.d" -MT"lib/stdperiphlib/STM32F10x_StdPeriph_Driver/src/stm32f10x_pwr.d" -mcpu=cortex-m3 -mthumb -g3 -gdwarf-2 -o "lib/stdperiphlib/STM32F10x_StdPeriph_Driver/src/stm32f10x_pwr.o" "../lib/stdperiphlib/STM32F10x_StdPeriph_Driver/src/stm32f10x_pwr.c"
Finished building: ../lib/stdperiphlib/STM32F10x_StdPeriph_Driver/src/stm32f10x_pwr.c
 
Building file: ../lib/stdperiphlib/STM32F10x_StdPeriph_Driver/src/stm32f10x_rcc.c
Invoking: ARM Sourcery Windows GCC C Compiler
arm-none-eabi-gcc -DSTM32F10X_MD -DUSE_STDPERIPH_DRIVER -DVECT_TAB_FLASH -DGCC_ARMCM3 -I"D:\usr\feaser\software\OpenBLT\Target\Demo\ARMCM3_STM32_Olimex_STM32P103_GCC_Eclipse\Prog\lib\stdperiphlib" -I"D:\usr\feaser\software\OpenBLT\Target\Demo\ARMCM3_STM32_Olimex_STM32P103_GCC_Eclipse\Prog\lib" -I"D:\usr\feaser\software\OpenBLT\Target\Demo\ARMCM3_STM32_Olimex_STM32P103_GCC_Eclipse\Prog\lib\stdperiphlib\STM32F10x_StdPeriph_Driver\inc" -I"D:\usr\feaser\software\OpenBLT\Target\Demo\ARMCM3_STM32_Olimex_STM32P103_GCC_Eclipse\Prog\lib\stdperiphlib\CMSIS\CM3\CoreSupport" -I"D:\usr\feaser\software\OpenBLT\Target\Demo\ARMCM3_STM32_Olimex_STM32P103_GCC_Eclipse\Prog\lib\stdperiphlib\CMSIS\CM3\DeviceSupport\ST\STM32F10x" -O1 -ffunction-sections -fdata-sections -Wall -Wa,-adhlns="lib/stdperiphlib/STM32F10x_StdPeriph_Driver/src/stm32f10x_rcc.o.lst" -c -fmessage-length=0 -mlong-calls -MMD -MP -MF"lib/stdperiphlib/STM32F10x_StdPeriph_Driver/src/stm32f10x_rcc.d" -MT"lib/stdperiphlib/STM32F10x_StdPeriph_Driver/src/stm32f10x_rcc.d" -mcpu=cortex-m3 -mthumb -g3 -gdwarf-2 -o "lib/stdperiphlib/STM32F10x_StdPeriph_Driver/src/stm32f10x_rcc.o" "../lib/stdperiphlib/STM32F10x_StdPeriph_Driver/src/stm32f10x_rcc.c"
Finished building: ../lib/stdperiphlib/STM32F10x_StdPeriph_Driver/src/stm32f10x_rcc.c
 
Building file: ../lib/stdperiphlib/STM32F10x_StdPeriph_Driver/src/stm32f10x_rtc.c
Invoking: ARM Sourcery Windows GCC C Compiler
arm-none-eabi-gcc -DSTM32F10X_MD -DUSE_STDPERIPH_DRIVER -DVECT_TAB_FLASH -DGCC_ARMCM3 -I"D:\usr\feaser\software\OpenBLT\Target\Demo\ARMCM3_STM32_Olimex_STM32P103_GCC_Eclipse\Prog\lib\stdperiphlib" -I"D:\usr\feaser\software\OpenBLT\Target\Demo\ARMCM3_STM32_Olimex_STM32P103_GCC_Eclipse\Prog\lib" -I"D:\usr\feaser\software\OpenBLT\Target\Demo\ARMCM3_STM32_Olimex_STM32P103_GCC_Eclipse\Prog\lib\stdperiphlib\STM32F10x_StdPeriph_Driver\inc" -I"D:\usr\feaser\software\OpenBLT\Target\Demo\ARMCM3_STM32_Olimex_STM32P103_GCC_Eclipse\Prog\lib\stdperiphlib\CMSIS\CM3\CoreSupport" -I"D:\usr\feaser\software\OpenBLT\Target\Demo\ARMCM3_STM32_Olimex_STM32P103_GCC_Eclipse\Prog\lib\stdperiphlib\CMSIS\CM3\DeviceSupport\ST\STM32F10x" -O1 -ffunction-sections -fdata-sections -Wall -Wa,-adhlns="lib/stdperiphlib/STM32F10x_StdPeriph_Driver/src/stm32f10x_rtc.o.lst" -c -fmessage-length=0 -mlong-calls -MMD -MP -MF"lib/stdperiphlib/STM32F10x_StdPeriph_Driver/src/stm32f10x_rtc.d" -MT"lib/stdperiphlib/STM32F10x_StdPeriph_Driver/src/stm32f10x_rtc.d" -mcpu=cortex-m3 -mthumb -g3 -gdwarf-2 -o "lib/stdperiphlib/STM32F10x_StdPeriph_Driver/src/stm32f10x_rtc.o" "../lib/stdperiphlib/STM32F10x_StdPeriph_Driver/src/stm32f10x_rtc.c"
Finished building: ../lib/stdperiphlib/STM32F10x_StdPeriph_Driver/src/stm32f10x_rtc.c
 
Building file: ../lib/stdperiphlib/STM32F10x_StdPeriph_Driver/src/stm32f10x_sdio.c
Invoking: ARM Sourcery Windows GCC C Compiler
arm-none-eabi-gcc -DSTM32F10X_MD -DUSE_STDPERIPH_DRIVER -DVECT_TAB_FLASH -DGCC_ARMCM3 -I"D:\usr\feaser\software\OpenBLT\Target\Demo\ARMCM3_STM32_Olimex_STM32P103_GCC_Eclipse\Prog\lib\stdperiphlib" -I"D:\usr\feaser\software\OpenBLT\Target\Demo\ARMCM3_STM32_Olimex_STM32P103_GCC_Eclipse\Prog\lib" -I"D:\usr\feaser\software\OpenBLT\Target\Demo\ARMCM3_STM32_Olimex_STM32P103_GCC_Eclipse\Prog\lib\stdperiphlib\STM32F10x_StdPeriph_Driver\inc" -I"D:\usr\feaser\software\OpenBLT\Target\Demo\ARMCM3_STM32_Olimex_STM32P103_GCC_Eclipse\Prog\lib\stdperiphlib\CMSIS\CM3\CoreSupport" -I"D:\usr\feaser\software\OpenBLT\Target\Demo\ARMCM3_STM32_Olimex_STM32P103_GCC_Eclipse\Prog\lib\stdperiphlib\CMSIS\CM3\DeviceSupport\ST\STM32F10x" -O1 -ffunction-sections -fdata-sections -Wall -Wa,-adhlns="lib/stdperiphlib/STM32F10x_StdPeriph_Driver/src/stm32f10x_sdio.o.lst" -c -fmessage-length=0 -mlong-calls -MMD -MP -MF"lib/stdperiphlib/STM32F10x_StdPeriph_Driver/src/stm32f10x_sdio.d" -MT"lib/stdperiphlib/STM32F10x_StdPeriph_Driver/src/stm32f10x_sdio.d" -mcpu=cortex-m3 -mthumb -g3 -gdwarf-2 -o "lib/stdperiphlib/STM32F10x_StdPeriph_Driver/src/stm32f10x_sdio.o" "../lib/stdperiphlib/STM32F10x_StdPeriph_Driver/src/stm32f10x_sdio.c"
Finished building: ../lib/stdperiphlib/STM32F10x_StdPeriph_Driver/src/stm32f10x_sdio.c
 
Building file: ../lib/stdperiphlib/STM32F10x_StdPeriph_Driver/src/stm32f10x_spi.c
Invoking: ARM Sourcery Windows GCC C Compiler
arm-none-eabi-gcc -DSTM32F10X_MD -DUSE_STDPERIPH_DRIVER -DVECT_TAB_FLASH -DGCC_ARMCM3 -I"D:\usr\feaser\software\OpenBLT\Target\Demo\ARMCM3_STM32_Olimex_STM32P103_GCC_Eclipse\Prog\lib\stdperiphlib" -I"D:\usr\feaser\software\OpenBLT\Target\Demo\ARMCM3_STM32_Olimex_STM32P103_GCC_Eclipse\Prog\lib" -I"D:\usr\feaser\software\OpenBLT\Target\Demo\ARMCM3_STM32_Olimex_STM32P103_GCC_Eclipse\Prog\lib\stdperiphlib\STM32F10x_StdPeriph_Driver\inc" -I"D:\usr\feaser\software\OpenBLT\Target\Demo\ARMCM3_STM32_Olimex_STM32P103_GCC_Eclipse\Prog\lib\stdperiphlib\CMSIS\CM3\CoreSupport" -I"D:\usr\feaser\software\OpenBLT\Target\Demo\ARMCM3_STM32_Olimex_STM32P103_GCC_Eclipse\Prog\lib\stdperiphlib\CMSIS\CM3\DeviceSupport\ST\STM32F10x" -O1 -ffunction-sections -fdata-sections -Wall -Wa,-adhlns="lib/stdperiphlib/STM32F10x_StdPeriph_Driver/src/stm32f10x_spi.o.lst" -c -fmessage-length=0 -mlong-calls -MMD -MP -MF"lib/stdperiphlib/STM32F10x_StdPeriph_Driver/src/stm32f10x_spi.d" -MT"lib/stdperiphlib/STM32F10x_StdPeriph_Driver/src/stm32f10x_spi.d" -mcpu=cortex-m3 -mthumb -g3 -gdwarf-2 -o "lib/stdperiphlib/STM32F10x_StdPeriph_Driver/src/stm32f10x_spi.o" "../lib/stdperiphlib/STM32F10x_StdPeriph_Driver/src/stm32f10x_spi.c"
Finished building: ../lib/stdperiphlib/STM32F10x_StdPeriph_Driver/src/stm32f10x_spi.c
 
Building file: ../lib/stdperiphlib/STM32F10x_StdPeriph_Driver/src/stm32f10x_tim.c
Invoking: ARM Sourcery Windows GCC C Compiler
arm-none-eabi-gcc -DSTM32F10X_MD -DUSE_STDPERIPH_DRIVER -DVECT_TAB_FLASH -DGCC_ARMCM3 -I"D:\usr\feaser\software\OpenBLT\Target\Demo\ARMCM3_STM32_Olimex_STM32P103_GCC_Eclipse\Prog\lib\stdperiphlib" -I"D:\usr\feaser\software\OpenBLT\Target\Demo\ARMCM3_STM32_Olimex_STM32P103_GCC_Eclipse\Prog\lib" -I"D:\usr\feaser\software\OpenBLT\Target\Demo\ARMCM3_STM32_Olimex_STM32P103_GCC_Eclipse\Prog\lib\stdperiphlib\STM32F10x_StdPeriph_Driver\inc" -I"D:\usr\feaser\software\OpenBLT\Target\Demo\ARMCM3_STM32_Olimex_STM32P103_GCC_Eclipse\Prog\lib\stdperiphlib\CMSIS\CM3\CoreSupport" -I"D:\usr\feaser\software\OpenBLT\Target\Demo\ARMCM3_STM32_Olimex_STM32P103_GCC_Eclipse\Prog\lib\stdperiphlib\CMSIS\CM3\DeviceSupport\ST\STM32F10x" -O1 -ffunction-sections -fdata-sections -Wall -Wa,-adhlns="lib/stdperiphlib/STM32F10x_StdPeriph_Driver/src/stm32f10x_tim.o.lst" -c -fmessage-length=0 -mlong-calls -MMD -MP -MF"lib/stdperiphlib/STM32F10x_StdPeriph_Driver/src/stm32f10x_tim.d" -MT"lib/stdperiphlib/STM32F10x_StdPeriph_Driver/src/stm32f10x_tim.d" -mcpu=cortex-m3 -mthumb -g3 -gdwarf-2 -o "lib/stdperiphlib/STM32F10x_StdPeriph_Driver/src/stm32f10x_tim.o" "../lib/stdperiphlib/STM32F10x_StdPeriph_Driver/src/stm32f10x_tim.c"
Finished building: ../lib/stdperiphlib/STM32F10x_StdPeriph_Driver/src/stm32f10x_tim.c
 
Building file: ../lib/stdperiphlib/STM32F10x_StdPeriph_Driver/src/stm32f10x_usart.c
Invoking: ARM Sourcery Windows GCC C Compiler
arm-none-eabi-gcc -DSTM32F10X_MD -DUSE_STDPERIPH_DRIVER -DVECT_TAB_FLASH -DGCC_ARMCM3 -I"D:\usr\feaser\software\OpenBLT\Target\Demo\ARMCM3_STM32_Olimex_STM32P103_GCC_Eclipse\Prog\lib\stdperiphlib" -I"D:\usr\feaser\software\OpenBLT\Target\Demo\ARMCM3_STM32_Olimex_STM32P103_GCC_Eclipse\Prog\lib" -I"D:\usr\feaser\software\OpenBLT\Target\Demo\ARMCM3_STM32_Olimex_STM32P103_GCC_Eclipse\Prog\lib\stdperiphlib\STM32F10x_StdPeriph_Driver\inc" -I"D:\usr\feaser\software\OpenBLT\Target\Demo\ARMCM3_STM32_Olimex_STM32P103_GCC_Eclipse\Prog\lib\stdperiphlib\CMSIS\CM3\CoreSupport" -I"D:\usr\feaser\software\OpenBLT\Target\Demo\ARMCM3_STM32_Olimex_STM32P103_GCC_Eclipse\Prog\lib\stdperiphlib\CMSIS\CM3\DeviceSupport\ST\STM32F10x" -O1 -ffunction-sections -fdata-sections -Wall -Wa,-adhlns="lib/stdperiphlib/STM32F10x_StdPeriph_Driver/src/stm32f10x_usart.o.lst" -c -fmessage-length=0 -mlong-calls -MMD -MP -MF"lib/stdperiphlib/STM32F10x_StdPeriph_Driver/src/stm32f10x_usart.d" -MT"lib/stdperiphlib/STM32F10x_StdPeriph_Driver/src/stm32f10x_usart.d" -mcpu=cortex-m3 -mthumb -g3 -gdwarf-2 -o "lib/stdperiphlib/STM32F10x_StdPeriph_Driver/src/stm32f10x_usart.o" "../lib/stdperiphlib/STM32F10x_StdPeriph_Driver/src/stm32f10x_usart.c"
Finished building: ../lib/stdperiphlib/STM32F10x_StdPeriph_Driver/src/stm32f10x_usart.c
 
Building file: ../lib/stdperiphlib/STM32F10x_StdPeriph_Driver/src/stm32f10x_wwdg.c
Invoking: ARM Sourcery Windows GCC C Compiler
arm-none-eabi-gcc -DSTM32F10X_MD -DUSE_STDPERIPH_DRIVER -DVECT_TAB_FLASH -DGCC_ARMCM3 -I"D:\usr\feaser\software\OpenBLT\Target\Demo\ARMCM3_STM32_Olimex_STM32P103_GCC_Eclipse\Prog\lib\stdperiphlib" -I"D:\usr\feaser\software\OpenBLT\Target\Demo\ARMCM3_STM32_Olimex_STM32P103_GCC_Eclipse\Prog\lib" -I"D:\usr\feaser\software\OpenBLT\Target\Demo\ARMCM3_STM32_Olimex_STM32P103_GCC_Eclipse\Prog\lib\stdperiphlib\STM32F10x_StdPeriph_Driver\inc" -I"D:\usr\feaser\software\OpenBLT\Target\Demo\ARMCM3_STM32_Olimex_STM32P103_GCC_Eclipse\Prog\lib\stdperiphlib\CMSIS\CM3\CoreSupport" -I"D:\usr\feaser\software\OpenBLT\Target\Demo\ARMCM3_STM32_Olimex_STM32P103_GCC_Eclipse\Prog\lib\stdperiphlib\CMSIS\CM3\DeviceSupport\ST\STM32F10x" -O1 -ffunction-sections -fdata-sections -Wall -Wa,-adhlns="lib/stdperiphlib/STM32F10x_StdPeriph_Driver/src/stm32f10x_wwdg.o.lst" -c -fmessage-length=0 -mlong-calls -MMD -MP -MF"lib/stdperiphlib/STM32F10x_StdPeriph_Driver/src/stm32f10x_wwdg.d" -MT"lib/stdperiphlib/STM32F10x_StdPeriph_Driver/src/stm32f10x_wwdg.d" -mcpu=cortex-m3 -mthumb -g3 -gdwarf-2 -o "lib/stdperiphlib/STM32F10x_StdPeriph_Driver/src/stm32f10x_wwdg.o" "../lib/stdperiphlib/STM32F10x_StdPeriph_Driver/src/stm32f10x_wwdg.c"
Finished building: ../lib/stdperiphlib/STM32F10x_StdPeriph_Driver/src/stm32f10x_wwdg.c
 
Building file: ../lib/stdperiphlib/CMSIS/CM3/DeviceSupport/ST/STM32F10x/system_stm32f10x.c
Invoking: ARM Sourcery Windows GCC C Compiler
arm-none-eabi-gcc -DSTM32F10X_MD -DUSE_STDPERIPH_DRIVER -DVECT_TAB_FLASH -DGCC_ARMCM3 -I"D:\usr\feaser\software\OpenBLT\Target\Demo\ARMCM3_STM32_Olimex_STM32P103_GCC_Eclipse\Prog\lib\stdperiphlib" -I"D:\usr\feaser\software\OpenBLT\Target\Demo\ARMCM3_STM32_Olimex_STM32P103_GCC_Eclipse\Prog\lib" -I"D:\usr\feaser\software\OpenBLT\Target\Demo\ARMCM3_STM32_Olimex_STM32P103_GCC_Eclipse\Prog\lib\stdperiphlib\STM32F10x_StdPeriph_Driver\inc" -I"D:\usr\feaser\software\OpenBLT\Target\Demo\ARMCM3_STM32_Olimex_STM32P103_GCC_Eclipse\Prog\lib\stdperiphlib\CMSIS\CM3\CoreSupport" -I"D:\usr\feaser\software\OpenBLT\Target\Demo\ARMCM3_STM32_Olimex_STM32P103_GCC_Eclipse\Prog\lib\stdperiphlib\CMSIS\CM3\DeviceSupport\ST\STM32F10x" -O1 -ffunction-sections -fdata-sections -Wall -Wa,-adhlns="lib/stdperiphlib/CMSIS/CM3/DeviceSupport/ST/STM32F10x/system_stm32f10x.o.lst" -c -fmessage-length=0 -mlong-calls -MMD -MP -MF"lib/stdperiphlib/CMSIS/CM3/DeviceSupport/ST/STM32F10x/system_stm32f10x.d" -MT"lib/stdperiphlib/CMSIS/CM3/DeviceSupport/ST/STM32F10x/system_stm32f10x.d" -mcpu=cortex-m3 -mthumb -g3 -gdwarf-2 -o "lib/stdperiphlib/CMSIS/CM3/DeviceSupport/ST/STM32F10x/system_stm32f10x.o" "../lib/stdperiphlib/CMSIS/CM3/DeviceSupport/ST/STM32F10x/system_stm32f10x.c"
Finished building: ../lib/stdperiphlib/CMSIS/CM3/DeviceSupport/ST/STM32F10x/system_stm32f10x.c
 
Building file: ../lib/stdperiphlib/CMSIS/CM3/CoreSupport/core_cm3.c
Invoking: ARM Sourcery Windows GCC C Compiler
arm-none-eabi-gcc -DSTM32F10X_MD -DUSE_STDPERIPH_DRIVER -DVECT_TAB_FLASH -DGCC_ARMCM3 -I"D:\usr\feaser\software\OpenBLT\Target\Demo\ARMCM3_STM32_Olimex_STM32P103_GCC_Eclipse\Prog\lib\stdperiphlib" -I"D:\usr\feaser\software\OpenBLT\Target\Demo\ARMCM3_STM32_Olimex_STM32P103_GCC_Eclipse\Prog\lib" -I"D:\usr\feaser\software\OpenBLT\Target\Demo\ARMCM3_STM32_Olimex_STM32P103_GCC_Eclipse\Prog\lib\stdperiphlib\STM32F10x_StdPeriph_Driver\inc" -I"D:\usr\feaser\software\OpenBLT\Target\Demo\ARMCM3_STM32_Olimex_STM32P103_GCC_Eclipse\Prog\lib\stdperiphlib\CMSIS\CM3\CoreSupport" -I"D:\usr\feaser\software\OpenBLT\Target\Demo\ARMCM3_STM32_Olimex_STM32P103_GCC_Eclipse\Prog\lib\stdperiphlib\CMSIS\CM3\DeviceSupport\ST\STM32F10x" -O1 -ffunction-sections -fdata-sections -Wall -Wa,-adhlns="lib/stdperiphlib/CMSIS/CM3/CoreSupport/core_cm3.o.lst" -c -fmessage-length=0 -mlong-calls -MMD -MP -MF"lib/stdperiphlib/CMSIS/CM3/CoreSupport/core_cm3.d" -MT"lib/stdperiphlib/CMSIS/CM3/CoreSupport/core_cm3.d" -mcpu=cortex-m3 -mthumb -g3 -gdwarf-2 -o "lib/stdperiphlib/CMSIS/CM3/CoreSupport/core_cm3.o" "../lib/stdperiphlib/CMSIS/CM3/CoreSupport/core_cm3.c"
Finished building: ../lib/stdperiphlib/CMSIS/CM3/CoreSupport/core_cm3.c
 
Building file: ../lib/stdio_mini.c
Invoking: ARM Sourcery Windows GCC C Compiler
arm-none-eabi-gcc -DSTM32F10X_MD -DUSE_STDPERIPH_DRIVER -DVECT_TAB_FLASH -DGCC_ARMCM3 -I"D:\usr\feaser\software\OpenBLT\Target\Demo\ARMCM3_STM32_Olimex_STM32P103_GCC_Eclipse\Prog\lib\stdperiphlib" -I"D:\usr\feaser\software\OpenBLT\Target\Demo\ARMCM3_STM32_Olimex_STM32P103_GCC_Eclipse\Prog\lib" -I"D:\usr\feaser\software\OpenBLT\Target\Demo\ARMCM3_STM32_Olimex_STM32P103_GCC_Eclipse\Prog\lib\stdperiphlib\STM32F10x_StdPeriph_Driver\inc" -I"D:\usr\feaser\software\OpenBLT\Target\Demo\ARMCM3_STM32_Olimex_STM32P103_GCC_Eclipse\Prog\lib\stdperiphlib\CMSIS\CM3\CoreSupport" -I"D:\usr\feaser\software\OpenBLT\Target\Demo\ARMCM3_STM32_Olimex_STM32P103_GCC_Eclipse\Prog\lib\stdperiphlib\CMSIS\CM3\DeviceSupport\ST\STM32F10x" -O1 -ffunction-sections -fdata-sections -Wall -Wa,-adhlns="lib/stdio_mini.o.lst" -c -fmessage-length=0 -mlong-calls -MMD -MP -MF"lib/stdio_mini.d" -MT"lib/stdio_mini.d" -mcpu=cortex-m3 -mthumb -g3 -gdwarf-2 -o "lib/stdio_mini.o" "../lib/stdio_mini.c"
Finished building: ../lib/stdio_mini.c
 
Building file: ../boot.c
Invoking: ARM Sourcery Windows GCC C Compiler
arm-none-eabi-gcc -DSTM32F10X_MD -DUSE_STDPERIPH_DRIVER -DVECT_TAB_FLASH -DGCC_ARMCM3 -I"D:\usr\feaser\software\OpenBLT\Target\Demo\ARMCM3_STM32_Olimex_STM32P103_GCC_Eclipse\Prog\lib\stdperiphlib" -I"D:\usr\feaser\software\OpenBLT\Target\Demo\ARMCM3_STM32_Olimex_STM32P103_GCC_Eclipse\Prog\lib" -I"D:\usr\feaser\software\OpenBLT\Target\Demo\ARMCM3_STM32_Olimex_STM32P103_GCC_Eclipse\Prog\lib\stdperiphlib\STM32F10x_StdPeriph_Driver\inc" -I"D:\usr\feaser\software\OpenBLT\Target\Demo\ARMCM3_STM32_Olimex_STM32P103_GCC_Eclipse\Prog\lib\stdperiphlib\CMSIS\CM3\CoreSupport" -I"D:\usr\feaser\software\OpenBLT\Target\Demo\ARMCM3_STM32_Olimex_STM32P103_GCC_Eclipse\Prog\lib\stdperiphlib\CMSIS\CM3\DeviceSupport\ST\STM32F10x" -O1 -ffunction-sections -fdata-sections -Wall -Wa,-adhlns="boot.o.lst" -c -fmessage-length=0 -mlong-calls -MMD -MP -MF"boot.d" -MT"boot.d" -mcpu=cortex-m3 -mthumb -g3 -gdwarf-2 -o "boot.o" "../boot.c"
Finished building: ../boot.c
 
Building file: ../cstart.c
Invoking: ARM Sourcery Windows GCC C Compiler
arm-none-eabi-gcc -DSTM32F10X_MD -DUSE_STDPERIPH_DRIVER -DVECT_TAB_FLASH -DGCC_ARMCM3 -I"D:\usr\feaser\software\OpenBLT\Target\Demo\ARMCM3_STM32_Olimex_STM32P103_GCC_Eclipse\Prog\lib\stdperiphlib" -I"D:\usr\feaser\software\OpenBLT\Target\Demo\ARMCM3_STM32_Olimex_STM32P103_GCC_Eclipse\Prog\lib" -I"D:\usr\feaser\software\OpenBLT\Target\Demo\ARMCM3_STM32_Olimex_STM32P103_GCC_Eclipse\Prog\lib\stdperiphlib\STM32F10x_StdPeriph_Driver\inc" -I"D:\usr\feaser\software\OpenBLT\Target\Demo\ARMCM3_STM32_Olimex_STM32P103_GCC_Eclipse\Prog\lib\stdperiphlib\CMSIS\CM3\CoreSupport" -I"D:\usr\feaser\software\OpenBLT\Target\Demo\ARMCM3_STM32_Olimex_STM32P103_GCC_Eclipse\Prog\lib\stdperiphlib\CMSIS\CM3\DeviceSupport\ST\STM32F10x" -O1 -ffunction-sections -fdata-sections -Wall -Wa,-adhlns="cstart.o.lst" -c -fmessage-length=0 -mlong-calls -MMD -MP -MF"cstart.d" -MT"cstart.d" -mcpu=cortex-m3 -mthumb -g3 -gdwarf-2 -o "cstart.o" "../cstart.c"
Finished building: ../cstart.c
 
Building file: ../irq.c
Invoking: ARM Sourcery Windows GCC C Compiler
arm-none-eabi-gcc -DSTM32F10X_MD -DUSE_STDPERIPH_DRIVER -DVECT_TAB_FLASH -DGCC_ARMCM3 -I"D:\usr\feaser\software\OpenBLT\Target\Demo\ARMCM3_STM32_Olimex_STM32P103_GCC_Eclipse\Prog\lib\stdperiphlib" -I"D:\usr\feaser\software\OpenBLT\Target\Demo\ARMCM3_STM32_Olimex_STM32P103_GCC_Eclipse\Prog\lib" -I"D:\usr\feaser\software\OpenBLT\Target\Demo\ARMCM3_STM32_Olimex_STM32P103_GCC_Eclipse\Prog\lib\stdperiphlib\STM32F10x_StdPeriph_Driver\inc" -I"D:\usr\feaser\software\OpenBLT\Target\Demo\ARMCM3_STM32_Olimex_STM32P103_GCC_Eclipse\Prog\lib\stdperiphlib\CMSIS\CM3\CoreSupport" -I"D:\usr\feaser\software\OpenBLT\Target\Demo\ARMCM3_STM32_Olimex_STM32P103_GCC_Eclipse\Prog\lib\stdperiphlib\CMSIS\CM3\DeviceSupport\ST\STM32F10x" -O1 -ffunction-sections -fdata-sections -Wall -Wa,-adhlns="irq.o.lst" -c -fmessage-length=0 -mlong-calls -MMD -MP -MF"irq.d" -MT"irq.d" -mcpu=cortex-m3 -mthumb -g3 -gdwarf-2 -o "irq.o" "../irq.c"
Finished building: ../irq.c
 
Building file: ../led.c
Invoking: ARM Sourcery Windows GCC C Compiler
arm-none-eabi-gcc -DSTM32F10X_MD -DUSE_STDPERIPH_DRIVER -DVECT_TAB_FLASH -DGCC_ARMCM3 -I"D:\usr\feaser\software\OpenBLT\Target\Demo\ARMCM3_STM32_Olimex_STM32P103_GCC_Eclipse\Prog\lib\stdperiphlib" -I"D:\usr\feaser\software\OpenBLT\Target\Demo\ARMCM3_STM32_Olimex_STM32P103_GCC_Eclipse\Prog\lib" -I"D:\usr\feaser\software\OpenBLT\Target\Demo\ARMCM3_STM32_Olimex_STM32P103_GCC_Eclipse\Prog\lib\stdperiphlib\STM32F10x_StdPeriph_Driver\inc" -I"D:\usr\feaser\software\OpenBLT\Target\Demo\ARMCM3_STM32_Olimex_STM32P103_GCC_Eclipse\Prog\lib\stdperiphlib\CMSIS\CM3\CoreSupport" -I"D:\usr\feaser\software\OpenBLT\Target\Demo\ARMCM3_STM32_Olimex_STM32P103_GCC_Eclipse\Prog\lib\stdperiphlib\CMSIS\CM3\DeviceSupport\ST\STM32F10x" -O1 -ffunction-sections -fdata-sections -Wall -Wa,-adhlns="led.o.lst" -c -fmessage-length=0 -mlong-calls -MMD -MP -MF"led.d" -MT"led.d" -mcpu=cortex-m3 -mthumb -g3 -gdwarf-2 -o "led.o" "../led.c"
Finished building: ../led.c
 
Building file: ../main.c
Invoking: ARM Sourcery Windows GCC C Compiler
arm-none-eabi-gcc -DSTM32F10X_MD -DUSE_STDPERIPH_DRIVER -DVECT_TAB_FLASH -DGCC_ARMCM3 -I"D:\usr\feaser\software\OpenBLT\Target\Demo\ARMCM3_STM32_Olimex_STM32P103_GCC_Eclipse\Prog\lib\stdperiphlib" -I"D:\usr\feaser\software\OpenBLT\Target\Demo\ARMCM3_STM32_Olimex_STM32P103_GCC_Eclipse\Prog\lib" -I"D:\usr\feaser\software\OpenBLT\Target\Demo\ARMCM3_STM32_Olimex_STM32P103_GCC_Eclipse\Prog\lib\stdperiphlib\STM32F10x_StdPeriph_Driver\inc" -I"D:\usr\feaser\software\OpenBLT\Target\Demo\ARMCM3_STM32_Olimex_STM32P103_GCC_Eclipse\Prog\lib\stdperiphlib\CMSIS\CM3\CoreSupport" -I"D:\usr\feaser\software\OpenBLT\Target\Demo\ARMCM3_STM32_Olimex_STM32P103_GCC_Eclipse\Prog\lib\stdperiphlib\CMSIS\CM3\DeviceSupport\ST\STM32F10x" -O1 -ffunction-sections -fdata-sections -Wall -Wa,-adhlns="main.o.lst" -c -fmessage-length=0 -mlong-calls -MMD -MP -MF"main.d" -MT"main.d" -mcpu=cortex-m3 -mthumb -g3 -gdwarf-2 -o "main.o" "../main.c"
Finished building: ../main.c
 
Building file: ../timer.c
Invoking: ARM Sourcery Windows GCC C Compiler
arm-none-eabi-gcc -DSTM32F10X_MD -DUSE_STDPERIPH_DRIVER -DVECT_TAB_FLASH -DGCC_ARMCM3 -I"D:\usr\feaser\software\OpenBLT\Target\Demo\ARMCM3_STM32_Olimex_STM32P103_GCC_Eclipse\Prog\lib\stdperiphlib" -I"D:\usr\feaser\software\OpenBLT\Target\Demo\ARMCM3_STM32_Olimex_STM32P103_GCC_Eclipse\Prog\lib" -I"D:\usr\feaser\software\OpenBLT\Target\Demo\ARMCM3_STM32_Olimex_STM32P103_GCC_Eclipse\Prog\lib\stdperiphlib\STM32F10x_StdPeriph_Driver\inc" -I"D:\usr\feaser\software\OpenBLT\Target\Demo\ARMCM3_STM32_Olimex_STM32P103_GCC_Eclipse\Prog\lib\stdperiphlib\CMSIS\CM3\CoreSupport" -I"D:\usr\feaser\software\OpenBLT\Target\Demo\ARMCM3_STM32_Olimex_STM32P103_GCC_Eclipse\Prog\lib\stdperiphlib\CMSIS\CM3\DeviceSupport\ST\STM32F10x" -O1 -ffunction-sections -fdata-sections -Wall -Wa,-adhlns="timer.o.lst" -c -fmessage-length=0 -mlong-calls -MMD -MP -MF"timer.d" -MT"timer.d" -mcpu=cortex-m3 -mthumb -g3 -gdwarf-2 -o "timer.o" "../timer.c"
Finished building: ../timer.c
 
Building file: ../uart.c
Invoking: ARM Sourcery Windows GCC C Compiler
arm-none-eabi-gcc -DSTM32F10X_MD -DUSE_STDPERIPH_DRIVER -DVECT_TAB_FLASH -DGCC_ARMCM3 -I"D:\usr\feaser\software\OpenBLT\Target\Demo\ARMCM3_STM32_Olimex_STM32P103_GCC_Eclipse\Prog\lib\stdperiphlib" -I"D:\usr\feaser\software\OpenBLT\Target\Demo\ARMCM3_STM32_Olimex_STM32P103_GCC_Eclipse\Prog\lib" -I"D:\usr\feaser\software\OpenBLT\Target\Demo\ARMCM3_STM32_Olimex_STM32P103_GCC_Eclipse\Prog\lib\stdperiphlib\STM32F10x_StdPeriph_Driver\inc" -I"D:\usr\feaser\software\OpenBLT\Target\Demo\ARMCM3_STM32_Olimex_STM32P103_GCC_Eclipse\Prog\lib\stdperiphlib\CMSIS\CM3\CoreSupport" -I"D:\usr\feaser\software\OpenBLT\Target\Demo\ARMCM3_STM32_Olimex_STM32P103_GCC_Eclipse\Prog\lib\stdperiphlib\CMSIS\CM3\DeviceSupport\ST\STM32F10x" -O1 -ffunction-sections -fdata-sections -Wall -Wa,-adhlns="uart.o.lst" -c -fmessage-length=0 -mlong-calls -MMD -MP -MF"uart.d" -MT"uart.d" -mcpu=cortex-m3 -mthumb -g3 -gdwarf-2 -o "uart.o" "../uart.c"
Finished building: ../uart.c
 
Building file: ../vectors.c
Invoking: ARM Sourcery Windows GCC C Compiler
arm-none-eabi-gcc -DSTM32F10X_MD -DUSE_STDPERIPH_DRIVER -DVECT_TAB_FLASH -DGCC_ARMCM3 -I"D:\usr\feaser\software\OpenBLT\Target\Demo\ARMCM3_STM32_Olimex_STM32P103_GCC_Eclipse\Prog\lib\stdperiphlib" -I"D:\usr\feaser\software\OpenBLT\Target\Demo\ARMCM3_STM32_Olimex_STM32P103_GCC_Eclipse\Prog\lib" -I"D:\usr\feaser\software\OpenBLT\Target\Demo\ARMCM3_STM32_Olimex_STM32P103_GCC_Eclipse\Prog\lib\stdperiphlib\STM32F10x_StdPeriph_Driver\inc" -I"D:\usr\feaser\software\OpenBLT\Target\Demo\ARMCM3_STM32_Olimex_STM32P103_GCC_Eclipse\Prog\lib\stdperiphlib\CMSIS\CM3\CoreSupport" -I"D:\usr\feaser\software\OpenBLT\Target\Demo\ARMCM3_STM32_Olimex_STM32P103_GCC_Eclipse\Prog\lib\stdperiphlib\CMSIS\CM3\DeviceSupport\ST\STM32F10x" -O1 -ffunction-sections -fdata-sections -Wall -Wa,-adhlns="vectors.o.lst" -c -fmessage-length=0 -mlong-calls -MMD -MP -MF"vectors.d" -MT"vectors.d" -mcpu=cortex-m3 -mthumb -g3 -gdwarf-2 -o "vectors.o" "../vectors.c"
Finished building: ../vectors.c
 
Building target: demoprog_olimex_stm32p103.elf
Invoking: ARM Sourcery Windows GCC C Linker
arm-none-eabi-gcc -T"memory.x" -nostartfiles -Xlinker --gc-sections -L"D:\usr\feaser\software\OpenBLT\Target\Demo\ARMCM3_STM32_Olimex_STM32P103_GCC_Eclipse\Prog" -Wl,-Map,demoprog_olimex_stm32p103.map -mcpu=cortex-m3 -mthumb -g3 -gdwarf-2 -o "demoprog_olimex_stm32p103.elf"  ./lib/stdperiphlib/STM32F10x_StdPeriph_Driver/src/misc.o ./lib/stdperiphlib/STM32F10x_StdPeriph_Driver/src/stm32f10x_adc.o ./lib/stdperiphlib/STM32F10x_StdPeriph_Driver/src/stm32f10x_bkp.o ./lib/stdperiphlib/STM32F10x_StdPeriph_Driver/src/stm32f10x_can.o ./lib/stdperiphlib/STM32F10x_StdPeriph_Driver/src/stm32f10x_cec.o ./lib/stdperiphlib/STM32F10x_StdPeriph_Driver/src/stm32f10x_crc.o ./lib/stdperiphlib/STM32F10x_StdPeriph_Driver/src/stm32f10x_dac.o ./lib/stdperiphlib/STM32F10x_StdPeriph_Driver/src/stm32f10x_dbgmcu.o ./lib/stdperiphlib/STM32F10x_StdPeriph_Driver/src/stm32f10x_dma.o ./lib/stdperiphlib/STM32F10x_StdPeriph_Driver/src/stm32f10x_exti.o ./lib/stdperiphlib/STM32F10x_StdPeriph_Driver/src/stm32f10x_flash.o ./lib/stdperiphlib/STM32F10x_StdPeriph_Driver/src/stm32f10x_fsmc.o ./lib/stdperiphlib/STM32F10x_StdPeriph_Driver/src/stm32f10x_gpio.o ./lib/stdperiphlib/STM32F10x_StdPeriph_Driver/src/stm32f10x_i2c.o ./lib/stdperiphlib/STM32F10x_StdPeriph_Driver/src/stm32f10x_iwdg.o ./lib/stdperiphlib/STM32F10x_StdPeriph_Driver/src/stm32f10x_pwr.o ./lib/stdperiphlib/STM32F10x_StdPeriph_Driver/src/stm32f10x_rcc.o ./lib/stdperiphlib/STM32F10x_StdPeriph_Driver/src/stm32f10x_rtc.o ./lib/stdperiphlib/STM32F10x_StdPeriph_Driver/src/stm32f10x_sdio.o ./lib/stdperiphlib/STM32F10x_StdPeriph_Driver/src/stm32f10x_spi.o ./lib/stdperiphlib/STM32F10x_StdPeriph_Driver/src/stm32f10x_tim.o ./lib/stdperiphlib/STM32F10x_StdPeriph_Driver/src/stm32f10x_usart.o ./lib/stdperiphlib/STM32F10x_StdPeriph_Driver/src/stm32f10x_wwdg.o  ./lib/stdperiphlib/CMSIS/CM3/DeviceSupport/ST/STM32F10x/system_stm32f10x.o  ./lib/stdperiphlib/CMSIS/CM3/CoreSupport/core_cm3.o  ./lib/stdio_mini.o  ./boot.o ./cstart.o ./irq.o ./led.o ./main.o ./timer.o ./uart.o ./vectors.o   
Finished building target: demoprog_olimex_stm32p103.elf
 
Invoking: ARM Sourcery Windows GNU Create Listing
arm-none-eabi-objdump -h -S demoprog_olimex_stm32p103.elf > "demoprog_olimex_stm32p103.lst"
Finished building: demoprog_olimex_stm32p103.lst
 
Invoking: ARM Sourcery Windows GNU Create Flash Image
arm-none-eabi-objcopy -O srec demoprog_olimex_stm32p103.elf  demoprog_olimex_stm32p103.srec
Finished building: demoprog_olimex_stm32p103.hex
 
Invoking: ARM Sourcery Windows GNU Print Size
arm-none-eabi-size  --format=berkeley demoprog_olimex_stm32p103.elf
   text	   data	    bss	    dec	    hex	filename
   4440	     24	   1120	   5584	   15d0	demoprog_olimex_stm32p103.elf
Finished building: demoprog_olimex_stm32p103.siz
 

**** Build Finished ****
