Archive member included because of file (symbol)

C:/Program Files (x86)/Rowley Associates Limited/CrossWorks for ARM 2.3/lib/libdebugio_v7m_t_le.a(libdebugio.o)
                              (__do_debug_operation_mempoll)
C:/Program Files (x86)/Rowley Associates Limited/CrossWorks for ARM 2.3/lib/libc_user_libc_v7m_t_le.a(user_libc.o)
                              C:/Program Files (x86)/Rowley Associates Limited/CrossWorks for ARM 2.3/lib/libdebugio_v7m_t_le.a(libdebugio.o) (__debug_io_lock)

Discarded input sections

 .text          0x00000000        0x0 THUMB Debug/../../obj/hooks.o
 .data          0x00000000        0x0 THUMB Debug/../../obj/hooks.o
 .bss           0x00000000        0x0 THUMB Debug/../../obj/hooks.o
 .text.UsbEnterLowPowerModeHook
                0x00000000        0x4 THUMB Debug/../../obj/hooks.o
 .text.UsbLeaveLowPowerModeHook
                0x00000000        0x4 THUMB Debug/../../obj/hooks.o
 .text          0x00000000        0x0 THUMB Debug/../../obj/main.o
 .data          0x00000000        0x0 THUMB Debug/../../obj/main.o
 .bss           0x00000000        0x0 THUMB Debug/../../obj/main.o
 .text          0x00000000        0x0 THUMB Debug/../../obj/core_cm3.o
 .data          0x00000000        0x0 THUMB Debug/../../obj/core_cm3.o
 .bss           0x00000000        0x0 THUMB Debug/../../obj/core_cm3.o
 .text.__get_PSP
                0x00000000        0x8 THUMB Debug/../../obj/core_cm3.o
 .text.__set_PSP
                0x00000000        0x8 THUMB Debug/../../obj/core_cm3.o
 .text.__get_MSP
                0x00000000        0x8 THUMB Debug/../../obj/core_cm3.o
 .text.__set_MSP
                0x00000000        0x8 THUMB Debug/../../obj/core_cm3.o
 .text.__get_BASEPRI
                0x00000000        0x8 THUMB Debug/../../obj/core_cm3.o
 .text.__set_BASEPRI
                0x00000000        0x8 THUMB Debug/../../obj/core_cm3.o
 .text.__get_PRIMASK
                0x00000000        0x8 THUMB Debug/../../obj/core_cm3.o
 .text.__set_PRIMASK
                0x00000000        0x8 THUMB Debug/../../obj/core_cm3.o
 .text.__get_FAULTMASK
                0x00000000        0x8 THUMB Debug/../../obj/core_cm3.o
 .text.__set_FAULTMASK
                0x00000000        0x8 THUMB Debug/../../obj/core_cm3.o
 .text.__get_CONTROL
                0x00000000        0x8 THUMB Debug/../../obj/core_cm3.o
 .text.__set_CONTROL
                0x00000000        0x8 THUMB Debug/../../obj/core_cm3.o
 .text.__REV    0x00000000        0x4 THUMB Debug/../../obj/core_cm3.o
 .text.__REV16  0x00000000        0x4 THUMB Debug/../../obj/core_cm3.o
 .text.__REVSH  0x00000000        0x4 THUMB Debug/../../obj/core_cm3.o
 .text.__RBIT   0x00000000        0x8 THUMB Debug/../../obj/core_cm3.o
 .text.__LDREXB
                0x00000000        0x8 THUMB Debug/../../obj/core_cm3.o
 .text.__LDREXH
                0x00000000        0x8 THUMB Debug/../../obj/core_cm3.o
 .text.__LDREXW
                0x00000000        0x8 THUMB Debug/../../obj/core_cm3.o
 .text.__STREXB
                0x00000000        0x8 THUMB Debug/../../obj/core_cm3.o
 .text.__STREXH
                0x00000000        0x8 THUMB Debug/../../obj/core_cm3.o
 .text.__STREXW
                0x00000000        0x8 THUMB Debug/../../obj/core_cm3.o
 .text          0x00000000        0x0 THUMB Debug/../../obj/system_stm32f10x.o
 .data          0x00000000        0x0 THUMB Debug/../../obj/system_stm32f10x.o
 .bss           0x00000000        0x0 THUMB Debug/../../obj/system_stm32f10x.o
 .text.SystemInit
                0x00000000      0x130 THUMB Debug/../../obj/system_stm32f10x.o
 .text.SystemCoreClockUpdate
                0x00000000       0xe0 THUMB Debug/../../obj/system_stm32f10x.o
 .data.AHBPrescTable
                0x00000000       0x10 THUMB Debug/../../obj/system_stm32f10x.o
 .data.SystemCoreClock
                0x00000000        0x4 THUMB Debug/../../obj/system_stm32f10x.o
 .text          0x00000000        0x0 THUMB Debug/../../obj/usb_core.o
 .data          0x00000000        0x0 THUMB Debug/../../obj/usb_core.o
 .bss           0x00000000        0x0 THUMB Debug/../../obj/usb_core.o
 .text          0x00000000        0x0 THUMB Debug/../../obj/usb_init.o
 .data          0x00000000        0x0 THUMB Debug/../../obj/usb_init.o
 .bss           0x00000000        0x0 THUMB Debug/../../obj/usb_init.o
 .bss.SaveState
                0x00000000        0x2 THUMB Debug/../../obj/usb_init.o
 .text          0x00000000        0x0 THUMB Debug/../../obj/usb_int.o
 .data          0x00000000        0x0 THUMB Debug/../../obj/usb_int.o
 .bss           0x00000000        0x0 THUMB Debug/../../obj/usb_int.o
 .text.CTR_HP   0x00000000       0x9c THUMB Debug/../../obj/usb_int.o
 .text          0x00000000        0x0 THUMB Debug/../../obj/usb_mem.o
 .data          0x00000000        0x0 THUMB Debug/../../obj/usb_mem.o
 .bss           0x00000000        0x0 THUMB Debug/../../obj/usb_mem.o
 .text          0x00000000        0x0 THUMB Debug/../../obj/usb_regs.o
 .data          0x00000000        0x0 THUMB Debug/../../obj/usb_regs.o
 .bss           0x00000000        0x0 THUMB Debug/../../obj/usb_regs.o
 .text.SetCNTR  0x00000000       0x10 THUMB Debug/../../obj/usb_regs.o
 .text.GetCNTR  0x00000000       0x10 THUMB Debug/../../obj/usb_regs.o
 .text.SetISTR  0x00000000       0x10 THUMB Debug/../../obj/usb_regs.o
 .text.GetISTR  0x00000000       0x10 THUMB Debug/../../obj/usb_regs.o
 .text.GetFNR   0x00000000       0x10 THUMB Debug/../../obj/usb_regs.o
 .text.SetDADDR
                0x00000000       0x10 THUMB Debug/../../obj/usb_regs.o
 .text.GetDADDR
                0x00000000       0x10 THUMB Debug/../../obj/usb_regs.o
 .text.GetBTABLE
                0x00000000       0x10 THUMB Debug/../../obj/usb_regs.o
 .text.SetENDPOINT
                0x00000000       0x14 THUMB Debug/../../obj/usb_regs.o
 .text.GetENDPOINT
                0x00000000       0x14 THUMB Debug/../../obj/usb_regs.o
 .text.GetEPType
                0x00000000       0x18 THUMB Debug/../../obj/usb_regs.o
 .text.SetDouBleBuffEPStall
                0x00000000       0x3c THUMB Debug/../../obj/usb_regs.o
 .text.GetEPTxStatus
                0x00000000       0x18 THUMB Debug/../../obj/usb_regs.o
 .text.GetEPRxStatus
                0x00000000       0x18 THUMB Debug/../../obj/usb_regs.o
 .text.SetEP_KIND
                0x00000000       0x24 THUMB Debug/../../obj/usb_regs.o
 .text.ClearEP_KIND
                0x00000000       0x24 THUMB Debug/../../obj/usb_regs.o
 .text.Set_Status_Out
                0x00000000       0x24 THUMB Debug/../../obj/usb_regs.o
 .text.SetEPDoubleBuff
                0x00000000       0x24 THUMB Debug/../../obj/usb_regs.o
 .text.ClearEPDoubleBuff
                0x00000000       0x24 THUMB Debug/../../obj/usb_regs.o
 .text.GetTxStallStatus
                0x00000000       0x20 THUMB Debug/../../obj/usb_regs.o
 .text.GetRxStallStatus
                0x00000000       0x20 THUMB Debug/../../obj/usb_regs.o
 .text.ClearEP_CTR_RX
                0x00000000       0x1c THUMB Debug/../../obj/usb_regs.o
 .text.ClearEP_CTR_TX
                0x00000000       0x1c THUMB Debug/../../obj/usb_regs.o
 .text.ToggleDTOG_RX
                0x00000000       0x24 THUMB Debug/../../obj/usb_regs.o
 .text.ToggleDTOG_TX
                0x00000000       0x24 THUMB Debug/../../obj/usb_regs.o
 .text.SetEPAddress
                0x00000000       0x2c THUMB Debug/../../obj/usb_regs.o
 .text.GetEPAddress
                0x00000000       0x18 THUMB Debug/../../obj/usb_regs.o
 .text.SetEPCountRxReg
                0x00000000       0x38 THUMB Debug/../../obj/usb_regs.o
 .text.GetEPTxCount
                0x00000000       0x2c THUMB Debug/../../obj/usb_regs.o
 .text.SetEPDblBuffAddr
                0x00000000       0x4c THUMB Debug/../../obj/usb_regs.o
 .text.SetEPDblBuf0Addr
                0x00000000       0x28 THUMB Debug/../../obj/usb_regs.o
 .text.SetEPDblBuf1Addr
                0x00000000       0x2c THUMB Debug/../../obj/usb_regs.o
 .text.GetEPDblBuf0Addr
                0x00000000       0x24 THUMB Debug/../../obj/usb_regs.o
 .text.GetEPDblBuf1Addr
                0x00000000       0x24 THUMB Debug/../../obj/usb_regs.o
 .text.SetEPDblBuffCount
                0x00000000      0x10c THUMB Debug/../../obj/usb_regs.o
 .text.SetEPDblBuf0Count
                0x00000000       0x84 THUMB Debug/../../obj/usb_regs.o
 .text.SetEPDblBuf1Count
                0x00000000       0x84 THUMB Debug/../../obj/usb_regs.o
 .text.GetEPDblBuf0Count
                0x00000000       0x2c THUMB Debug/../../obj/usb_regs.o
 .text.GetEPDblBuf1Count
                0x00000000       0x2c THUMB Debug/../../obj/usb_regs.o
 .text.GetEPDblBufDir
                0x00000000       0x60 THUMB Debug/../../obj/usb_regs.o
 .text.FreeUserBuffer
                0x00000000       0x4c THUMB Debug/../../obj/usb_regs.o
 .text.ToWord   0x00000000        0xc THUMB Debug/../../obj/usb_regs.o
 .text          0x00000000        0x0 THUMB Debug/../../obj/usb_sil.o
 .data          0x00000000        0x0 THUMB Debug/../../obj/usb_sil.o
 .bss           0x00000000        0x0 THUMB Debug/../../obj/usb_sil.o
 .text.USB_SIL_Write
                0x00000000       0x2c THUMB Debug/../../obj/usb_sil.o
 .text          0x00000000        0x0 THUMB Debug/../../obj/usb_desc.o
 .data          0x00000000        0x0 THUMB Debug/../../obj/usb_desc.o
 .bss           0x00000000        0x0 THUMB Debug/../../obj/usb_desc.o
 .text          0x00000000        0x0 THUMB Debug/../../obj/usb_endp.o
 .data          0x00000000        0x0 THUMB Debug/../../obj/usb_endp.o
 .bss           0x00000000        0x0 THUMB Debug/../../obj/usb_endp.o
 .text          0x00000000        0x0 THUMB Debug/../../obj/usb_istr.o
 .data          0x00000000        0x0 THUMB Debug/../../obj/usb_istr.o
 .bss           0x00000000        0x0 THUMB Debug/../../obj/usb_istr.o
 .text          0x00000000        0x0 THUMB Debug/../../obj/usb_prop.o
 .data          0x00000000        0x0 THUMB Debug/../../obj/usb_prop.o
 .bss           0x00000000        0x0 THUMB Debug/../../obj/usb_prop.o
 .text          0x00000000        0x0 THUMB Debug/../../obj/usb_pwr.o
 .data          0x00000000        0x0 THUMB Debug/../../obj/usb_pwr.o
 .bss           0x00000000        0x0 THUMB Debug/../../obj/usb_pwr.o
 .text.PowerOff
                0x00000000       0x30 THUMB Debug/../../obj/usb_pwr.o
 .text.Suspend  0x00000000       0x28 THUMB Debug/../../obj/usb_pwr.o
 .text.Resume_Init
                0x00000000       0x20 THUMB Debug/../../obj/usb_pwr.o
 .text.Resume   0x00000000      0x10c THUMB Debug/../../obj/usb_pwr.o
 .bss.ResumeS   0x00000000        0x8 THUMB Debug/../../obj/usb_pwr.o
 .data.fSuspendEnabled
                0x00000000        0x4 THUMB Debug/../../obj/usb_pwr.o
 .text          0x00000000        0x0 THUMB Debug/../../obj/cpu_comp.o
 .data          0x00000000        0x0 THUMB Debug/../../obj/cpu_comp.o
 .bss           0x00000000        0x0 THUMB Debug/../../obj/cpu_comp.o
 .text          0x00000000        0x0 THUMB Debug/../../obj/cstart.o
 .data          0x00000000        0x0 THUMB Debug/../../obj/cstart.o
 .bss           0x00000000        0x0 THUMB Debug/../../obj/cstart.o
 .stack         0x00000000        0x0 THUMB Debug/../../obj/cstart.o
 .stack_process
                0x00000000        0x0 THUMB Debug/../../obj/cstart.o
 .heap          0x00000000        0x0 THUMB Debug/../../obj/cstart.o
 .text          0x00000000        0x0 THUMB Debug/../../obj/vectors.o
 .data          0x00000000        0x0 THUMB Debug/../../obj/vectors.o
 .bss           0x00000000        0x0 THUMB Debug/../../obj/vectors.o
 .text          0x00000000        0x0 THUMB Debug/../../obj/can.o
 .data          0x00000000        0x0 THUMB Debug/../../obj/can.o
 .bss           0x00000000        0x0 THUMB Debug/../../obj/can.o
 .text          0x00000000        0x0 THUMB Debug/../../obj/cpu.o
 .data          0x00000000        0x0 THUMB Debug/../../obj/cpu.o
 .bss           0x00000000        0x0 THUMB Debug/../../obj/cpu.o
 .text.CpuReset
                0x00000000        0xc THUMB Debug/../../obj/cpu.o
 .text          0x00000000        0x0 THUMB Debug/../../obj/flash.o
 .data          0x00000000        0x0 THUMB Debug/../../obj/flash.o
 .bss           0x00000000        0x0 THUMB Debug/../../obj/flash.o
 .text          0x00000000        0x0 THUMB Debug/../../obj/nvm.o
 .data          0x00000000        0x0 THUMB Debug/../../obj/nvm.o
 .bss           0x00000000        0x0 THUMB Debug/../../obj/nvm.o
 .text          0x00000000        0x0 THUMB Debug/../../obj/timer.o
 .data          0x00000000        0x0 THUMB Debug/../../obj/timer.o
 .bss           0x00000000        0x0 THUMB Debug/../../obj/timer.o
 .text.TimerGet
                0x00000000       0x14 THUMB Debug/../../obj/timer.o
 .text          0x00000000        0x0 THUMB Debug/../../obj/uart.o
 .data          0x00000000        0x0 THUMB Debug/../../obj/uart.o
 .bss           0x00000000        0x0 THUMB Debug/../../obj/uart.o
 .text          0x00000000        0x0 THUMB Debug/../../obj/usb.o
 .data          0x00000000        0x0 THUMB Debug/../../obj/usb.o
 .bss           0x00000000        0x0 THUMB Debug/../../obj/usb.o
 .text.UsbEnterLowPowerMode
                0x00000000       0x18 THUMB Debug/../../obj/usb.o
 .text.UsbLeaveLowPowerMode
                0x00000000       0x38 THUMB Debug/../../obj/usb.o
 .text          0x00000000        0x0 THUMB Debug/../../obj/assert.o
 .data          0x00000000        0x0 THUMB Debug/../../obj/assert.o
 .bss           0x00000000        0x0 THUMB Debug/../../obj/assert.o
 .text          0x00000000        0x0 THUMB Debug/../../obj/backdoor.o
 .data          0x00000000        0x0 THUMB Debug/../../obj/backdoor.o
 .bss           0x00000000        0x0 THUMB Debug/../../obj/backdoor.o
 .text          0x00000000        0x0 THUMB Debug/../../obj/boot.o
 .data          0x00000000        0x0 THUMB Debug/../../obj/boot.o
 .bss           0x00000000        0x0 THUMB Debug/../../obj/boot.o
 .text          0x00000000        0x0 THUMB Debug/../../obj/com.o
 .data          0x00000000        0x0 THUMB Debug/../../obj/com.o
 .bss           0x00000000        0x0 THUMB Debug/../../obj/com.o
 .text.ComIsConnected
                0x00000000        0xc THUMB Debug/../../obj/com.o
 .text          0x00000000        0x0 THUMB Debug/../../obj/cop.o
 .data          0x00000000        0x0 THUMB Debug/../../obj/cop.o
 .bss           0x00000000        0x0 THUMB Debug/../../obj/cop.o
 .text          0x00000000        0x0 THUMB Debug/../../obj/xcp.o
 .data          0x00000000        0x0 THUMB Debug/../../obj/xcp.o
 .bss           0x00000000        0x0 THUMB Debug/../../obj/xcp.o
 .text.XcpIsConnected
                0x00000000       0x14 THUMB Debug/../../obj/xcp.o
 .text          0x00000000        0x0 C:/Program Files (x86)/Rowley Associates Limited/CrossWorks for ARM 2.3/lib/libdebugio_v7m_t_le.a(libdebugio.o)
 .data          0x00000000        0x0 C:/Program Files (x86)/Rowley Associates Limited/CrossWorks for ARM 2.3/lib/libdebugio_v7m_t_le.a(libdebugio.o)
 .bss           0x00000000        0x0 C:/Program Files (x86)/Rowley Associates Limited/CrossWorks for ARM 2.3/lib/libdebugio_v7m_t_le.a(libdebugio.o)
 .text.libdebugio
                0x00000000        0x0 C:/Program Files (x86)/Rowley Associates Limited/CrossWorks for ARM 2.3/lib/libdebugio_v7m_t_le.a(libdebugio.o)
 .text.libdebugio.__do_nvdebug_operation
                0x00000000       0x18 C:/Program Files (x86)/Rowley Associates Limited/CrossWorks for ARM 2.3/lib/libdebugio_v7m_t_le.a(libdebugio.o)
 .text.libdebugio.debug_abort
                0x00000000       0x14 C:/Program Files (x86)/Rowley Associates Limited/CrossWorks for ARM 2.3/lib/libdebugio_v7m_t_le.a(libdebugio.o)
 .text.libdebugio.debug_fopen
                0x00000000       0x1c C:/Program Files (x86)/Rowley Associates Limited/CrossWorks for ARM 2.3/lib/libdebugio_v7m_t_le.a(libdebugio.o)
 .text.libdebugio.debug_fgets
                0x00000000       0x28 C:/Program Files (x86)/Rowley Associates Limited/CrossWorks for ARM 2.3/lib/libdebugio_v7m_t_le.a(libdebugio.o)
 .text.libdebugio.debug_fputc
                0x00000000       0x14 C:/Program Files (x86)/Rowley Associates Limited/CrossWorks for ARM 2.3/lib/libdebugio_v7m_t_le.a(libdebugio.o)
 .text.libdebugio.debug_fputs
                0x00000000       0x14 C:/Program Files (x86)/Rowley Associates Limited/CrossWorks for ARM 2.3/lib/libdebugio_v7m_t_le.a(libdebugio.o)
 .text.libdebugio.debug_fread
                0x00000000       0x2c C:/Program Files (x86)/Rowley Associates Limited/CrossWorks for ARM 2.3/lib/libdebugio_v7m_t_le.a(libdebugio.o)
 .text.libdebugio.debug_fwrite
                0x00000000       0x20 C:/Program Files (x86)/Rowley Associates Limited/CrossWorks for ARM 2.3/lib/libdebugio_v7m_t_le.a(libdebugio.o)
 .text.libdebugio.debug_fseek
                0x00000000       0x18 C:/Program Files (x86)/Rowley Associates Limited/CrossWorks for ARM 2.3/lib/libdebugio_v7m_t_le.a(libdebugio.o)
 .text.libdebugio.debug_ftell
                0x00000000       0x20 C:/Program Files (x86)/Rowley Associates Limited/CrossWorks for ARM 2.3/lib/libdebugio_v7m_t_le.a(libdebugio.o)
 .text.libdebugio.debug_gets
                0x00000000       0x1c C:/Program Files (x86)/Rowley Associates Limited/CrossWorks for ARM 2.3/lib/libdebugio_v7m_t_le.a(libdebugio.o)
 .text.libdebugio.debug_fflush
                0x00000000       0x10 C:/Program Files (x86)/Rowley Associates Limited/CrossWorks for ARM 2.3/lib/libdebugio_v7m_t_le.a(libdebugio.o)
 .text.libdebugio.debug_fclose
                0x00000000       0x10 C:/Program Files (x86)/Rowley Associates Limited/CrossWorks for ARM 2.3/lib/libdebugio_v7m_t_le.a(libdebugio.o)
 .text.libdebugio.debug_fgetc
                0x00000000       0x18 C:/Program Files (x86)/Rowley Associates Limited/CrossWorks for ARM 2.3/lib/libdebugio_v7m_t_le.a(libdebugio.o)
 .text.libdebugio.debug_getchar
                0x00000000       0x1c C:/Program Files (x86)/Rowley Associates Limited/CrossWorks for ARM 2.3/lib/libdebugio_v7m_t_le.a(libdebugio.o)
 .text.libdebugio.debug_putchar
                0x00000000       0x1c C:/Program Files (x86)/Rowley Associates Limited/CrossWorks for ARM 2.3/lib/libdebugio_v7m_t_le.a(libdebugio.o)
 .text.libdebugio.debug_puts
                0x00000000       0x10 C:/Program Files (x86)/Rowley Associates Limited/CrossWorks for ARM 2.3/lib/libdebugio_v7m_t_le.a(libdebugio.o)
 .text.libdebugio.debug_rewind
                0x00000000       0x10 C:/Program Files (x86)/Rowley Associates Limited/CrossWorks for ARM 2.3/lib/libdebugio_v7m_t_le.a(libdebugio.o)
 .text.libdebugio.debug_clearerr
                0x00000000       0x10 C:/Program Files (x86)/Rowley Associates Limited/CrossWorks for ARM 2.3/lib/libdebugio_v7m_t_le.a(libdebugio.o)
 .text.libdebugio.debug_feof
                0x00000000       0x10 C:/Program Files (x86)/Rowley Associates Limited/CrossWorks for ARM 2.3/lib/libdebugio_v7m_t_le.a(libdebugio.o)
 .text.libdebugio.debug_ferror
                0x00000000       0x10 C:/Program Files (x86)/Rowley Associates Limited/CrossWorks for ARM 2.3/lib/libdebugio_v7m_t_le.a(libdebugio.o)
 .text.libdebugio.debug_getch
                0x00000000       0x1c C:/Program Files (x86)/Rowley Associates Limited/CrossWorks for ARM 2.3/lib/libdebugio_v7m_t_le.a(libdebugio.o)
 .text.libdebugio.debug_time
                0x00000000       0x28 C:/Program Files (x86)/Rowley Associates Limited/CrossWorks for ARM 2.3/lib/libdebugio_v7m_t_le.a(libdebugio.o)
 .text.libdebugio.debug_vprintf
                0x00000000       0x14 C:/Program Files (x86)/Rowley Associates Limited/CrossWorks for ARM 2.3/lib/libdebugio_v7m_t_le.a(libdebugio.o)
 .text.libdebugio.debug_vfprintf
                0x00000000       0x18 C:/Program Files (x86)/Rowley Associates Limited/CrossWorks for ARM 2.3/lib/libdebugio_v7m_t_le.a(libdebugio.o)
 .text.libdebugio.debug_ungetc
                0x00000000       0x14 C:/Program Files (x86)/Rowley Associates Limited/CrossWorks for ARM 2.3/lib/libdebugio_v7m_t_le.a(libdebugio.o)
 .text.libdebugio.debug_fgetpos
                0x00000000       0x14 C:/Program Files (x86)/Rowley Associates Limited/CrossWorks for ARM 2.3/lib/libdebugio_v7m_t_le.a(libdebugio.o)
 .text.libdebugio.debug_fsetpos
                0x00000000       0x14 C:/Program Files (x86)/Rowley Associates Limited/CrossWorks for ARM 2.3/lib/libdebugio_v7m_t_le.a(libdebugio.o)
 .text.libdebugio.debug_freopen
                0x00000000       0x20 C:/Program Files (x86)/Rowley Associates Limited/CrossWorks for ARM 2.3/lib/libdebugio_v7m_t_le.a(libdebugio.o)
 .text.libdebugio.debug_perror
                0x00000000       0x10 C:/Program Files (x86)/Rowley Associates Limited/CrossWorks for ARM 2.3/lib/libdebugio_v7m_t_le.a(libdebugio.o)
 .text.libdebugio.debug_remove
                0x00000000       0x10 C:/Program Files (x86)/Rowley Associates Limited/CrossWorks for ARM 2.3/lib/libdebugio_v7m_t_le.a(libdebugio.o)
 .text.libdebugio.debug_rename
                0x00000000       0x14 C:/Program Files (x86)/Rowley Associates Limited/CrossWorks for ARM 2.3/lib/libdebugio_v7m_t_le.a(libdebugio.o)
 .text.libdebugio.debug_tmpfile
                0x00000000       0x18 C:/Program Files (x86)/Rowley Associates Limited/CrossWorks for ARM 2.3/lib/libdebugio_v7m_t_le.a(libdebugio.o)
 .text.libdebugio.debug_tmpnam
                0x00000000       0x28 C:/Program Files (x86)/Rowley Associates Limited/CrossWorks for ARM 2.3/lib/libdebugio_v7m_t_le.a(libdebugio.o)
 .text.libdebugio.debug_getenv
                0x00000000       0x2c C:/Program Files (x86)/Rowley Associates Limited/CrossWorks for ARM 2.3/lib/libdebugio_v7m_t_le.a(libdebugio.o)
 .text.libdebugio.debug_system
                0x00000000       0x10 C:/Program Files (x86)/Rowley Associates Limited/CrossWorks for ARM 2.3/lib/libdebugio_v7m_t_le.a(libdebugio.o)
 .text.libdebugio.debug_vfscanf
                0x00000000       0x18 C:/Program Files (x86)/Rowley Associates Limited/CrossWorks for ARM 2.3/lib/libdebugio_v7m_t_le.a(libdebugio.o)
 .text.libdebugio.debug_vscanf
                0x00000000       0x1c C:/Program Files (x86)/Rowley Associates Limited/CrossWorks for ARM 2.3/lib/libdebugio_v7m_t_le.a(libdebugio.o)
 .text.libdebugio.debug_exit
                0x00000000       0x10 C:/Program Files (x86)/Rowley Associates Limited/CrossWorks for ARM 2.3/lib/libdebugio_v7m_t_le.a(libdebugio.o)
 .text.libdebugio.debug_enabled
                0x00000000        0xc C:/Program Files (x86)/Rowley Associates Limited/CrossWorks for ARM 2.3/lib/libdebugio_v7m_t_le.a(libdebugio.o)
 .text.libdebugio.debug_kbhit
                0x00000000       0x14 C:/Program Files (x86)/Rowley Associates Limited/CrossWorks for ARM 2.3/lib/libdebugio_v7m_t_le.a(libdebugio.o)
 .text.libdebugio.debug_ioctl
                0x00000000       0x14 C:/Program Files (x86)/Rowley Associates Limited/CrossWorks for ARM 2.3/lib/libdebugio_v7m_t_le.a(libdebugio.o)
 .text.libdebugio.debug_runtime_error
                0x00000000       0x10 C:/Program Files (x86)/Rowley Associates Limited/CrossWorks for ARM 2.3/lib/libdebugio_v7m_t_le.a(libdebugio.o)
 .text.libdebugio.debug_break
                0x00000000       0x14 C:/Program Files (x86)/Rowley Associates Limited/CrossWorks for ARM 2.3/lib/libdebugio_v7m_t_le.a(libdebugio.o)
 .text.libdebugio.debug_getargs
                0x00000000       0x10 C:/Program Files (x86)/Rowley Associates Limited/CrossWorks for ARM 2.3/lib/libdebugio_v7m_t_le.a(libdebugio.o)
 .text.libdebugio.debug_geti
                0x00000000       0x18 C:/Program Files (x86)/Rowley Associates Limited/CrossWorks for ARM 2.3/lib/libdebugio_v7m_t_le.a(libdebugio.o)
 .text.libdebugio.debug_getu
                0x00000000       0x18 C:/Program Files (x86)/Rowley Associates Limited/CrossWorks for ARM 2.3/lib/libdebugio_v7m_t_le.a(libdebugio.o)
 .text.libdebugio.debug_getl
                0x00000000       0x18 C:/Program Files (x86)/Rowley Associates Limited/CrossWorks for ARM 2.3/lib/libdebugio_v7m_t_le.a(libdebugio.o)
 .text.libdebugio.debug_getul
                0x00000000       0x18 C:/Program Files (x86)/Rowley Associates Limited/CrossWorks for ARM 2.3/lib/libdebugio_v7m_t_le.a(libdebugio.o)
 .text.libdebugio.debug_getf
                0x00000000       0x18 C:/Program Files (x86)/Rowley Associates Limited/CrossWorks for ARM 2.3/lib/libdebugio_v7m_t_le.a(libdebugio.o)
 .text.libdebugio.debug_getd
                0x00000000       0x18 C:/Program Files (x86)/Rowley Associates Limited/CrossWorks for ARM 2.3/lib/libdebugio_v7m_t_le.a(libdebugio.o)
 .text.libdebugio.debug_getll
                0x00000000       0x18 C:/Program Files (x86)/Rowley Associates Limited/CrossWorks for ARM 2.3/lib/libdebugio_v7m_t_le.a(libdebugio.o)
 .text.libdebugio.debug_getull
                0x00000000       0x18 C:/Program Files (x86)/Rowley Associates Limited/CrossWorks for ARM 2.3/lib/libdebugio_v7m_t_le.a(libdebugio.o)
 .text.libdebugio.debug_filesize
                0x00000000       0x10 C:/Program Files (x86)/Rowley Associates Limited/CrossWorks for ARM 2.3/lib/libdebugio_v7m_t_le.a(libdebugio.o)
 .text.libdebugio.debug_accept
                0x00000000       0x30 C:/Program Files (x86)/Rowley Associates Limited/CrossWorks for ARM 2.3/lib/libdebugio_v7m_t_le.a(libdebugio.o)
 .text.libdebugio.debug_bind
                0x00000000       0x2c C:/Program Files (x86)/Rowley Associates Limited/CrossWorks for ARM 2.3/lib/libdebugio_v7m_t_le.a(libdebugio.o)
 .text.libdebugio.debug_listen
                0x00000000       0x14 C:/Program Files (x86)/Rowley Associates Limited/CrossWorks for ARM 2.3/lib/libdebugio_v7m_t_le.a(libdebugio.o)
 .text.libdebugio.debug_shutdown
                0x00000000       0x14 C:/Program Files (x86)/Rowley Associates Limited/CrossWorks for ARM 2.3/lib/libdebugio_v7m_t_le.a(libdebugio.o)
 .text.libdebugio.debug_socket
                0x00000000       0x18 C:/Program Files (x86)/Rowley Associates Limited/CrossWorks for ARM 2.3/lib/libdebugio_v7m_t_le.a(libdebugio.o)
 .text.libdebugio.debug_htons
                0x00000000       0x10 C:/Program Files (x86)/Rowley Associates Limited/CrossWorks for ARM 2.3/lib/libdebugio_v7m_t_le.a(libdebugio.o)
 .text.libdebugio.debug_htonl
                0x00000000       0x1c C:/Program Files (x86)/Rowley Associates Limited/CrossWorks for ARM 2.3/lib/libdebugio_v7m_t_le.a(libdebugio.o)
 .text.libdebugio.debug_loadsymbols
                0x00000000       0x18 C:/Program Files (x86)/Rowley Associates Limited/CrossWorks for ARM 2.3/lib/libdebugio_v7m_t_le.a(libdebugio.o)
 .text.libdebugio.debug_unloadsymbols
                0x00000000       0x10 C:/Program Files (x86)/Rowley Associates Limited/CrossWorks for ARM 2.3/lib/libdebugio_v7m_t_le.a(libdebugio.o)
 .bss.libdebugio.getenv_buffer
                0x00000000      0x400 C:/Program Files (x86)/Rowley Associates Limited/CrossWorks for ARM 2.3/lib/libdebugio_v7m_t_le.a(libdebugio.o)
 .bss.libdebugio.__dbgEnabled
                0x00000000        0x4 C:/Program Files (x86)/Rowley Associates Limited/CrossWorks for ARM 2.3/lib/libdebugio_v7m_t_le.a(libdebugio.o)
 .bss.libdebugio.tmpnam_buffer
                0x00000000      0x100 C:/Program Files (x86)/Rowley Associates Limited/CrossWorks for ARM 2.3/lib/libdebugio_v7m_t_le.a(libdebugio.o)
 .text          0x00000000        0x0 C:/Program Files (x86)/Rowley Associates Limited/CrossWorks for ARM 2.3/lib/libc_user_libc_v7m_t_le.a(user_libc.o)
 .data          0x00000000        0x0 C:/Program Files (x86)/Rowley Associates Limited/CrossWorks for ARM 2.3/lib/libc_user_libc_v7m_t_le.a(user_libc.o)
 .bss           0x00000000        0x0 C:/Program Files (x86)/Rowley Associates Limited/CrossWorks for ARM 2.3/lib/libc_user_libc_v7m_t_le.a(user_libc.o)
 .text.libc     0x00000000        0x0 C:/Program Files (x86)/Rowley Associates Limited/CrossWorks for ARM 2.3/lib/libc_user_libc_v7m_t_le.a(user_libc.o)
 .text.libc.__errno
                0x00000000        0xc C:/Program Files (x86)/Rowley Associates Limited/CrossWorks for ARM 2.3/lib/libc_user_libc_v7m_t_le.a(user_libc.o)
 .text.libc.__heap_lock
                0x00000000        0x4 C:/Program Files (x86)/Rowley Associates Limited/CrossWorks for ARM 2.3/lib/libc_user_libc_v7m_t_le.a(user_libc.o)
 .text.libc.__heap_unlock
                0x00000000        0x4 C:/Program Files (x86)/Rowley Associates Limited/CrossWorks for ARM 2.3/lib/libc_user_libc_v7m_t_le.a(user_libc.o)
 .text.libc.__printf_lock
                0x00000000        0x4 C:/Program Files (x86)/Rowley Associates Limited/CrossWorks for ARM 2.3/lib/libc_user_libc_v7m_t_le.a(user_libc.o)
 .text.libc.__printf_unlock
                0x00000000        0x4 C:/Program Files (x86)/Rowley Associates Limited/CrossWorks for ARM 2.3/lib/libc_user_libc_v7m_t_le.a(user_libc.o)
 .text.libc.__scanf_lock
                0x00000000        0x4 C:/Program Files (x86)/Rowley Associates Limited/CrossWorks for ARM 2.3/lib/libc_user_libc_v7m_t_le.a(user_libc.o)
 .text.libc.__scanf_unlock
                0x00000000        0x4 C:/Program Files (x86)/Rowley Associates Limited/CrossWorks for ARM 2.3/lib/libc_user_libc_v7m_t_le.a(user_libc.o)
 .bss.libc.errno
                0x00000000        0x4 C:/Program Files (x86)/Rowley Associates Limited/CrossWorks for ARM 2.3/lib/libc_user_libc_v7m_t_le.a(user_libc.o)

Memory Configuration

Name             Origin             Length             Attributes
UNPLACED_SECTIONS 0xffffffff         0x00000000         xw
SRAM             0x20000000         0x00002000         xw
FLASH            0x08000000         0x00006000         xr
*default*        0x00000000         0xffffffff

Linker script and memory map

                0x08002abc                __do_debug_operation = __do_debug_operation_mempoll
                0x20000000                __SRAM_segment_start__ = 0x20000000
                0x20002000                __SRAM_segment_end__ = 0x20002000
                0x08000000                __FLASH_segment_start__ = 0x8000000
                0x08006000                __FLASH_segment_end__ = 0x8006000
                0x00000200                __STACKSIZE__ = 0x200
                0x00000000                __STACKSIZE_PROCESS__ = 0x0
                0x00000000                __STACKSIZE_IRQ__ = 0x0
                0x00000000                __STACKSIZE_FIQ__ = 0x0
                0x00000000                __STACKSIZE_SVC__ = 0x0
                0x00000000                __STACKSIZE_ABT__ = 0x0
                0x00000000                __STACKSIZE_UND__ = 0x0
                0x00000080                __HEAPSIZE__ = 0x80
                0x20000000                __vectors_ram_load_start__ = ALIGN (__SRAM_segment_start__, 0x100)

.vectors_ram    0x20000000        0x0
                0x20000000                __vectors_ram_start__ = .
 *(.vectors_ram .vectors_ram.*)
                0x20000000                __vectors_ram_end__ = (__vectors_ram_start__ + SIZEOF (.vectors_ram))
                0x20000000                __vectors_ram_load_end__ = __vectors_ram_end__
                0x00000001                . = ASSERT (((__vectors_ram_end__ >= __SRAM_segment_start__) && (__vectors_ram_end__ <= __SRAM_segment_end__)), error: .vectors_ram is too large to fit in SRAM memory segment)
                0x08000000                __vectors_load_start__ = ALIGN (__FLASH_segment_start__, 0x100)

.vectors        0x08000000      0x150
                0x08000000                __vectors_start__ = .
 *(.vectors .vectors.*)
 .vectors       0x08000000      0x150 THUMB Debug/../../obj/vectors.o
                0x08000000                _vectors
                0x08000150                __vectors_end__ = (__vectors_start__ + SIZEOF (.vectors))
                0x08000150                __vectors_load_end__ = __vectors_end__
                0x00000001                . = ASSERT (((__vectors_end__ >= __FLASH_segment_start__) && (__vectors_end__ <= __FLASH_segment_end__)), error: .vectors is too large to fit in FLASH memory segment)
                0x08000150                __init_load_start__ = ALIGN (__vectors_end__, 0x4)

.init           0x08000150      0x104
                0x08000150                __init_start__ = .
 *(.init .init.*)
 .init          0x08000150      0x104 THUMB Debug/../../obj/cstart.o
                0x08000150                reset_handler
                0x080001ce                exit
                0x08000254                __init_end__ = (__init_start__ + SIZEOF (.init))
                0x08000254                __init_load_end__ = __init_end__
                0x00000001                . = ASSERT (((__init_end__ >= __FLASH_segment_start__) && (__init_end__ <= __FLASH_segment_end__)), error: .init is too large to fit in FLASH memory segment)
                0x08000254                __text_load_start__ = ALIGN (__init_end__, 0x4)

.text           0x08000254     0x28a8
                0x08000254                __text_start__ = .
 *(.text .text.* .glue_7t .glue_7 .gnu.linkonce.t.* .gcc_except_table .ARM.extab* .gnu.linkonce.armextab.*)
 .glue_7        0x00000000        0x0 linker stubs
 .glue_7t       0x00000000        0x0 linker stubs
 .text.UsbConnectHook
                0x08000254       0x5c THUMB Debug/../../obj/hooks.o
                0x08000254                UsbConnectHook
 .text.BackDoorInitHook
                0x080002b0       0x2c THUMB Debug/../../obj/hooks.o
                0x080002b0                BackDoorInitHook
 .text.BackDoorEntryHook
                0x080002dc       0x18 THUMB Debug/../../obj/hooks.o
                0x080002dc                BackDoorEntryHook
 .text.main     0x080002f4      0x148 THUMB Debug/../../obj/main.o
                0x080002f4                main
 .text.Standard_GetConfiguration
                0x0800043c       0x3c THUMB Debug/../../obj/usb_core.o
                0x0800043c                Standard_GetConfiguration
 .text.Standard_GetInterface
                0x08000478       0x3c THUMB Debug/../../obj/usb_core.o
                0x08000478                Standard_GetInterface
 .text.Standard_GetStatus
                0x080004b4      0x104 THUMB Debug/../../obj/usb_core.o
                0x080004b4                Standard_GetStatus
 .text.DataStageIn
                0x080005b8       0xe8 THUMB Debug/../../obj/usb_core.o
 .text.Standard_SetConfiguration
                0x080006a0       0x54 THUMB Debug/../../obj/usb_core.o
                0x080006a0                Standard_SetConfiguration
 .text.Standard_SetInterface
                0x080006f4       0x64 THUMB Debug/../../obj/usb_core.o
                0x080006f4                Standard_SetInterface
 .text.Standard_ClearFeature
                0x08000758      0x134 THUMB Debug/../../obj/usb_core.o
                0x08000758                Standard_ClearFeature
 .text.Standard_SetEndPointFeature
                0x0800088c       0xc8 THUMB Debug/../../obj/usb_core.o
                0x0800088c                Standard_SetEndPointFeature
 .text.Standard_SetDeviceFeature
                0x08000954       0x2c THUMB Debug/../../obj/usb_core.o
                0x08000954                Standard_SetDeviceFeature
 .text.Standard_GetDescriptorData
                0x08000980       0x24 THUMB Debug/../../obj/usb_core.o
                0x08000980                Standard_GetDescriptorData
 .text.Post0_Process
                0x080009a4       0x50 THUMB Debug/../../obj/usb_core.o
                0x080009a4                Post0_Process
 .text.Out0_Process
                0x080009f4      0x130 THUMB Debug/../../obj/usb_core.o
                0x080009f4                Out0_Process
 .text.Setup0_Process
                0x08000b24      0x3dc THUMB Debug/../../obj/usb_core.o
                0x08000b24                Setup0_Process
 .text.SetDeviceAddress
                0x08000f00       0x50 THUMB Debug/../../obj/usb_core.o
                0x08000f00                SetDeviceAddress
 .text.In0_Process
                0x08000f50       0x7c THUMB Debug/../../obj/usb_core.o
                0x08000f50                In0_Process
 .text.NOP_Process
                0x08000fcc        0x4 THUMB Debug/../../obj/usb_core.o
                0x08000fcc                NOP_Process
 .text.USB_Init
                0x08000fd0       0x48 THUMB Debug/../../obj/usb_init.o
                0x08000fd0                USB_Init
 .text.CTR_LP   0x08001018      0x2d8 THUMB Debug/../../obj/usb_int.o
                0x08001018                CTR_LP
 .text.UserToPMABufferCopy
                0x080012f0       0x38 THUMB Debug/../../obj/usb_mem.o
                0x080012f0                UserToPMABufferCopy
 .text.PMAToUserBufferCopy
                0x08001328       0x30 THUMB Debug/../../obj/usb_mem.o
                0x08001328                PMAToUserBufferCopy
 .text.SetBTABLE
                0x08001358       0x14 THUMB Debug/../../obj/usb_regs.o
                0x08001358                SetBTABLE
 .text.SetEPType
                0x0800136c       0x20 THUMB Debug/../../obj/usb_regs.o
                0x0800136c                SetEPType
 .text.SetEPTxStatus
                0x0800138c       0x3c THUMB Debug/../../obj/usb_regs.o
                0x0800138c                SetEPTxStatus
 .text.SetEPRxStatus
                0x080013c8       0x3c THUMB Debug/../../obj/usb_regs.o
                0x080013c8                SetEPRxStatus
 .text.SetEPTxValid
                0x08001404       0x28 THUMB Debug/../../obj/usb_regs.o
                0x08001404                SetEPTxValid
 .text.SetEPRxValid
                0x0800142c       0x28 THUMB Debug/../../obj/usb_regs.o
                0x0800142c                SetEPRxValid
 .text.Clear_Status_Out
                0x08001454       0x24 THUMB Debug/../../obj/usb_regs.o
                0x08001454                Clear_Status_Out
 .text.ClearDTOG_RX
                0x08001478       0x2c THUMB Debug/../../obj/usb_regs.o
                0x08001478                ClearDTOG_RX
 .text.ClearDTOG_TX
                0x080014a4       0x2c THUMB Debug/../../obj/usb_regs.o
                0x080014a4                ClearDTOG_TX
 .text.SetEPTxAddr
                0x080014d0       0x28 THUMB Debug/../../obj/usb_regs.o
                0x080014d0                SetEPTxAddr
 .text.SetEPRxAddr
                0x080014f8       0x2c THUMB Debug/../../obj/usb_regs.o
                0x080014f8                SetEPRxAddr
 .text.GetEPTxAddr
                0x08001524       0x24 THUMB Debug/../../obj/usb_regs.o
                0x08001524                GetEPTxAddr
 .text.GetEPRxAddr
                0x08001548       0x24 THUMB Debug/../../obj/usb_regs.o
                0x08001548                GetEPRxAddr
 .text.SetEPTxCount
                0x0800156c       0x28 THUMB Debug/../../obj/usb_regs.o
                0x0800156c                SetEPTxCount
 .text.SetEPRxCount
                0x08001594       0x58 THUMB Debug/../../obj/usb_regs.o
                0x08001594                SetEPRxCount
 .text.GetEPRxCount
                0x080015ec       0x2c THUMB Debug/../../obj/usb_regs.o
                0x080015ec                GetEPRxCount
 .text.ByteSwap
                0x08001618       0x10 THUMB Debug/../../obj/usb_regs.o
                0x08001618                ByteSwap
 .text.USB_SIL_Init
                0x08001628       0x28 THUMB Debug/../../obj/usb_sil.o
                0x08001628                USB_SIL_Init
 .text.USB_SIL_Read
                0x08001650       0x24 THUMB Debug/../../obj/usb_sil.o
                0x08001650                USB_SIL_Read
 .text.EP1_IN_Callback
                0x08001674        0xc THUMB Debug/../../obj/usb_endp.o
                0x08001674                EP1_IN_Callback
 .text.EP1_OUT_Callback
                0x08001680        0xc THUMB Debug/../../obj/usb_endp.o
                0x08001680                EP1_OUT_Callback
 .text.SOF_Callback
                0x0800168c       0x18 THUMB Debug/../../obj/usb_endp.o
                0x0800168c                SOF_Callback
 .text.USB_Istr
                0x080016a4       0xac THUMB Debug/../../obj/usb_istr.o
                0x080016a4                USB_Istr
 .text.Bulk_SetConfiguration
                0x08001750       0x1c THUMB Debug/../../obj/usb_prop.o
                0x08001750                Bulk_SetConfiguration
 .text.Bulk_SetDeviceAddress
                0x0800176c       0x10 THUMB Debug/../../obj/usb_prop.o
                0x0800176c                Bulk_SetDeviceAddress
 .text.Bulk_Status_In
                0x0800177c        0x4 THUMB Debug/../../obj/usb_prop.o
                0x0800177c                Bulk_Status_In
 .text.Bulk_Status_Out
                0x08001780        0x4 THUMB Debug/../../obj/usb_prop.o
                0x08001780                Bulk_Status_Out
 .text.Bulk_Data_Setup
                0x08001784       0x58 THUMB Debug/../../obj/usb_prop.o
                0x08001784                Bulk_Data_Setup
 .text.Bulk_NoData_Setup
                0x080017dc        0x8 THUMB Debug/../../obj/usb_prop.o
                0x080017dc                Bulk_NoData_Setup
 .text.Bulk_Get_Interface_Setting
                0x080017e4       0x18 THUMB Debug/../../obj/usb_prop.o
                0x080017e4                Bulk_Get_Interface_Setting
 .text.Bulk_GetBulkDescriptor
                0x080017fc       0x14 THUMB Debug/../../obj/usb_prop.o
                0x080017fc                Bulk_GetBulkDescriptor
 .text.Bulk_GetStringDescriptor
                0x08001810       0x30 THUMB Debug/../../obj/usb_prop.o
                0x08001810                Bulk_GetStringDescriptor
 .text.Bulk_GetConfigDescriptor
                0x08001840       0x14 THUMB Debug/../../obj/usb_prop.o
                0x08001840                Bulk_GetConfigDescriptor
 .text.Bulk_GetDeviceDescriptor
                0x08001854       0x14 THUMB Debug/../../obj/usb_prop.o
                0x08001854                Bulk_GetDeviceDescriptor
 .text.Bulk_Reset
                0x08001868       0xd4 THUMB Debug/../../obj/usb_prop.o
                0x08001868                Bulk_Reset
 .text.Bulk_Init
                0x0800193c       0x2c THUMB Debug/../../obj/usb_prop.o
                0x0800193c                Bulk_Init
 .text.PowerOn  0x08001968       0x3c THUMB Debug/../../obj/usb_pwr.o
                0x08001968                PowerOn
 .text.CpuIrqDisable
                0x080019a4        0x4 THUMB Debug/../../obj/cpu_comp.o
                0x080019a4                CpuIrqDisable
 .text.CpuIrqEnable
                0x080019a8        0x4 THUMB Debug/../../obj/cpu_comp.o
                0x080019a8                CpuIrqEnable
 .text.UnusedISR
                0x080019ac       0x18 THUMB Debug/../../obj/vectors.o
                0x080019ac                UnusedISR
 .text.CpuInit  0x080019c4        0xc THUMB Debug/../../obj/cpu.o
                0x080019c4                CpuInit
 .text.CpuStartUserProgram
                0x080019d0       0x34 THUMB Debug/../../obj/cpu.o
                0x080019d0                CpuStartUserProgram
 .text.CpuMemCopy
                0x08001a04       0x28 THUMB Debug/../../obj/cpu.o
                0x08001a04                CpuMemCopy
 .text.FlashUnlock
                0x08001a2c       0x24 THUMB Debug/../../obj/flash.o
 .text.FlashLock
                0x08001a50       0x14 THUMB Debug/../../obj/flash.o
 .text.FlashGetSector
                0x08001a64       0x48 THUMB Debug/../../obj/flash.o
 .text.FlashWriteBlock
                0x08001aac       0xc8 THUMB Debug/../../obj/flash.o
 .text.FlashGetSectorBaseAddr
                0x08001b74       0x40 THUMB Debug/../../obj/flash.o
 .text.FlashInitBlock
                0x08001bb4       0x38 THUMB Debug/../../obj/flash.o
 .text.FlashSwitchBlock
                0x08001bec       0x50 THUMB Debug/../../obj/flash.o
 .text.FlashAddToBlock
                0x08001c3c       0x94 THUMB Debug/../../obj/flash.o
 .text.FlashInit
                0x08001cd0       0x1c THUMB Debug/../../obj/flash.o
                0x08001cd0                FlashInit
 .text.FlashWrite
                0x08001cec       0x58 THUMB Debug/../../obj/flash.o
                0x08001cec                FlashWrite
 .text.FlashErase
                0x08001d44      0x140 THUMB Debug/../../obj/flash.o
                0x08001d44                FlashErase
 .text.FlashWriteChecksum
                0x08001e84       0x5c THUMB Debug/../../obj/flash.o
                0x08001e84                FlashWriteChecksum
 .text.FlashVerifyChecksum
                0x08001ee0       0x68 THUMB Debug/../../obj/flash.o
                0x08001ee0                FlashVerifyChecksum
 .text.FlashDone
                0x08001f48       0x58 THUMB Debug/../../obj/flash.o
                0x08001f48                FlashDone
 .text.FlashGetUserProgBaseAddress
                0x08001fa0        0xc THUMB Debug/../../obj/flash.o
                0x08001fa0                FlashGetUserProgBaseAddress
 .text.NvmInit  0x08001fac        0xc THUMB Debug/../../obj/nvm.o
                0x08001fac                NvmInit
 .text.NvmWrite
                0x08001fb8        0xc THUMB Debug/../../obj/nvm.o
                0x08001fb8                NvmWrite
 .text.NvmErase
                0x08001fc4        0xc THUMB Debug/../../obj/nvm.o
                0x08001fc4                NvmErase
 .text.NvmVerifyChecksum
                0x08001fd0        0xc THUMB Debug/../../obj/nvm.o
                0x08001fd0                NvmVerifyChecksum
 .text.NvmGetUserProgBaseAddress
                0x08001fdc        0xc THUMB Debug/../../obj/nvm.o
                0x08001fdc                NvmGetUserProgBaseAddress
 .text.NvmDone  0x08001fe8       0x18 THUMB Debug/../../obj/nvm.o
                0x08001fe8                NvmDone
 .text.TimerReset
                0x08002000       0x10 THUMB Debug/../../obj/timer.o
                0x08002000                TimerReset
 .text.TimerInit
                0x08002010       0x34 THUMB Debug/../../obj/timer.o
                0x08002010                TimerInit
 .text.TimerUpdate
                0x08002044       0x24 THUMB Debug/../../obj/timer.o
                0x08002044                TimerUpdate
 .text.IntToUnicode
                0x08002068       0x3c THUMB Debug/../../obj/usb.o
 .text.UsbFifoMgrCreate
                0x080020a4       0x40 THUMB Debug/../../obj/usb.o
 .text.UsbFifoMgrWrite
                0x080020e4       0x84 THUMB Debug/../../obj/usb.o
 .text.UsbTransmitByte
                0x08002168       0x18 THUMB Debug/../../obj/usb.o
 .text.UsbFifoMgrRead
                0x08002180       0x80 THUMB Debug/../../obj/usb.o
 .text.UsbReceiveByte
                0x08002200       0x18 THUMB Debug/../../obj/usb.o
 .text.UsbInit  0x08002218       0x74 THUMB Debug/../../obj/usb.o
                0x08002218                UsbInit
 .text.UsbFree  0x0800228c       0x10 THUMB Debug/../../obj/usb.o
                0x0800228c                UsbFree
 .text.UsbTransmitPacket
                0x0800229c       0x70 THUMB Debug/../../obj/usb.o
                0x0800229c                UsbTransmitPacket
 .text.UsbReceivePacket
                0x0800230c       0xc8 THUMB Debug/../../obj/usb.o
                0x0800230c                UsbReceivePacket
 .text.UsbTransmitPipeBulkIN
                0x080023d4       0xbc THUMB Debug/../../obj/usb.o
                0x080023d4                UsbTransmitPipeBulkIN
 .text.UsbReceivePipeBulkOUT
                0x08002490       0x60 THUMB Debug/../../obj/usb.o
                0x08002490                UsbReceivePipeBulkOUT
 .text.UsbGetSerialNum
                0x080024f0       0x44 THUMB Debug/../../obj/usb.o
                0x080024f0                UsbGetSerialNum
 .text.AssertFailure
                0x08002534        0x8 THUMB Debug/../../obj/assert.o
                0x08002534                AssertFailure
 .text.BackDoorInit
                0x0800253c       0x14 THUMB Debug/../../obj/backdoor.o
                0x0800253c                BackDoorInit
 .text.BackDoorCheck
                0x08002550        0x4 THUMB Debug/../../obj/backdoor.o
                0x08002550                BackDoorCheck
 .text.BootInit
                0x08002554       0x20 THUMB Debug/../../obj/boot.o
                0x08002554                BootInit
 .text.BootTask
                0x08002574       0x18 THUMB Debug/../../obj/boot.o
                0x08002574                BootTask
 .text.ComInit  0x0800258c       0x1c THUMB Debug/../../obj/com.o
                0x0800258c                ComInit
 .text.ComTask  0x080025a8       0x30 THUMB Debug/../../obj/com.o
                0x080025a8                ComTask
 .text.ComFree  0x080025d8        0xc THUMB Debug/../../obj/com.o
                0x080025d8                ComFree
 .text.ComTransmitPacket
                0x080025e4       0x20 THUMB Debug/../../obj/com.o
                0x080025e4                ComTransmitPacket
 .text.ComGetActiveInterfaceMaxRxLen
                0x08002604       0x2c THUMB Debug/../../obj/com.o
                0x08002604                ComGetActiveInterfaceMaxRxLen
 .text.ComGetActiveInterfaceMaxTxLen
                0x08002630       0x2c THUMB Debug/../../obj/com.o
                0x08002630                ComGetActiveInterfaceMaxTxLen
 .text.CopInit  0x0800265c        0x4 THUMB Debug/../../obj/cop.o
                0x0800265c                CopInit
 .text.CopService
                0x08002660        0x4 THUMB Debug/../../obj/cop.o
                0x08002660                CopService
 .text.XcpProtectResources
                0x08002664       0x10 THUMB Debug/../../obj/xcp.o
 .text.XcpSetCtoError
                0x08002674       0x1c THUMB Debug/../../obj/xcp.o
 .text.XcpInit  0x08002690       0x20 THUMB Debug/../../obj/xcp.o
                0x08002690                XcpInit
 .text.XcpPacketTransmitted
                0x080026b0       0x14 THUMB Debug/../../obj/xcp.o
                0x080026b0                XcpPacketTransmitted
 .text.XcpPacketReceived
                0x080026c4      0x3f8 THUMB Debug/../../obj/xcp.o
                0x080026c4                XcpPacketReceived
 .text.libdebugio.__do_debug_operation_mempoll
                0x08002abc       0x38 C:/Program Files (x86)/Rowley Associates Limited/CrossWorks for ARM 2.3/lib/libdebugio_v7m_t_le.a(libdebugio.o)
                0x08002abc                __do_debug_operation_mempoll
 .text.libc.__debug_io_lock
                0x08002af4        0x4 C:/Program Files (x86)/Rowley Associates Limited/CrossWorks for ARM 2.3/lib/libc_user_libc_v7m_t_le.a(user_libc.o)
                0x08002af4                __debug_io_lock
 .text.libc.__debug_io_unlock
                0x08002af8        0x4 C:/Program Files (x86)/Rowley Associates Limited/CrossWorks for ARM 2.3/lib/libc_user_libc_v7m_t_le.a(user_libc.o)
                0x08002af8                __debug_io_unlock
                0x08002afc                __text_end__ = (__text_start__ + SIZEOF (.text))
                0x08002afc                __text_load_end__ = __text_end__

.vfp11_veneer   0x00000000        0x0
 .vfp11_veneer  0x00000000        0x0 linker stubs

.v4_bx          0x00000000        0x0
 .v4_bx         0x00000000        0x0 linker stubs
                0x00000001                . = ASSERT (((__text_end__ >= __FLASH_segment_start__) && (__text_end__ <= __FLASH_segment_end__)), error: .text is too large to fit in FLASH memory segment)
                0x08002afc                __dtors_load_start__ = ALIGN (__text_end__, 0x4)

.dtors          0x08002afc        0x0
                0x08002afc                __dtors_start__ = .
 *(SORT(.dtors.*))
 *(.dtors)
 *(.fini_array .fini_array.*)
                0x08002afc                __dtors_end__ = (__dtors_start__ + SIZEOF (.dtors))
                0x08002afc                __dtors_load_end__ = __dtors_end__
                0x00000001                . = ASSERT (((__dtors_end__ >= __FLASH_segment_start__) && (__dtors_end__ <= __FLASH_segment_end__)), error: .dtors is too large to fit in FLASH memory segment)
                0x08002afc                __ctors_load_start__ = ALIGN (__dtors_end__, 0x4)

.ctors          0x08002afc        0x0
                0x08002afc                __ctors_start__ = .
 *(SORT(.ctors.*))
 *(.ctors)
 *(.init_array .init_array.*)
                0x08002afc                __ctors_end__ = (__ctors_start__ + SIZEOF (.ctors))
                0x08002afc                __ctors_load_end__ = __ctors_end__
                0x00000001                . = ASSERT (((__ctors_end__ >= __FLASH_segment_start__) && (__ctors_end__ <= __FLASH_segment_end__)), error: .ctors is too large to fit in FLASH memory segment)
                0x08002afc                __rodata_load_start__ = ALIGN (__ctors_end__, 0x4)

.rodata         0x08002afc      0x2c4
                0x08002afc                __rodata_start__ = .
 *(.rodata .rodata.* .gnu.linkonce.r.*)
 .rodata.str1.4
                0x08002afc       0x63 THUMB Debug/../../obj/main.o
                                 0x64 (size before relaxing)
 *fill*         0x08002b5f        0x1 00
 .rodata.Bulk_DeviceDescriptor
                0x08002b60       0x14 THUMB Debug/../../obj/usb_desc.o
                0x08002b60                Bulk_DeviceDescriptor
 .rodata.Bulk_StringLangID
                0x08002b74        0x4 THUMB Debug/../../obj/usb_desc.o
                0x08002b74                Bulk_StringLangID
 .rodata.Bulk_StringProduct
                0x08002b78       0x28 THUMB Debug/../../obj/usb_desc.o
                0x08002b78                Bulk_StringProduct
 .rodata.Bulk_ConfigDescriptor
                0x08002ba0       0x20 THUMB Debug/../../obj/usb_desc.o
                0x08002ba0                Bulk_ConfigDescriptor
 .rodata.Bulk_StringVendor
                0x08002bc0       0x1c THUMB Debug/../../obj/usb_desc.o
                0x08002bc0                Bulk_StringVendor
 .rodata.Bulk_StringInterface
                0x08002bdc       0x2c THUMB Debug/../../obj/usb_desc.o
                0x08002bdc                Bulk_StringInterface
 .rodata.str1.4
                0x08002c08       0x90 THUMB Debug/../../obj/vectors.o
 .rodata.flashLayout
                0x08002c98       0x9c THUMB Debug/../../obj/flash.o
 .rodata.str1.4
                0x08002d34       0x84 THUMB Debug/../../obj/usb.o
 .rodata.xcpStationId
                0x08002db8        0x8 THUMB Debug/../../obj/xcp.o
                0x08002dc0                __rodata_end__ = (__rodata_start__ + SIZEOF (.rodata))
                0x08002dc0                __rodata_load_end__ = __rodata_end__
                0x00000001                . = ASSERT (((__rodata_end__ >= __FLASH_segment_start__) && (__rodata_end__ <= __FLASH_segment_end__)), error: .rodata is too large to fit in FLASH memory segment)
                0x08002dc0                __ARM.exidx_load_start__ = ALIGN (__rodata_end__, 0x4)

.ARM.exidx      0x08002dc0        0x0
                0x08002dc0                __ARM.exidx_start__ = .
                0x08002dc0                __exidx_start = __ARM.exidx_start__
 *(.ARM.exidx .ARM.exidx.*)
                0x08002dc0                __ARM.exidx_end__ = (__ARM.exidx_start__ + SIZEOF (.ARM.exidx))
                0x08002dc0                __exidx_end = __ARM.exidx_end__
                0x08002dc0                __ARM.exidx_load_end__ = __ARM.exidx_end__
                0x00000001                . = ASSERT (((__ARM.exidx_end__ >= __FLASH_segment_start__) && (__ARM.exidx_end__ <= __FLASH_segment_end__)), error: .ARM.exidx is too large to fit in FLASH memory segment)
                0x08002dc0                __fast_load_start__ = ALIGN (__ARM.exidx_end__, 0x4)

.fast           0x20000000        0x0 load address 0x08002dc0
                0x20000000                __fast_start__ = .
 *(.fast .fast.*)
                0x20000000                __fast_end__ = (__fast_start__ + SIZEOF (.fast))
                0x08002dc0                __fast_load_end__ = (__fast_load_start__ + SIZEOF (.fast))
                0x00000001                . = ASSERT (((__fast_load_end__ >= __FLASH_segment_start__) && (__fast_load_end__ <= __FLASH_segment_end__)), error: .fast is too large to fit in FLASH memory segment)

.fast_run       0x20000000        0x0
                0x20000000                __fast_run_start__ = .
                0x20000000                . = MAX ((__fast_run_start__ + SIZEOF (.fast)), .)
                0x20000000                __fast_run_end__ = (__fast_run_start__ + SIZEOF (.fast_run))
                0x20000000                __fast_run_load_end__ = __fast_run_end__
                0x00000001                . = ASSERT (((__fast_run_end__ >= __SRAM_segment_start__) && (__fast_run_end__ <= __SRAM_segment_end__)), error: .fast_run is too large to fit in SRAM memory segment)
                0x08002dc0                __data_load_start__ = ALIGN ((__fast_load_start__ + SIZEOF (.fast)), 0x4)

.data           0x20000000       0xf0 load address 0x08002dc0
                0x20000000                __data_start__ = .
 *(.data .data.* .gnu.linkonce.d.*)
 .data.Bulk_StringSerial
                0x20000000       0x1c THUMB Debug/../../obj/usb_desc.o
                0x20000000                Bulk_StringSerial
 .data.pEpInt_IN
                0x2000001c       0x1c THUMB Debug/../../obj/usb_istr.o
                0x2000001c                pEpInt_IN
 .data.pEpInt_OUT
                0x20000038       0x1c THUMB Debug/../../obj/usb_istr.o
                0x20000038                pEpInt_OUT
 .data.Config_Descriptor
                0x20000054        0x8 THUMB Debug/../../obj/usb_prop.o
                0x20000054                Config_Descriptor
 .data.Device_Property
                0x2000005c       0x30 THUMB Debug/../../obj/usb_prop.o
                0x2000005c                Device_Property
 .data.User_Standard_Requests
                0x2000008c       0x24 THUMB Debug/../../obj/usb_prop.o
                0x2000008c                User_Standard_Requests
 .data.Bulk_Descriptor
                0x200000b0        0x8 THUMB Debug/../../obj/usb_prop.o
                0x200000b0                Bulk_Descriptor
 .data.Device_Descriptor
                0x200000b8        0x8 THUMB Debug/../../obj/usb_prop.o
                0x200000b8                Device_Descriptor
 .data.String_Descriptor
                0x200000c0       0x28 THUMB Debug/../../obj/usb_prop.o
                0x200000c0                String_Descriptor
 .data.Device_Table
                0x200000e8        0x4 THUMB Debug/../../obj/usb_prop.o
                0x200000e8                Device_Table
 .data.comActiveInterface
                0x200000ec        0x4 THUMB Debug/../../obj/com.o
                0x200000f0                __data_end__ = (__data_start__ + SIZEOF (.data))
                0x08002eb0                __data_load_end__ = (__data_load_start__ + SIZEOF (.data))
                0x00000001                . = ASSERT (((__data_load_end__ >= __FLASH_segment_start__) && (__data_load_end__ <= __FLASH_segment_end__)), error: .data is too large to fit in FLASH memory segment)

.data_run       0x20000000       0xf0 load address 0x08002dc0
                0x20000000                __data_run_start__ = .
                0x200000f0                . = MAX ((__data_run_start__ + SIZEOF (.data)), .)
 *fill*         0x20000000       0xf0 00
                0x200000f0                __data_run_end__ = (__data_run_start__ + SIZEOF (.data_run))
                0x200000f0                __data_run_load_end__ = __data_run_end__
                0x00000001                . = ASSERT (((__data_run_end__ >= __SRAM_segment_start__) && (__data_run_end__ <= __SRAM_segment_end__)), error: .data_run is too large to fit in SRAM memory segment)
                0x200000f0                __bss_load_start__ = ALIGN (__data_run_end__, 0x4)

.bss            0x200000f0      0x674
                0x200000f0                __bss_start__ = .
 *(.bss .bss.* .gnu.linkonce.b.*)
 .bss.initialized.1732
                0x200000f0        0x1 THUMB Debug/../../obj/hooks.o
 *fill*         0x200000f1        0x3 00
 .bss.Data_Mul_MaxPacketSize
                0x200000f4        0x4 THUMB Debug/../../obj/usb_core.o
                0x200000f4                Data_Mul_MaxPacketSize
 .bss.StatusInfo
                0x200000f8        0x4 THUMB Debug/../../obj/usb_core.o
                0x200000f8                StatusInfo
 .bss.Device_Info
                0x200000fc       0x24 THUMB Debug/../../obj/usb_init.o
                0x200000fc                Device_Info
 .bss.EPindex   0x20000120        0x1 THUMB Debug/../../obj/usb_init.o
                0x20000120                EPindex
 *fill*         0x20000121        0x3 00
 .bss.pInformation
                0x20000124        0x4 THUMB Debug/../../obj/usb_init.o
                0x20000124                pInformation
 .bss.pUser_Standard_Requests
                0x20000128        0x4 THUMB Debug/../../obj/usb_init.o
                0x20000128                pUser_Standard_Requests
 .bss.wInterrupt_Mask
                0x2000012c        0x2 THUMB Debug/../../obj/usb_init.o
                0x2000012c                wInterrupt_Mask
 *fill*         0x2000012e        0x2 00
 .bss.pProperty
                0x20000130        0x4 THUMB Debug/../../obj/usb_init.o
                0x20000130                pProperty
 .bss.SaveRState
                0x20000134        0x2 THUMB Debug/../../obj/usb_int.o
                0x20000134                SaveRState
 .bss.SaveTState
                0x20000136        0x2 THUMB Debug/../../obj/usb_int.o
                0x20000136                SaveTState
 .bss.bIntPackSOF
                0x20000138        0x1 THUMB Debug/../../obj/usb_istr.o
                0x20000138                bIntPackSOF
 *fill*         0x20000139        0x1 00
 .bss.wIstr     0x2000013a        0x2 THUMB Debug/../../obj/usb_istr.o
                0x2000013a                wIstr
 .bss.bDeviceState
                0x2000013c        0x4 THUMB Debug/../../obj/usb_pwr.o
                0x2000013c                bDeviceState
 .bss.bootBlockInfo
                0x20000140      0x204 THUMB Debug/../../obj/flash.o
 .bss.blockInfo
                0x20000344      0x204 THUMB Debug/../../obj/flash.o
 .bss.millisecond_counter
                0x20000548        0x4 THUMB Debug/../../obj/timer.o
 .bss.xcpCtoRxInProgress.2214
                0x2000054c        0x1 THUMB Debug/../../obj/usb.o
 *fill*         0x2000054d        0x3 00
 .bss.xcpCtoReqPacket.2212
                0x20000550       0x40 THUMB Debug/../../obj/usb.o
 .bss.USB_Tx_Buffer.2233
                0x20000590       0x40 THUMB Debug/../../obj/usb.o
 .bss.xcpCtoRxLength.2213
                0x200005d0        0x1 THUMB Debug/../../obj/usb.o
 *fill*         0x200005d1        0x3 00
 .bss.fifoCtrlFree
                0x200005d4        0x4 THUMB Debug/../../obj/usb.o
 .bss.fifoCtrl  0x200005d8       0x30 THUMB Debug/../../obj/usb.o
 .bss.fifoPipeBulkOUT
                0x20000608       0x44 THUMB Debug/../../obj/usb.o
 .bss.USB_Rx_Buffer.2244
                0x2000064c       0x40 THUMB Debug/../../obj/usb.o
 .bss.fifoPipeBulkIN
                0x2000068c       0x44 THUMB Debug/../../obj/usb.o
 .bss.xcpCtoReqPacket.892
                0x200006d0       0x40 THUMB Debug/../../obj/com.o
 .bss.xcpInfo   0x20000710       0x4c THUMB Debug/../../obj/xcp.o
 .bss.libdebugio.dbgCommWord
                0x2000075c        0x4 C:/Program Files (x86)/Rowley Associates Limited/CrossWorks for ARM 2.3/lib/libdebugio_v7m_t_le.a(libdebugio.o)
                0x2000075c                dbgCommWord
 .bss.libdebugio.dbgCntrlWord_mempoll
                0x20000760        0x4 C:/Program Files (x86)/Rowley Associates Limited/CrossWorks for ARM 2.3/lib/libdebugio_v7m_t_le.a(libdebugio.o)
                0x20000760                dbgCntrlWord_mempoll
 *(COMMON)
                0x20000764                __bss_end__ = (__bss_start__ + SIZEOF (.bss))
                0x20000764                __bss_load_end__ = __bss_end__
                0x00000001                . = ASSERT (((__bss_end__ >= __SRAM_segment_start__) && (__bss_end__ <= __SRAM_segment_end__)), error: .bss is too large to fit in SRAM memory segment)
                0x20000764                __non_init_load_start__ = ALIGN (__bss_end__, 0x4)

.non_init       0x20000764        0x0
                0x20000764                __non_init_start__ = .
 *(.non_init .non_init.*)
                0x20000764                __non_init_end__ = (__non_init_start__ + SIZEOF (.non_init))
                0x20000764                __non_init_load_end__ = __non_init_end__
                0x00000001                . = ASSERT (((__non_init_end__ >= __SRAM_segment_start__) && (__non_init_end__ <= __SRAM_segment_end__)), error: .non_init is too large to fit in SRAM memory segment)
                0x20000764                __heap_load_start__ = ALIGN (__non_init_end__, 0x4)

.heap           0x20000764       0x80
                0x20000764                __heap_start__ = .
 *(.heap .heap.*)
                0x200007e4                . = ALIGN (MAX ((__heap_start__ + __HEAPSIZE__), .), 0x4)
 *fill*         0x20000764       0x80 00
                0x200007e4                __heap_end__ = (__heap_start__ + SIZEOF (.heap))
                0x200007e4                __heap_load_end__ = __heap_end__
                0x00000001                . = ASSERT (((__heap_end__ >= __SRAM_segment_start__) && (__heap_end__ <= __SRAM_segment_end__)), error: .heap is too large to fit in SRAM memory segment)
                0x200007e4                __stack_load_start__ = ALIGN (__heap_end__, 0x4)

.stack          0x200007e4      0x200
                0x200007e4                __stack_start__ = .
 *(.stack .stack.*)
                0x200009e4                . = ALIGN (MAX ((__stack_start__ + __STACKSIZE__), .), 0x4)
 *fill*         0x200007e4      0x200 00
                0x200009e4                __stack_end__ = (__stack_start__ + SIZEOF (.stack))
                0x200009e4                __stack_load_end__ = __stack_end__
                0x00000001                . = ASSERT (((__stack_end__ >= __SRAM_segment_start__) && (__stack_end__ <= __SRAM_segment_end__)), error: .stack is too large to fit in SRAM memory segment)
                0x200009e4                __stack_process_load_start__ = ALIGN (__stack_end__, 0x4)

.stack_process  0x200009e4        0x0
                0x200009e4                __stack_process_start__ = .
 *(.stack_process .stack_process.*)
                0x200009e4                . = ALIGN (MAX ((__stack_process_start__ + __STACKSIZE_PROCESS__), .), 0x4)
                0x200009e4                __stack_process_end__ = (__stack_process_start__ + SIZEOF (.stack_process))
                0x200009e4                __stack_process_load_end__ = __stack_process_end__
                0x00000001                . = ASSERT (((__stack_process_end__ >= __SRAM_segment_start__) && (__stack_process_end__ <= __SRAM_segment_end__)), error: .stack_process is too large to fit in SRAM memory segment)
                0x200009e4                __tbss_load_start__ = ALIGN (__stack_process_end__, 0x4)

.tbss           0x200009e4        0x0
                0x200009e4                __tbss_start__ = .
 *(.tbss .tbss.*)
                0x200009e4                __tbss_end__ = (__tbss_start__ + SIZEOF (.tbss))
                0x200009e4                __tbss_load_end__ = __tbss_end__
                0x00000001                . = ASSERT (((__tbss_end__ >= __SRAM_segment_start__) && (__tbss_end__ <= __SRAM_segment_end__)), error: .tbss is too large to fit in SRAM memory segment)
                0x08002eb0                __tdata_load_start__ = ALIGN ((__data_load_start__ + SIZEOF (.data)), 0x4)

.tdata          0x200009e4        0x0 load address 0x08002eb0
                0x200009e4                __tdata_start__ = .
 *(.tdata .tdata.*)
                0x200009e4                __tdata_end__ = (__tdata_start__ + SIZEOF (.tdata))
                0x08002eb0                __tdata_load_end__ = (__tdata_load_start__ + SIZEOF (.tdata))
                0x08002eb0                __FLASH_segment_used_end__ = (ALIGN ((__data_load_start__ + SIZEOF (.data)), 0x4) + SIZEOF (.tdata))
                0x00000001                . = ASSERT (((__tdata_load_end__ >= __FLASH_segment_start__) && (__tdata_load_end__ <= __FLASH_segment_end__)), error: .tdata is too large to fit in FLASH memory segment)

.tdata_run      0x200009e4        0x0
                0x200009e4                __tdata_run_start__ = .
                0x200009e4                . = MAX ((__tdata_run_start__ + SIZEOF (.tdata)), .)
                0x200009e4                __tdata_run_end__ = (__tdata_run_start__ + SIZEOF (.tdata_run))
                0x200009e4                __tdata_run_load_end__ = __tdata_run_end__
                0x200009e4                __SRAM_segment_used_end__ = (ALIGN (__tbss_end__, 0x4) + SIZEOF (.tdata_run))
                0x00000001                . = ASSERT (((__tdata_run_end__ >= __SRAM_segment_start__) && (__tdata_run_end__ <= __SRAM_segment_end__)), error: .tdata_run is too large to fit in SRAM memory segment)
START GROUP
LOAD THUMB Debug/../../obj/hooks.o
LOAD THUMB Debug/../../obj/main.o
LOAD THUMB Debug/../../obj/core_cm3.o
LOAD THUMB Debug/../../obj/system_stm32f10x.o
LOAD THUMB Debug/../../obj/usb_core.o
LOAD THUMB Debug/../../obj/usb_init.o
LOAD THUMB Debug/../../obj/usb_int.o
LOAD THUMB Debug/../../obj/usb_mem.o
LOAD THUMB Debug/../../obj/usb_regs.o
LOAD THUMB Debug/../../obj/usb_sil.o
LOAD THUMB Debug/../../obj/usb_desc.o
LOAD THUMB Debug/../../obj/usb_endp.o
LOAD THUMB Debug/../../obj/usb_istr.o
LOAD THUMB Debug/../../obj/usb_prop.o
LOAD THUMB Debug/../../obj/usb_pwr.o
LOAD THUMB Debug/../../obj/cpu_comp.o
LOAD THUMB Debug/../../obj/cstart.o
LOAD THUMB Debug/../../obj/vectors.o
LOAD THUMB Debug/../../obj/can.o
LOAD THUMB Debug/../../obj/cpu.o
LOAD THUMB Debug/../../obj/flash.o
LOAD THUMB Debug/../../obj/nvm.o
LOAD THUMB Debug/../../obj/timer.o
LOAD THUMB Debug/../../obj/uart.o
LOAD THUMB Debug/../../obj/usb.o
LOAD THUMB Debug/../../obj/assert.o
LOAD THUMB Debug/../../obj/backdoor.o
LOAD THUMB Debug/../../obj/boot.o
LOAD THUMB Debug/../../obj/com.o
LOAD THUMB Debug/../../obj/cop.o
LOAD THUMB Debug/../../obj/xcp.o
LOAD C:/Program Files (x86)/Rowley Associates Limited/CrossWorks for ARM 2.3/lib/libcm_v7m_t_le.a
LOAD C:/Program Files (x86)/Rowley Associates Limited/CrossWorks for ARM 2.3/lib/libm_v7m_t_le.a
LOAD C:/Program Files (x86)/Rowley Associates Limited/CrossWorks for ARM 2.3/lib/libc_v7m_t_le.a
LOAD C:/Program Files (x86)/Rowley Associates Limited/CrossWorks for ARM 2.3/lib/libcpp_v7m_t_le.a
LOAD C:/Program Files (x86)/Rowley Associates Limited/CrossWorks for ARM 2.3/lib/libdebugio_v7m_t_le.a
LOAD C:/Program Files (x86)/Rowley Associates Limited/CrossWorks for ARM 2.3/lib/libc_targetio_impl_v7m_t_le.a
LOAD C:/Program Files (x86)/Rowley Associates Limited/CrossWorks for ARM 2.3/lib/libc_user_libc_v7m_t_le.a
END GROUP
OUTPUT(C:/Work/software/OpenBLT/Target/Demo/ARMCM3_STM32F1_Olimex_STM32H103_Crossworks/Boot/ide/../bin/openbtl_olimex_stm32h103.elf elf32-littlearm)

.debug_frame    0x00000000     0x1b60
 .debug_frame   0x00000000       0x60 THUMB Debug/../../obj/hooks.o
 .debug_frame   0x00000060       0x30 THUMB Debug/../../obj/main.o
 .debug_frame   0x00000090      0x170 THUMB Debug/../../obj/core_cm3.o
 .debug_frame   0x00000200       0x38 THUMB Debug/../../obj/system_stm32f10x.o
 .debug_frame   0x00000238      0x1d4 THUMB Debug/../../obj/usb_core.o
 .debug_frame   0x0000040c       0x2c THUMB Debug/../../obj/usb_init.o
 .debug_frame   0x00000438       0x54 THUMB Debug/../../obj/usb_int.o
 .debug_frame   0x0000048c       0x48 THUMB Debug/../../obj/usb_mem.o
 .debug_frame   0x000004d4      0x3f4 THUMB Debug/../../obj/usb_regs.o
 .debug_frame   0x000008c8       0x60 THUMB Debug/../../obj/usb_sil.o
 .debug_frame   0x00000928       0x64 THUMB Debug/../../obj/usb_endp.o
 .debug_frame   0x0000098c       0x2c THUMB Debug/../../obj/usb_istr.o
 .debug_frame   0x000009b8      0x134 THUMB Debug/../../obj/usb_prop.o
 .debug_frame   0x00000aec       0xa0 THUMB Debug/../../obj/usb_pwr.o
 .debug_frame   0x00000b8c       0x30 THUMB Debug/../../obj/cpu_comp.o
 .debug_frame   0x00000bbc       0x2c THUMB Debug/../../obj/vectors.o
 .debug_frame   0x00000be8       0x84 THUMB Debug/../../obj/cpu.o
 .debug_frame   0x00000c6c      0x1a8 THUMB Debug/../../obj/flash.o
 .debug_frame   0x00000e14       0xb8 THUMB Debug/../../obj/nvm.o
 .debug_frame   0x00000ecc       0x68 THUMB Debug/../../obj/timer.o
 .debug_frame   0x00000f34      0x1e4 THUMB Debug/../../obj/usb.o
 .debug_frame   0x00001118       0x2c THUMB Debug/../../obj/assert.o
 .debug_frame   0x00001144       0x3c THUMB Debug/../../obj/backdoor.o
 .debug_frame   0x00001180       0x48 THUMB Debug/../../obj/boot.o
 .debug_frame   0x000011c8       0xbc THUMB Debug/../../obj/com.o
 .debug_frame   0x00001284       0x30 THUMB Debug/../../obj/cop.o
 .debug_frame   0x000012b4       0x80 THUMB Debug/../../obj/xcp.o
 .debug_frame   0x00001334      0x78c C:/Program Files (x86)/Rowley Associates Limited/CrossWorks for ARM 2.3/lib/libdebugio_v7m_t_le.a(libdebugio.o)
 .debug_frame   0x00001ac0       0xa0 C:/Program Files (x86)/Rowley Associates Limited/CrossWorks for ARM 2.3/lib/libc_user_libc_v7m_t_le.a(user_libc.o)

.debug_info     0x00000000     0x6be8
 .debug_info    0x00000000      0x273 THUMB Debug/../../obj/hooks.o
 .debug_info    0x00000273      0x2a0 THUMB Debug/../../obj/main.o
 .debug_info    0x00000513      0x53d THUMB Debug/../../obj/core_cm3.o
 .debug_info    0x00000a50      0x4c6 THUMB Debug/../../obj/system_stm32f10x.o
 .debug_info    0x00000f16      0xd09 THUMB Debug/../../obj/usb_core.o
 .debug_info    0x00001c1f      0x4db THUMB Debug/../../obj/usb_init.o
 .debug_info    0x000020fa      0x232 THUMB Debug/../../obj/usb_int.o
 .debug_info    0x0000232c      0x1bb THUMB Debug/../../obj/usb_mem.o
 .debug_info    0x000024e7      0xd35 THUMB Debug/../../obj/usb_regs.o
 .debug_info    0x0000321c      0x179 THUMB Debug/../../obj/usb_sil.o
 .debug_info    0x00003395      0x19d THUMB Debug/../../obj/usb_desc.o
 .debug_info    0x00003532      0x124 THUMB Debug/../../obj/usb_endp.o
 .debug_info    0x00003656      0x2ad THUMB Debug/../../obj/usb_istr.o
 .debug_info    0x00003903      0x97e THUMB Debug/../../obj/usb_prop.o
 .debug_info    0x00004281      0x2e5 THUMB Debug/../../obj/usb_pwr.o
 .debug_info    0x00004566       0x8a THUMB Debug/../../obj/cpu_comp.o
 .debug_info    0x000045f0      0x110 THUMB Debug/../../obj/cstart.o
 .debug_info    0x00004700       0xf5 THUMB Debug/../../obj/vectors.o
 .debug_info    0x000047f5       0x5e THUMB Debug/../../obj/can.o
 .debug_info    0x00004853      0x153 THUMB Debug/../../obj/cpu.o
 .debug_info    0x000049a6      0x690 THUMB Debug/../../obj/flash.o
 .debug_info    0x00005036      0x17b THUMB Debug/../../obj/nvm.o
 .debug_info    0x000051b1      0x117 THUMB Debug/../../obj/timer.o
 .debug_info    0x000052c8       0x5e THUMB Debug/../../obj/uart.o
 .debug_info    0x00005326      0x892 THUMB Debug/../../obj/usb.o
 .debug_info    0x00005bb8       0xb6 THUMB Debug/../../obj/assert.o
 .debug_info    0x00005c6e       0x8b THUMB Debug/../../obj/backdoor.o
 .debug_info    0x00005cf9       0x8c THUMB Debug/../../obj/boot.o
 .debug_info    0x00005d85      0x1d7 THUMB Debug/../../obj/com.o
 .debug_info    0x00005f5c       0x8a THUMB Debug/../../obj/cop.o
 .debug_info    0x00005fe6      0x616 THUMB Debug/../../obj/xcp.o
 .debug_info    0x000065fc      0x51f C:/Program Files (x86)/Rowley Associates Limited/CrossWorks for ARM 2.3/lib/libdebugio_v7m_t_le.a(libdebugio.o)
 .debug_info    0x00006b1b       0xcd C:/Program Files (x86)/Rowley Associates Limited/CrossWorks for ARM 2.3/lib/libc_user_libc_v7m_t_le.a(user_libc.o)

.debug_abbrev   0x00000000     0x1e47
 .debug_abbrev  0x00000000       0xea THUMB Debug/../../obj/hooks.o
 .debug_abbrev  0x000000ea      0x109 THUMB Debug/../../obj/main.o
 .debug_abbrev  0x000001f3       0xa9 THUMB Debug/../../obj/core_cm3.o
 .debug_abbrev  0x0000029c      0x1a8 THUMB Debug/../../obj/system_stm32f10x.o
 .debug_abbrev  0x00000444      0x33b THUMB Debug/../../obj/usb_core.o
 .debug_abbrev  0x0000077f      0x11f THUMB Debug/../../obj/usb_init.o
 .debug_abbrev  0x0000089e       0xcf THUMB Debug/../../obj/usb_int.o
 .debug_abbrev  0x0000096d       0x9e THUMB Debug/../../obj/usb_mem.o
 .debug_abbrev  0x00000a0b      0x1b7 THUMB Debug/../../obj/usb_regs.o
 .debug_abbrev  0x00000bc2       0xb9 THUMB Debug/../../obj/usb_sil.o
 .debug_abbrev  0x00000c7b       0x79 THUMB Debug/../../obj/usb_desc.o
 .debug_abbrev  0x00000cf4       0x8f THUMB Debug/../../obj/usb_endp.o
 .debug_abbrev  0x00000d83       0xf9 THUMB Debug/../../obj/usb_istr.o
 .debug_abbrev  0x00000e7c      0x207 THUMB Debug/../../obj/usb_prop.o
 .debug_abbrev  0x00001083      0x128 THUMB Debug/../../obj/usb_pwr.o
 .debug_abbrev  0x000011ab       0x41 THUMB Debug/../../obj/cpu_comp.o
 .debug_abbrev  0x000011ec       0x14 THUMB Debug/../../obj/cstart.o
 .debug_abbrev  0x00001200       0xc0 THUMB Debug/../../obj/vectors.o
 .debug_abbrev  0x000012c0       0x2a THUMB Debug/../../obj/can.o
 .debug_abbrev  0x000012ea       0xb1 THUMB Debug/../../obj/cpu.o
 .debug_abbrev  0x0000139b      0x1fa THUMB Debug/../../obj/flash.o
 .debug_abbrev  0x00001595       0xa5 THUMB Debug/../../obj/nvm.o
 .debug_abbrev  0x0000163a       0xbb THUMB Debug/../../obj/timer.o
 .debug_abbrev  0x000016f5       0x2a THUMB Debug/../../obj/uart.o
 .debug_abbrev  0x0000171f      0x2d8 THUMB Debug/../../obj/usb.o
 .debug_abbrev  0x000019f7       0x68 THUMB Debug/../../obj/assert.o
 .debug_abbrev  0x00001a5f       0x56 THUMB Debug/../../obj/backdoor.o
 .debug_abbrev  0x00001ab5       0x41 THUMB Debug/../../obj/boot.o
 .debug_abbrev  0x00001af6       0xf3 THUMB Debug/../../obj/com.o
 .debug_abbrev  0x00001be9       0x41 THUMB Debug/../../obj/cop.o
 .debug_abbrev  0x00001c2a      0x1c0 THUMB Debug/../../obj/xcp.o
 .debug_abbrev  0x00001dea       0x38 C:/Program Files (x86)/Rowley Associates Limited/CrossWorks for ARM 2.3/lib/libdebugio_v7m_t_le.a(libdebugio.o)
 .debug_abbrev  0x00001e22       0x25 C:/Program Files (x86)/Rowley Associates Limited/CrossWorks for ARM 2.3/lib/libc_user_libc_v7m_t_le.a(user_libc.o)

.debug_aranges  0x00000000      0xb70
 .debug_aranges
                0x00000000       0x40 THUMB Debug/../../obj/hooks.o
 .debug_aranges
                0x00000040       0x20 THUMB Debug/../../obj/main.o
 .debug_aranges
                0x00000060       0xc8 THUMB Debug/../../obj/core_cm3.o
 .debug_aranges
                0x00000128       0x28 THUMB Debug/../../obj/system_stm32f10x.o
 .debug_aranges
                0x00000150       0x98 THUMB Debug/../../obj/usb_core.o
 .debug_aranges
                0x000001e8       0x20 THUMB Debug/../../obj/usb_init.o
 .debug_aranges
                0x00000208       0x28 THUMB Debug/../../obj/usb_int.o
 .debug_aranges
                0x00000230       0x28 THUMB Debug/../../obj/usb_mem.o
 .debug_aranges
                0x00000258      0x1f0 THUMB Debug/../../obj/usb_regs.o
 .debug_aranges
                0x00000448       0x30 THUMB Debug/../../obj/usb_sil.o
 .debug_aranges
                0x00000478       0x30 THUMB Debug/../../obj/usb_endp.o
 .debug_aranges
                0x000004a8       0x20 THUMB Debug/../../obj/usb_istr.o
 .debug_aranges
                0x000004c8       0x80 THUMB Debug/../../obj/usb_prop.o
 .debug_aranges
                0x00000548       0x40 THUMB Debug/../../obj/usb_pwr.o
 .debug_aranges
                0x00000588       0x28 THUMB Debug/../../obj/cpu_comp.o
 .debug_aranges
                0x000005b0       0x20 THUMB Debug/../../obj/cstart.o
 .debug_aranges
                0x000005d0       0x20 THUMB Debug/../../obj/vectors.o
 .debug_aranges
                0x000005f0       0x38 THUMB Debug/../../obj/cpu.o
 .debug_aranges
                0x00000628       0x90 THUMB Debug/../../obj/flash.o
 .debug_aranges
                0x000006b8       0x48 THUMB Debug/../../obj/nvm.o
 .debug_aranges
                0x00000700       0x38 THUMB Debug/../../obj/timer.o
 .debug_aranges
                0x00000738       0x90 THUMB Debug/../../obj/usb.o
 .debug_aranges
                0x000007c8       0x20 THUMB Debug/../../obj/assert.o
 .debug_aranges
                0x000007e8       0x28 THUMB Debug/../../obj/backdoor.o
 .debug_aranges
                0x00000810       0x28 THUMB Debug/../../obj/boot.o
 .debug_aranges
                0x00000838       0x50 THUMB Debug/../../obj/com.o
 .debug_aranges
                0x00000888       0x28 THUMB Debug/../../obj/cop.o
 .debug_aranges
                0x000008b0       0x48 THUMB Debug/../../obj/xcp.o
 .debug_aranges
                0x000008f8      0x218 C:/Program Files (x86)/Rowley Associates Limited/CrossWorks for ARM 2.3/lib/libdebugio_v7m_t_le.a(libdebugio.o)
 .debug_aranges
                0x00000b10       0x60 C:/Program Files (x86)/Rowley Associates Limited/CrossWorks for ARM 2.3/lib/libc_user_libc_v7m_t_le.a(user_libc.o)

.debug_ranges   0x00000000      0xa68
 .debug_ranges  0x00000000       0x30 THUMB Debug/../../obj/hooks.o
 .debug_ranges  0x00000030       0x10 THUMB Debug/../../obj/main.o
 .debug_ranges  0x00000040       0xb8 THUMB Debug/../../obj/core_cm3.o
 .debug_ranges  0x000000f8       0x18 THUMB Debug/../../obj/system_stm32f10x.o
 .debug_ranges  0x00000110       0xd0 THUMB Debug/../../obj/usb_core.o
 .debug_ranges  0x000001e0       0x10 THUMB Debug/../../obj/usb_init.o
 .debug_ranges  0x000001f0       0x18 THUMB Debug/../../obj/usb_int.o
 .debug_ranges  0x00000208       0x18 THUMB Debug/../../obj/usb_mem.o
 .debug_ranges  0x00000220      0x250 THUMB Debug/../../obj/usb_regs.o
 .debug_ranges  0x00000470       0x20 THUMB Debug/../../obj/usb_sil.o
 .debug_ranges  0x00000490       0x20 THUMB Debug/../../obj/usb_endp.o
 .debug_ranges  0x000004b0       0x10 THUMB Debug/../../obj/usb_istr.o
 .debug_ranges  0x000004c0       0x70 THUMB Debug/../../obj/usb_prop.o
 .debug_ranges  0x00000530       0x30 THUMB Debug/../../obj/usb_pwr.o
 .debug_ranges  0x00000560       0x18 THUMB Debug/../../obj/cpu_comp.o
 .debug_ranges  0x00000578       0x10 THUMB Debug/../../obj/vectors.o
 .debug_ranges  0x00000588       0x28 THUMB Debug/../../obj/cpu.o
 .debug_ranges  0x000005b0       0xb0 THUMB Debug/../../obj/flash.o
 .debug_ranges  0x00000660       0x38 THUMB Debug/../../obj/nvm.o
 .debug_ranges  0x00000698       0x28 THUMB Debug/../../obj/timer.o
 .debug_ranges  0x000006c0       0x80 THUMB Debug/../../obj/usb.o
 .debug_ranges  0x00000740       0x10 THUMB Debug/../../obj/assert.o
 .debug_ranges  0x00000750       0x18 THUMB Debug/../../obj/backdoor.o
 .debug_ranges  0x00000768       0x18 THUMB Debug/../../obj/boot.o
 .debug_ranges  0x00000780       0x40 THUMB Debug/../../obj/com.o
 .debug_ranges  0x000007c0       0x18 THUMB Debug/../../obj/cop.o
 .debug_ranges  0x000007d8       0x38 THUMB Debug/../../obj/xcp.o
 .debug_ranges  0x00000810      0x208 C:/Program Files (x86)/Rowley Associates Limited/CrossWorks for ARM 2.3/lib/libdebugio_v7m_t_le.a(libdebugio.o)
 .debug_ranges  0x00000a18       0x50 C:/Program Files (x86)/Rowley Associates Limited/CrossWorks for ARM 2.3/lib/libc_user_libc_v7m_t_le.a(user_libc.o)

.debug_line     0x00000000     0x3af4
 .debug_line    0x00000000      0x218 THUMB Debug/../../obj/hooks.o
 .debug_line    0x00000218      0x1f2 THUMB Debug/../../obj/main.o
 .debug_line    0x0000040a      0x291 THUMB Debug/../../obj/core_cm3.o
 .debug_line    0x0000069b      0x1c6 THUMB Debug/../../obj/system_stm32f10x.o
 .debug_line    0x00000861      0x457 THUMB Debug/../../obj/usb_core.o
 .debug_line    0x00000cb8      0x172 THUMB Debug/../../obj/usb_init.o
 .debug_line    0x00000e2a      0x25c THUMB Debug/../../obj/usb_int.o
 .debug_line    0x00001086      0x170 THUMB Debug/../../obj/usb_mem.o
 .debug_line    0x000011f6      0x640 THUMB Debug/../../obj/usb_regs.o
 .debug_line    0x00001836      0x18d THUMB Debug/../../obj/usb_sil.o
 .debug_line    0x000019c3      0x110 THUMB Debug/../../obj/usb_desc.o
 .debug_line    0x00001ad3      0x152 THUMB Debug/../../obj/usb_endp.o
 .debug_line    0x00001c25      0x16f THUMB Debug/../../obj/usb_istr.o
 .debug_line    0x00001d94      0x27a THUMB Debug/../../obj/usb_prop.o
 .debug_line    0x0000200e      0x1e3 THUMB Debug/../../obj/usb_pwr.o
 .debug_line    0x000021f1       0xd3 THUMB Debug/../../obj/cpu_comp.o
 .debug_line    0x000022c4      0x112 THUMB Debug/../../obj/cstart.o
 .debug_line    0x000023d6       0xf0 THUMB Debug/../../obj/vectors.o
 .debug_line    0x000024c6       0x1d THUMB Debug/../../obj/can.o
 .debug_line    0x000024e3      0x12d THUMB Debug/../../obj/cpu.o
 .debug_line    0x00002610      0x2e5 THUMB Debug/../../obj/flash.o
 .debug_line    0x000028f5      0x145 THUMB Debug/../../obj/nvm.o
 .debug_line    0x00002a3a      0x11f THUMB Debug/../../obj/timer.o
 .debug_line    0x00002b59       0x1d THUMB Debug/../../obj/uart.o
 .debug_line    0x00002b76      0x382 THUMB Debug/../../obj/usb.o
 .debug_line    0x00002ef8       0xd8 THUMB Debug/../../obj/assert.o
 .debug_line    0x00002fd0       0xbd THUMB Debug/../../obj/backdoor.o
 .debug_line    0x0000308d       0xbe THUMB Debug/../../obj/boot.o
 .debug_line    0x0000314b      0x15c THUMB Debug/../../obj/com.o
 .debug_line    0x000032a7       0xb2 THUMB Debug/../../obj/cop.o
 .debug_line    0x00003359      0x1d7 THUMB Debug/../../obj/xcp.o
 .debug_line    0x00003530      0x550 C:/Program Files (x86)/Rowley Associates Limited/CrossWorks for ARM 2.3/lib/libdebugio_v7m_t_le.a(libdebugio.o)
 .debug_line    0x00003a80       0x74 C:/Program Files (x86)/Rowley Associates Limited/CrossWorks for ARM 2.3/lib/libc_user_libc_v7m_t_le.a(user_libc.o)

.debug_str      0x00000000     0x2f9c
 .debug_str     0x00000000      0x246 THUMB Debug/../../obj/hooks.o
                                0x287 (size before relaxing)
 .debug_str     0x00000246       0xba THUMB Debug/../../obj/main.o
                                0x257 (size before relaxing)
 .debug_str     0x00000300      0x1b8 THUMB Debug/../../obj/core_cm3.o
                                0x2a4 (size before relaxing)
 .debug_str     0x000004b8      0x153 THUMB Debug/../../obj/system_stm32f10x.o
                                0x31a (size before relaxing)
 .debug_str     0x0000060b      0x809 THUMB Debug/../../obj/usb_core.o
                                0xa80 (size before relaxing)
 .debug_str     0x00000e14       0xb4 THUMB Debug/../../obj/usb_init.o
                                0x55f (size before relaxing)
 .debug_str     0x00000ec8       0xac THUMB Debug/../../obj/usb_int.o
                                0x213 (size before relaxing)
 .debug_str     0x00000f74       0xd4 THUMB Debug/../../obj/usb_mem.o
                                0x214 (size before relaxing)
 .debug_str     0x00001048      0x447 THUMB Debug/../../obj/usb_regs.o
                                0x59c (size before relaxing)
 .debug_str     0x0000148f       0xd2 THUMB Debug/../../obj/usb_sil.o
                                0x222 (size before relaxing)
 .debug_str     0x00001561       0xf1 THUMB Debug/../../obj/usb_desc.o
                                0x21f (size before relaxing)
 .debug_str     0x00001652       0xec THUMB Debug/../../obj/usb_endp.o
                                0x21b (size before relaxing)
 .debug_str     0x0000173e       0x7c THUMB Debug/../../obj/usb_istr.o
                                0x30e (size before relaxing)
 .debug_str     0x000017ba      0x1b4 THUMB Debug/../../obj/usb_prop.o
                                0x911 (size before relaxing)
 .debug_str     0x0000196e      0x13c THUMB Debug/../../obj/usb_pwr.o
                                0x362 (size before relaxing)
 .debug_str     0x00001aaa       0xac THUMB Debug/../../obj/cpu_comp.o
                                0x1a9 (size before relaxing)
 .debug_str     0x00001b56       0xbf THUMB Debug/../../obj/vectors.o
                                0x1c7 (size before relaxing)
 .debug_str     0x00001c15       0x81 THUMB Debug/../../obj/can.o
                                0x17e (size before relaxing)
 .debug_str     0x00001c96       0xeb THUMB Debug/../../obj/cpu.o
                                0x1f3 (size before relaxing)
 .debug_str     0x00001d81      0x29f THUMB Debug/../../obj/flash.o
                                0x40b (size before relaxing)
 .debug_str     0x00002020       0xcf THUMB Debug/../../obj/nvm.o
                                0x1fd (size before relaxing)
 .debug_str     0x000020ef       0xd8 THUMB Debug/../../obj/timer.o
                                0x1e0 (size before relaxing)
 .debug_str     0x000021c7       0x82 THUMB Debug/../../obj/uart.o
                                0x17f (size before relaxing)
 .debug_str     0x00002249      0x300 THUMB Debug/../../obj/usb.o
                                0x629 (size before relaxing)
 .debug_str     0x00002549       0x91 THUMB Debug/../../obj/assert.o
                                0x19e (size before relaxing)
 .debug_str     0x000025da       0x92 THUMB Debug/../../obj/backdoor.o
                                0x18f (size before relaxing)
 .debug_str     0x0000266c       0x85 THUMB Debug/../../obj/boot.o
                                0x182 (size before relaxing)
 .debug_str     0x000026f1      0x144 THUMB Debug/../../obj/com.o
                                0x27b (size before relaxing)
 .debug_str     0x00002835       0x85 THUMB Debug/../../obj/cop.o
                                0x182 (size before relaxing)
 .debug_str     0x000028ba      0x25d THUMB Debug/../../obj/xcp.o
                                0x3a4 (size before relaxing)
 .debug_str     0x00002b17      0x3b3 C:/Program Files (x86)/Rowley Associates Limited/CrossWorks for ARM 2.3/lib/libdebugio_v7m_t_le.a(libdebugio.o)
                                0x3fc (size before relaxing)
 .debug_str     0x00002eca       0xd2 C:/Program Files (x86)/Rowley Associates Limited/CrossWorks for ARM 2.3/lib/libc_user_libc_v7m_t_le.a(user_libc.o)
                                0x11b (size before relaxing)

.comment        0x00000000       0x4e
 .comment       0x00000000       0x4e THUMB Debug/../../obj/hooks.o
                                 0x4f (size before relaxing)
 .comment       0x00000000       0x4f THUMB Debug/../../obj/main.o
 .comment       0x00000000       0x4f THUMB Debug/../../obj/core_cm3.o
 .comment       0x00000000       0x4f THUMB Debug/../../obj/system_stm32f10x.o
 .comment       0x00000000       0x4f THUMB Debug/../../obj/usb_core.o
 .comment       0x00000000       0x4f THUMB Debug/../../obj/usb_init.o
 .comment       0x00000000       0x4f THUMB Debug/../../obj/usb_int.o
 .comment       0x00000000       0x4f THUMB Debug/../../obj/usb_mem.o
 .comment       0x00000000       0x4f THUMB Debug/../../obj/usb_regs.o
 .comment       0x00000000       0x4f THUMB Debug/../../obj/usb_sil.o
 .comment       0x00000000       0x4f THUMB Debug/../../obj/usb_desc.o
 .comment       0x00000000       0x4f THUMB Debug/../../obj/usb_endp.o
 .comment       0x00000000       0x4f THUMB Debug/../../obj/usb_istr.o
 .comment       0x00000000       0x4f THUMB Debug/../../obj/usb_prop.o
 .comment       0x00000000       0x4f THUMB Debug/../../obj/usb_pwr.o
 .comment       0x00000000       0x4f THUMB Debug/../../obj/cpu_comp.o
 .comment       0x00000000       0x4f THUMB Debug/../../obj/vectors.o
 .comment       0x00000000       0x4f THUMB Debug/../../obj/can.o
 .comment       0x00000000       0x4f THUMB Debug/../../obj/cpu.o
 .comment       0x00000000       0x4f THUMB Debug/../../obj/flash.o
 .comment       0x00000000       0x4f THUMB Debug/../../obj/nvm.o
 .comment       0x00000000       0x4f THUMB Debug/../../obj/timer.o
 .comment       0x00000000       0x4f THUMB Debug/../../obj/uart.o
 .comment       0x00000000       0x4f THUMB Debug/../../obj/usb.o
 .comment       0x00000000       0x4f THUMB Debug/../../obj/assert.o
 .comment       0x00000000       0x4f THUMB Debug/../../obj/backdoor.o
 .comment       0x00000000       0x4f THUMB Debug/../../obj/boot.o
 .comment       0x00000000       0x4f THUMB Debug/../../obj/com.o
 .comment       0x00000000       0x4f THUMB Debug/../../obj/cop.o
 .comment       0x00000000       0x4f THUMB Debug/../../obj/xcp.o
 .comment       0x00000000       0x4f C:/Program Files (x86)/Rowley Associates Limited/CrossWorks for ARM 2.3/lib/libdebugio_v7m_t_le.a(libdebugio.o)
 .comment       0x00000000       0x4f C:/Program Files (x86)/Rowley Associates Limited/CrossWorks for ARM 2.3/lib/libc_user_libc_v7m_t_le.a(user_libc.o)

.ARM.attributes
                0x00000000       0x10
 .ARM.attributes
                0x00000000       0x10 THUMB Debug/../../obj/hooks.o
 .ARM.attributes
                0x00000010       0x10 THUMB Debug/../../obj/main.o
 .ARM.attributes
                0x00000020       0x10 THUMB Debug/../../obj/core_cm3.o
 .ARM.attributes
                0x00000030       0x10 THUMB Debug/../../obj/system_stm32f10x.o
 .ARM.attributes
                0x00000040       0x10 THUMB Debug/../../obj/usb_core.o
 .ARM.attributes
                0x00000050       0x10 THUMB Debug/../../obj/usb_init.o
 .ARM.attributes
                0x00000060       0x10 THUMB Debug/../../obj/usb_int.o
 .ARM.attributes
                0x00000070       0x10 THUMB Debug/../../obj/usb_mem.o
 .ARM.attributes
                0x00000080       0x10 THUMB Debug/../../obj/usb_regs.o
 .ARM.attributes
                0x00000090       0x10 THUMB Debug/../../obj/usb_sil.o
 .ARM.attributes
                0x000000a0       0x10 THUMB Debug/../../obj/usb_desc.o
 .ARM.attributes
                0x000000b0       0x10 THUMB Debug/../../obj/usb_endp.o
 .ARM.attributes
                0x000000c0       0x10 THUMB Debug/../../obj/usb_istr.o
 .ARM.attributes
                0x000000d0       0x10 THUMB Debug/../../obj/usb_prop.o
 .ARM.attributes
                0x000000e0       0x10 THUMB Debug/../../obj/usb_pwr.o
 .ARM.attributes
                0x000000f0       0x10 THUMB Debug/../../obj/cpu_comp.o
 .ARM.attributes
                0x00000100       0x10 THUMB Debug/../../obj/cstart.o
 .ARM.attributes
                0x00000110       0x10 THUMB Debug/../../obj/vectors.o
 .ARM.attributes
                0x00000120       0x10 THUMB Debug/../../obj/can.o
 .ARM.attributes
                0x00000130       0x10 THUMB Debug/../../obj/cpu.o
 .ARM.attributes
                0x00000140       0x10 THUMB Debug/../../obj/flash.o
 .ARM.attributes
                0x00000150       0x10 THUMB Debug/../../obj/nvm.o
 .ARM.attributes
                0x00000160       0x10 THUMB Debug/../../obj/timer.o
 .ARM.attributes
                0x00000170       0x10 THUMB Debug/../../obj/uart.o
 .ARM.attributes
                0x00000180       0x10 THUMB Debug/../../obj/usb.o
 .ARM.attributes
                0x00000190       0x10 THUMB Debug/../../obj/assert.o
 .ARM.attributes
                0x000001a0       0x10 THUMB Debug/../../obj/backdoor.o
 .ARM.attributes
                0x000001b0       0x10 THUMB Debug/../../obj/boot.o
 .ARM.attributes
                0x000001c0       0x10 THUMB Debug/../../obj/com.o
 .ARM.attributes
                0x000001d0       0x10 THUMB Debug/../../obj/cop.o
 .ARM.attributes
                0x000001e0       0x10 THUMB Debug/../../obj/xcp.o
 .ARM.attributes
                0x000001f0       0x10 C:/Program Files (x86)/Rowley Associates Limited/CrossWorks for ARM 2.3/lib/libdebugio_v7m_t_le.a(libdebugio.o)
 .ARM.attributes
                0x00000200       0x10 C:/Program Files (x86)/Rowley Associates Limited/CrossWorks for ARM 2.3/lib/libc_user_libc_v7m_t_le.a(user_libc.o)

.debug_loc      0x00000000     0x37ff
 .debug_loc     0x00000000       0x82 THUMB Debug/../../obj/main.o
 .debug_loc     0x00000082      0x2ae THUMB Debug/../../obj/core_cm3.o
 .debug_loc     0x00000330      0x165 THUMB Debug/../../obj/system_stm32f10x.o
 .debug_loc     0x00000495      0x9e0 THUMB Debug/../../obj/usb_core.o
 .debug_loc     0x00000e75       0x20 THUMB Debug/../../obj/usb_init.o
 .debug_loc     0x00000e95      0x125 THUMB Debug/../../obj/usb_int.o
 .debug_loc     0x00000fba      0x29a THUMB Debug/../../obj/usb_mem.o
 .debug_loc     0x00001254      0x672 THUMB Debug/../../obj/usb_regs.o
 .debug_loc     0x000018c6       0xf6 THUMB Debug/../../obj/usb_sil.o
 .debug_loc     0x000019bc       0x60 THUMB Debug/../../obj/usb_endp.o
 .debug_loc     0x00001a1c       0x20 THUMB Debug/../../obj/usb_istr.o
 .debug_loc     0x00001a3c      0x1e9 THUMB Debug/../../obj/usb_prop.o
 .debug_loc     0x00001c25      0x12e THUMB Debug/../../obj/usb_pwr.o
 .debug_loc     0x00001d53       0x20 THUMB Debug/../../obj/vectors.o
 .debug_loc     0x00001d73      0x139 THUMB Debug/../../obj/cpu.o
 .debug_loc     0x00001eac      0x6f6 THUMB Debug/../../obj/flash.o
 .debug_loc     0x000025a2      0x11f THUMB Debug/../../obj/nvm.o
 .debug_loc     0x000026c1       0x40 THUMB Debug/../../obj/timer.o
 .debug_loc     0x00002701      0x557 THUMB Debug/../../obj/usb.o
 .debug_loc     0x00002c58       0x46 THUMB Debug/../../obj/assert.o
 .debug_loc     0x00002c9e       0x20 THUMB Debug/../../obj/backdoor.o
 .debug_loc     0x00002cbe       0x40 THUMB Debug/../../obj/boot.o
 .debug_loc     0x00002cfe       0xc6 THUMB Debug/../../obj/com.o
 .debug_loc     0x00002dc4      0x247 THUMB Debug/../../obj/xcp.o
 .debug_loc     0x0000300b      0x7f4 C:/Program Files (x86)/Rowley Associates Limited/CrossWorks for ARM 2.3/lib/libdebugio_v7m_t_le.a(libdebugio.o)
