Archive member included because of file (symbol)

C:/Program Files (x86)/Rowley Associates Limited/CrossWorks for ARM 2.3/lib/libc_v7m_t_le_eabi_small.a(libc2.o)
                              THUMB Debug/../../obj/file.o (isdigit)
C:/Program Files (x86)/Rowley Associates Limited/CrossWorks for ARM 2.3/lib/libc_v7m_t_le_eabi_small.a(libc2_asm.o)
                              THUMB Debug/../../obj/uip.o (memcpy)
C:/Program Files (x86)/Rowley Associates Limited/CrossWorks for ARM 2.3/lib/libc_v7m_t_le_eabi_small.a(libc_asm.o)
                              C:/Program Files (x86)/Rowley Associates Limited/CrossWorks for ARM 2.3/lib/libc_v7m_t_le_eabi_small.a(libc2.o) (__aeabi_uldivmod)
C:/Program Files (x86)/Rowley Associates Limited/CrossWorks for ARM 2.3/lib/libc_user_libc_v7m_t_le_eabi_small.a(user_libc.o)
                              C:/Program Files (x86)/Rowley Associates Limited/CrossWorks for ARM 2.3/lib/libc_v7m_t_le_eabi_small.a(libc2.o) (__errno)
C:/Program Files (x86)/Rowley Associates Limited/CrossWorks for ARM 2.3/lib/libm_v7m_t_le_eabi_small.a(libm_asm.o)
                              C:/Program Files (x86)/Rowley Associates Limited/CrossWorks for ARM 2.3/lib/libc_v7m_t_le_eabi_small.a(libc2.o) (__aeabi_i2f)

Discarded input sections

 .text          0x00000000        0x0 THUMB Debug/../../obj/sysctl.o
 .data          0x00000000        0x0 THUMB Debug/../../obj/sysctl.o
 .bss           0x00000000        0x0 THUMB Debug/../../obj/sysctl.o
 .text.SysCtlPeripheralMapToNew
                0x00000000       0x24 THUMB Debug/../../obj/sysctl.o
 .text.SysCtlSRAMSizeGet
                0x00000000       0x14 THUMB Debug/../../obj/sysctl.o
 .text.SysCtlFlashSizeGet
                0x00000000       0x14 THUMB Debug/../../obj/sysctl.o
 .text.SysCtlPinPresent
                0x00000000       0xcc THUMB Debug/../../obj/sysctl.o
 .text.SysCtlPeripheralPresent
                0x00000000       0x84 THUMB Debug/../../obj/sysctl.o
 .text.SysCtlPeripheralReady
                0x00000000       0x40 THUMB Debug/../../obj/sysctl.o
 .text.SysCtlPeripheralPowerOn
                0x00000000       0x40 THUMB Debug/../../obj/sysctl.o
 .text.SysCtlPeripheralPowerOff
                0x00000000       0x40 THUMB Debug/../../obj/sysctl.o
 .text.SysCtlPeripheralDisable
                0x00000000       0x64 THUMB Debug/../../obj/sysctl.o
 .text.SysCtlPeripheralSleepEnable
                0x00000000       0x64 THUMB Debug/../../obj/sysctl.o
 .text.SysCtlPeripheralSleepDisable
                0x00000000       0x64 THUMB Debug/../../obj/sysctl.o
 .text.SysCtlPeripheralDeepSleepEnable
                0x00000000       0x64 THUMB Debug/../../obj/sysctl.o
 .text.SysCtlPeripheralDeepSleepDisable
                0x00000000       0x64 THUMB Debug/../../obj/sysctl.o
 .text.SysCtlPeripheralClockGating
                0x00000000       0x18 THUMB Debug/../../obj/sysctl.o
 .text.SysCtlIntRegister
                0x00000000       0x14 THUMB Debug/../../obj/sysctl.o
 .text.SysCtlIntUnregister
                0x00000000       0x12 THUMB Debug/../../obj/sysctl.o
 .text.SysCtlIntEnable
                0x00000000       0x10 THUMB Debug/../../obj/sysctl.o
 .text.SysCtlIntDisable
                0x00000000       0x10 THUMB Debug/../../obj/sysctl.o
 .text.SysCtlIntClear
                0x00000000        0xc THUMB Debug/../../obj/sysctl.o
 .text.SysCtlIntStatus
                0x00000000       0x14 THUMB Debug/../../obj/sysctl.o
 .text.SysCtlLDOSet
                0x00000000       0x34 THUMB Debug/../../obj/sysctl.o
 .text.SysCtlLDOGet
                0x00000000        0xc THUMB Debug/../../obj/sysctl.o
 .text.SysCtlLDOConfigSet
                0x00000000       0x20 THUMB Debug/../../obj/sysctl.o
 .text.SysCtlReset
                0x00000000       0x10 THUMB Debug/../../obj/sysctl.o
 .text.SysCtlSleep
                0x00000000        0x4 THUMB Debug/../../obj/sysctl.o
 .text.SysCtlDeepSleep
                0x00000000       0x20 THUMB Debug/../../obj/sysctl.o
 .text.SysCtlResetCauseGet
                0x00000000        0xc THUMB Debug/../../obj/sysctl.o
 .text.SysCtlResetCauseClear
                0x00000000       0x10 THUMB Debug/../../obj/sysctl.o
 .text.SysCtlBrownOutConfigSet
                0x00000000       0x38 THUMB Debug/../../obj/sysctl.o
 .text.SysCtlMOSCConfigSet
                0x00000000        0xc THUMB Debug/../../obj/sysctl.o
 .text.SysCtlPIOSCCalibrate
                0x00000000       0x48 THUMB Debug/../../obj/sysctl.o
 .text.SysCtlDeepSleepClockSet
                0x00000000        0xc THUMB Debug/../../obj/sysctl.o
 .text.SysCtlPWMClockSet
                0x00000000       0x60 THUMB Debug/../../obj/sysctl.o
 .text.SysCtlPWMClockGet
                0x00000000       0x34 THUMB Debug/../../obj/sysctl.o
 .text.SysCtlADCSpeedSet
                0x00000000       0x44 THUMB Debug/../../obj/sysctl.o
 .text.SysCtlADCSpeedGet
[...]
Memory Configuration

Name             Origin             Length             Attributes
UNPLACED_SECTIONS 0xffffffff         0x00000000         xw
SRAM             0x20000000         0x00002000         xw
FLASH            0x00000000         0x00008000         xr
*default*        0x00000000         0xffffffff

Linker script and memory map

                0x20000000                __SRAM_segment_start__ = 0x20000000
                0x20002000                __SRAM_segment_end__ = 0x20002000
                0x00000000                __FLASH_segment_start__ = 0x0
                0x00008000                __FLASH_segment_end__ = 0x8000
                0x00000200                __STACKSIZE__ = 0x200
                0x00000000                __STACKSIZE_PROCESS__ = 0x0
                0x00000000                __STACKSIZE_IRQ__ = 0x0
                0x00000000                __STACKSIZE_FIQ__ = 0x0
                0x00000000                __STACKSIZE_SVC__ = 0x0
                0x00000000                __STACKSIZE_ABT__ = 0x0
                0x00000000                __STACKSIZE_UND__ = 0x0
                0x00000080                __HEAPSIZE__ = 0x80
                0x20000000                __vectors_ram_load_start__ = ALIGN (__SRAM_segment_start__, 0x100)

.vectors_ram    0x20000000        0x0
                0x20000000                __vectors_ram_start__ = .
 *(.vectors_ram .vectors_ram.*)
                0x20000000                __vectors_ram_end__ = (__vectors_ram_start__ + SIZEOF (.vectors_ram))
                0x20000000                __vectors_ram_load_end__ = __vectors_ram_end__
                0x00000001                . = ASSERT (((__vectors_ram_end__ >= __SRAM_segment_start__) && (__vectors_ram_end__ <= __SRAM_segment_end__)), error: .vectors_ram is too large to fit in SRAM memory segment)
                0x00000000                __vectors_load_start__ = ALIGN (__FLASH_segment_start__, 0x100)

.vectors        0x00000000       0xf0
                0x00000000                __vectors_start__ = .
 *(.vectors .vectors.*)
 .vectors       0x00000000       0xf0 THUMB Debug/../../obj/vectors.o
                0x00000000                _vectors
                0x000000f0                __vectors_end__ = (__vectors_start__ + SIZEOF (.vectors))
                0x000000f0                __vectors_load_end__ = __vectors_end__
                0x00000001                . = ASSERT (((__vectors_end__ >= __FLASH_segment_start__) && (__vectors_end__ <= __FLASH_segment_end__)), error: .vectors is too large to fit in FLASH memory segment)
                0x000000f0                __init_load_start__ = ALIGN (__vectors_end__, 0x4)

.init           0x000000f0      0x108
                0x000000f0                __init_start__ = .
 *(.init .init.*)
 .init          0x000000f0      0x108 THUMB Debug/../../obj/cstart.o
                0x000000f0                reset_handler
                0x00000174                exit
                0x000001f8                __init_end__ = (__init_start__ + SIZEOF (.init))
                0x000001f8                __init_load_end__ = __init_end__
                0x00000001                . = ASSERT (((__init_end__ >= __FLASH_segment_start__) && (__init_end__ <= __FLASH_segment_end__)), error: .init is too large to fit in FLASH memory segment)
                0x000001f8                __text_load_start__ = ALIGN (__init_end__, 0x4)

.text           0x000001f8     0x55c8
                0x000001f8                __text_start__ = .
 *(.text .text.* .glue_7t .glue_7 .gnu.linkonce.t.* .gcc_except_table .ARM.extab* .gnu.linkonce.armextab.*)
 .glue_7        0x00000000        0x0 linker stubs
 .glue_7t       0x00000000        0x0 linker stubs
 .text.SysCtlPeripheralValid
                0x000001f8      0x27c THUMB Debug/../../obj/sysctl.o
 .text.SysCtlPeripheralReset
                0x00000474       0x90 THUMB Debug/../../obj/sysctl.o
                0x00000474                SysCtlPeripheralReset
 .text.SysCtlPeripheralEnable
                0x00000504       0x64 THUMB Debug/../../obj/sysctl.o
                0x00000504                SysCtlPeripheralEnable
 .text.SysCtlDelay
                0x00000568        0x8 THUMB Debug/../../obj/sysctl.o
                0x00000568                SysCtlDelay
 .text.SysCtlClockSet
                0x00000570      0x160 THUMB Debug/../../obj/sysctl.o
                0x00000570                SysCtlClockSet
 .text.SysCtlClockGet
                0x000006d0      0x1b4 THUMB Debug/../../obj/sysctl.o
                0x000006d0                SysCtlClockGet
 .text.GPIOBaseValid
                0x00000884       0xc8 THUMB Debug/../../obj/gpio.o
 .text.GPIODirModeSet
                0x0000094c       0x58 THUMB Debug/../../obj/gpio.o
                0x0000094c                GPIODirModeSet
 .text.GPIOPadConfigSet
                0x000009a4      0x108 THUMB Debug/../../obj/gpio.o
                0x000009a4                GPIOPadConfigSet
 .text.GPIOPinWrite
                0x00000aac       0x24 THUMB Debug/../../obj/gpio.o
                0x00000aac                GPIOPinWrite
 .text.GPIOPinTypeEthernetLED
                0x00000ad0       0x34 THUMB Debug/../../obj/gpio.o
                0x00000ad0                GPIOPinTypeEthernetLED
 .text.GPIOPinTypeGPIOOutput
                0x00000b04       0x34 THUMB Debug/../../obj/gpio.o
                0x00000b04                GPIOPinTypeGPIOOutput
 .text.GPIOPinTypeSSI
                0x00000b38       0x34 THUMB Debug/../../obj/gpio.o
                0x00000b38                GPIOPinTypeSSI
 .text.GPIOPinTypeUART
                0x00000b6c       0x34 THUMB Debug/../../obj/gpio.o
                0x00000b6c                GPIOPinTypeUART
 .text.FlashClear
                0x00000ba0       0x50 THUMB Debug/../../obj/flashlib.o
                0x00000ba0                FlashClear
 .text.FlashProgram
                0x00000bf0       0xd4 THUMB Debug/../../obj/flashlib.o
                0x00000bf0                FlashProgram
 .text.FlashUserGet
                0x00000cc4       0x60 THUMB Debug/../../obj/flashlib.o
                0x00000cc4                FlashUserGet
 .text.UARTBaseValid
                0x00000d24       0x4c THUMB Debug/../../obj/uartlib.o
 .text.UARTEnable
                0x00000d70       0x30 THUMB Debug/../../obj/uartlib.o
                0x00000d70                UARTEnable
 .text.UARTDisable
                0x00000da0       0x34 THUMB Debug/../../obj/uartlib.o
                0x00000da0                UARTDisable
 .text.UARTConfigSetExpClk
                0x00000dd4       0xd0 THUMB Debug/../../obj/uartlib.o
                0x00000dd4                UARTConfigSetExpClk
 .text.UARTSpaceAvail
                0x00000ea4       0x24 THUMB Debug/../../obj/uartlib.o
                0x00000ea4                UARTSpaceAvail
 .text.UARTCharGetNonBlocking
                0x00000ec8       0x28 THUMB Debug/../../obj/uartlib.o
                0x00000ec8                UARTCharGetNonBlocking
 .text.UARTCharPutNonBlocking
                0x00000ef0       0x2c THUMB Debug/../../obj/uartlib.o
                0x00000ef0                UARTCharPutNonBlocking
 .text.UARTBusy
                0x00000f1c       0x20 THUMB Debug/../../obj/uartlib.o
                0x00000f1c                UARTBusy
 .text.SSIBaseValid
                0x00000f3c       0x2c THUMB Debug/../../obj/ssi.o
 .text.SSIConfigSetExpClk
                0x00000f68       0xd0 THUMB Debug/../../obj/ssi.o
                0x00000f68                SSIConfigSetExpClk
 .text.SSIEnable
                0x00001038       0x24 THUMB Debug/../../obj/ssi.o
                0x00001038                SSIEnable
 .text.SSIDisable
                0x0000105c       0x24 THUMB Debug/../../obj/ssi.o
                0x0000105c                SSIDisable
 .text.SSIDataPut
                0x00001080       0x40 THUMB Debug/../../obj/ssi.o
                0x00001080                SSIDataPut
 .text.SSIDataGet
                0x000010c0       0x28 THUMB Debug/../../obj/ssi.o
                0x000010c0                SSIDataGet
 .text.EthernetPacketGetInternal
                0x000010e8       0x7c THUMB Debug/../../obj/ethernet.o
 .text.EthernetPacketPutInternal.part.0
                0x00001164       0x66 THUMB Debug/../../obj/ethernet.o
 *fill*         0x000011ca        0x2 00
 .text.EthernetInitExpClk
                0x000011cc       0x2c THUMB Debug/../../obj/ethernet.o
                0x000011cc                EthernetInitExpClk
 .text.EthernetConfigSet
                0x000011f8       0x58 THUMB Debug/../../obj/ethernet.o
                0x000011f8                EthernetConfigSet
 .text.EthernetMACAddrSet
                0x00001250       0x5c THUMB Debug/../../obj/ethernet.o
                0x00001250                EthernetMACAddrSet
 .text.EthernetEnable
                0x000012ac       0x40 THUMB Debug/../../obj/ethernet.o
                0x000012ac                EthernetEnable
 .text.EthernetPacketGetNonBlocking
                0x000012ec       0x54 THUMB Debug/../../obj/ethernet.o
                0x000012ec                EthernetPacketGetNonBlocking
 .text.EthernetPacketPut
                0x00001340       0x5c THUMB Debug/../../obj/ethernet.o
                0x00001340                EthernetPacketPut
 .text.EthernetIntDisable
                0x0000139c       0x38 THUMB Debug/../../obj/ethernet.o
                0x0000139c                EthernetIntDisable
 .text.EthernetIntStatus
                0x000013d4       0x28 THUMB Debug/../../obj/ethernet.o
                0x000013d4                EthernetIntStatus
 .text.EthernetIntClear
                0x000013fc       0x34 THUMB Debug/../../obj/ethernet.o
                0x000013fc                EthernetIntClear
 .text.EthernetPHYRead
                0x00001430       0x40 THUMB Debug/../../obj/ethernet.o
                0x00001430                EthernetPHYRead
 .text.xchg_spi
                0x00001470       0x20 THUMB Debug/../../obj/mmc.o
 .text.wait_ready
                0x00001490       0x28 THUMB Debug/../../obj/mmc.o
 .text.deselect
                0x000014b8       0x1c THUMB Debug/../../obj/mmc.o
 .text.select   0x000014d4       0x2c THUMB Debug/../../obj/mmc.o
 .text.send_cmd
                0x00001500       0x7e THUMB Debug/../../obj/mmc.o
 .text.xmit_datablock.part.1
                0x0000157e       0x40 THUMB Debug/../../obj/mmc.o
 .text.rcvr_datablock
                0x000015be       0x58 THUMB Debug/../../obj/mmc.o
 *fill*         0x00001616        0x2 00
 .text.disk_initialize
                0x00001618      0x228 THUMB Debug/../../obj/mmc.o
                0x00001618                disk_initialize
 .text.disk_status
                0x00001840       0x10 THUMB Debug/../../obj/mmc.o
                0x00001840                disk_status
 .text.disk_read
                0x00001850       0x88 THUMB Debug/../../obj/mmc.o
                0x00001850                disk_read
 .text.disk_write
                0x000018d8       0xc4 THUMB Debug/../../obj/mmc.o
                0x000018d8                disk_write
 .text.disk_ioctl
                0x0000199c      0x1fc THUMB Debug/../../obj/mmc.o
                0x0000199c                disk_ioctl
 .text.get_fattime
                0x00001b98        0x8 THUMB Debug/../../obj/mmc.o
                0x00001b98                get_fattime
 .text.netdev_init
                0x00001ba0       0x18 THUMB Debug/../../obj/netdev.o
                0x00001ba0                netdev_init
 .text.netdev_init_mac
                0x00001bb8      0x10c THUMB Debug/../../obj/netdev.o
                0x00001bb8                netdev_init_mac
 .text.netdev_read
                0x00001cc4       0x34 THUMB Debug/../../obj/netdev.o
                0x00001cc4                netdev_read
 .text.netdev_send
                0x00001cf8       0x18 THUMB Debug/../../obj/netdev.o
                0x00001cf8                netdev_send
 .text.FileIsFirmwareUpdateRequestedHook
                0x00001d10       0x34 THUMB Debug/../../obj/hooks.o
                0x00001d10                FileIsFirmwareUpdateRequestedHook
 .text.FileGetFirmwareFilenameHook
                0x00001d44        0x8 THUMB Debug/../../obj/hooks.o
                0x00001d44                FileGetFirmwareFilenameHook
 .text.FileFirmwareUpdateStartedHook
                0x00001d4c       0x28 THUMB Debug/../../obj/hooks.o
                0x00001d4c                FileFirmwareUpdateStartedHook
 .text.FileFirmwareUpdateCompletedHook
                0x00001d74       0x30 THUMB Debug/../../obj/hooks.o
                0x00001d74                FileFirmwareUpdateCompletedHook
 .text.FileFirmwareUpdateErrorHook
                0x00001da4       0x14 THUMB Debug/../../obj/hooks.o
                0x00001da4                FileFirmwareUpdateErrorHook
 .text.FileFirmwareUpdateLogHook
                0x00001db8       0x48 THUMB Debug/../../obj/hooks.o
                0x00001db8                FileFirmwareUpdateLogHook
 .text.startup.main
                0x00001e00       0x2c THUMB Debug/../../obj/main.o
                0x00001e00                main
 .text.UnusedISR
                0x00001e2c        0xc THUMB Debug/../../obj/vectors.o
                0x00001e2c                UnusedISR
 .text.CpuStartUserProgram
                0x00001e38       0x30 THUMB Debug/../../obj/cpu.o
                0x00001e38                CpuStartUserProgram
 .text.CpuMemCopy
                0x00001e68       0x1e THUMB Debug/../../obj/cpu.o
                0x00001e68                CpuMemCopy
 .text.CpuReset
                0x00001e86        0x4 THUMB Debug/../../obj/cpu.o
                0x00001e86                CpuReset
 *fill*         0x00001e8a        0x2 00
 .text.FlashGetSector
                0x00001e8c       0x38 THUMB Debug/../../obj/flash.o
 .text.FlashWriteBlock
                0x00001ec4       0x4e THUMB Debug/../../obj/flash.o
 *fill*         0x00001f12        0x2 00
 .text.FlashSwitchBlock
                0x00001f14       0x4c THUMB Debug/../../obj/flash.o
 .text.FlashAddToBlock
                0x00001f60       0x80 THUMB Debug/../../obj/flash.o
 .text.FlashInit
                0x00001fe0       0x18 THUMB Debug/../../obj/flash.o
                0x00001fe0                FlashInit
 .text.FlashWrite
                0x00001ff8       0x48 THUMB Debug/../../obj/flash.o
                0x00001ff8                FlashWrite
 .text.FlashErase
                0x00002040       0xc0 THUMB Debug/../../obj/flash.o
                0x00002040                FlashErase
 .text.FlashWriteChecksum
                0x00002100       0x40 THUMB Debug/../../obj/flash.o
                0x00002100                FlashWriteChecksum
 .text.FlashVerifyChecksum
                0x00002140       0x48 THUMB Debug/../../obj/flash.o
                0x00002140                FlashVerifyChecksum
 .text.FlashDone
                0x00002188       0x34 THUMB Debug/../../obj/flash.o
                0x00002188                FlashDone
 .text.FlashGetUserProgBaseAddress
                0x000021bc        0x6 THUMB Debug/../../obj/flash.o
                0x000021bc                FlashGetUserProgBaseAddress
 .text.NvmInit  0x000021c2        0x4 THUMB Debug/../../obj/nvm.o
                0x000021c2                NvmInit
 .text.NvmWrite
                0x000021c6        0x4 THUMB Debug/../../obj/nvm.o
                0x000021c6                NvmWrite
 .text.NvmErase
                0x000021ca        0x4 THUMB Debug/../../obj/nvm.o
                0x000021ca                NvmErase
 .text.NvmVerifyChecksum
                0x000021ce        0x4 THUMB Debug/../../obj/nvm.o
                0x000021ce                NvmVerifyChecksum
 .text.NvmDone  0x000021d2       0x12 THUMB Debug/../../obj/nvm.o
                0x000021d2                NvmDone
 .text.TimerInit
                0x000021e4       0x20 THUMB Debug/../../obj/timer.o
                0x000021e4                TimerInit
 .text.TimerReset
                0x00002204        0xc THUMB Debug/../../obj/timer.o
                0x00002204                TimerReset
 .text.TimerUpdate
                0x00002210       0x1c THUMB Debug/../../obj/timer.o
                0x00002210                TimerUpdate
 .text.TimerGet
                0x0000222c       0x10 THUMB Debug/../../obj/timer.o
                0x0000222c                TimerGet
 .text.UartInit
                0x0000223c       0x28 THUMB Debug/../../obj/uart.o
                0x0000223c                UartInit
 .text.UartTransmitPacket
                0x00002264       0x6c THUMB Debug/../../obj/uart.o
                0x00002264                UartTransmitPacket
 .text.UartReceivePacket
                0x000022d0       0x68 THUMB Debug/../../obj/uart.o
                0x000022d0                UartReceivePacket
 .text.AssertFailure
                0x00002338       0x18 THUMB Debug/../../obj/assert.o
                0x00002338                AssertFailure
 .text.BackDoorCheck
                0x00002350       0x48 THUMB Debug/../../obj/backdoor.o
                0x00002350                BackDoorCheck
 .text.BackDoorInit
                0x00002398       0x20 THUMB Debug/../../obj/backdoor.o
                0x00002398                BackDoorInit
 .text.BootInit
                0x000023b8       0x1e THUMB Debug/../../obj/boot.o
                0x000023b8                BootInit
 .text.BootTask
                0x000023d6       0x1a THUMB Debug/../../obj/boot.o
                0x000023d6                BootTask
 .text.ComInit  0x000023f0       0x20 THUMB Debug/../../obj/com.o
                0x000023f0                ComInit
 .text.ComTask  0x00002410       0x3c THUMB Debug/../../obj/com.o
                0x00002410                ComTask
 .text.ComFree  0x0000244c        0x2 THUMB Debug/../../obj/com.o
                0x0000244c                ComFree
 *fill*         0x0000244e        0x2 00
 .text.ComTransmitPacket
                0x00002450       0x30 THUMB Debug/../../obj/com.o
                0x00002450                ComTransmitPacket
 .text.ComGetActiveInterfaceMaxRxLen
                0x00002480       0x14 THUMB Debug/../../obj/com.o
                0x00002480                ComGetActiveInterfaceMaxRxLen
 .text.ComGetActiveInterfaceMaxTxLen
                0x00002494       0x14 THUMB Debug/../../obj/com.o
                0x00002494                ComGetActiveInterfaceMaxTxLen
 .text.ComIsConnected
                0x000024a8        0x4 THUMB Debug/../../obj/com.o
                0x000024a8                ComIsConnected
 .text.CopInit  0x000024ac        0x2 THUMB Debug/../../obj/cop.o
                0x000024ac                CopInit
 .text.CopService
                0x000024ae        0x2 THUMB Debug/../../obj/cop.o
                0x000024ae                CopService
 .text.XcpSetCtoError
                0x000024b0       0x14 THUMB Debug/../../obj/xcp.o
 .text.XcpInit  0x000024c4       0x1c THUMB Debug/../../obj/xcp.o
                0x000024c4                XcpInit
 .text.XcpIsConnected
                0x000024e0       0x10 THUMB Debug/../../obj/xcp.o
                0x000024e0                XcpIsConnected
 .text.XcpPacketTransmitted
                0x000024f0       0x10 THUMB Debug/../../obj/xcp.o
                0x000024f0                XcpPacketTransmitted
 .text.XcpPacketReceived
                0x00002500      0x21c THUMB Debug/../../obj/xcp.o
                0x00002500                XcpPacketReceived
 .text.FileLibHexStringToByte
                0x0000271c       0x42 THUMB Debug/../../obj/file.o
 *fill*         0x0000275e        0x2 00
 .text.FileLibLongToIntString.constprop.0
                0x00002760       0x38 THUMB Debug/../../obj/file.o
 .text.FileLibByteToHexString
                0x00002798       0x3a THUMB Debug/../../obj/file.o
 *fill*         0x000027d2        0x2 00
 .text.FileInit
                0x000027d4       0x2c THUMB Debug/../../obj/file.o
                0x000027d4                FileInit
 .text.FileIsIdle
                0x00002800       0x14 THUMB Debug/../../obj/file.o
                0x00002800                FileIsIdle
 .text.FileHandleFirmwareUpdateRequest
                0x00002814       0x28 THUMB Debug/../../obj/file.o
                0x00002814                FileHandleFirmwareUpdateRequest
 .text.FileSrecGetLineType
                0x0000283c       0x38 THUMB Debug/../../obj/file.o
                0x0000283c                FileSrecGetLineType
 .text.FileSrecVerifyChecksum
                0x00002874       0x3c THUMB Debug/../../obj/file.o
                0x00002874                FileSrecVerifyChecksum
 .text.FileSrecParseLine
                0x000028b0      0x138 THUMB Debug/../../obj/file.o
                0x000028b0                FileSrecParseLine
 .text.FileTask
                0x000029e8      0x344 THUMB Debug/../../obj/file.o
                0x000029e8                FileTask
 .text.mem_cpy  0x00002d2c       0x12 THUMB Debug/../../obj/ff.o
 .text.sum_sfn  0x00002d3e       0x1e THUMB Debug/../../obj/ff.o
 .text.validate
                0x00002d5c       0x2a THUMB Debug/../../obj/ff.o
 .text.get_fileinfo
                0x00002d86       0xee THUMB Debug/../../obj/ff.o
 .text.ld_clust.isra.0
                0x00002e74       0x1c THUMB Debug/../../obj/ff.o
 .text.check_fs
                0x00002e90       0x88 THUMB Debug/../../obj/ff.o
 .text.chk_mounted
                0x00002f18      0x314 THUMB Debug/../../obj/ff.o
 .text.sync_window
                0x0000322c       0x4e THUMB Debug/../../obj/ff.o
 .text.sync_fs  0x0000327a       0xb2 THUMB Debug/../../obj/ff.o
 .text.move_window
                0x0000332c       0x2e THUMB Debug/../../obj/ff.o
 .text.clust2sect
                0x0000335a       0x18 THUMB Debug/../../obj/ff.o
                0x0000335a                clust2sect
 .text.get_fat  0x00003372       0xca THUMB Debug/../../obj/ff.o
                0x00003372                get_fat
 .text.dir_sdi  0x0000343c       0x84 THUMB Debug/../../obj/ff.o
 .text.put_fat  0x000034c0       0xf6 THUMB Debug/../../obj/ff.o
                0x000034c0                put_fat
 .text.create_chain
                0x000035b6       0x9a THUMB Debug/../../obj/ff.o
 .text.dir_next
                0x00003650       0xf0 THUMB Debug/../../obj/ff.o
 .text.dir_find.part.6
                0x00003740      0x12c THUMB Debug/../../obj/ff.o
 .text.follow_path
                0x0000386c      0x280 THUMB Debug/../../obj/ff.o
 .text.dir_remove
                0x00003aec       0x4e THUMB Debug/../../obj/ff.o
 *fill*         0x00003b3a        0x2 00
 .text.dir_read.constprop.8
                0x00003b3c      0x100 THUMB Debug/../../obj/ff.o
 .text.remove_chain
                0x00003c3c       0x54 THUMB Debug/../../obj/ff.o
 .text.gen_numname
                0x00003c90       0x78 THUMB Debug/../../obj/ff.o
                0x00003c90                gen_numname
 .text.dir_register
                0x00003d08      0x1c8 THUMB Debug/../../obj/ff.o
 .text.f_mount  0x00003ed0       0x20 THUMB Debug/../../obj/ff.o
                0x00003ed0                f_mount
 .text.f_open   0x00003ef0      0x160 THUMB Debug/../../obj/ff.o
                0x00003ef0                f_open
 .text.f_read   0x00004050      0x164 THUMB Debug/../../obj/ff.o
                0x00004050                f_read
 .text.f_write  0x000041b4      0x192 THUMB Debug/../../obj/ff.o
                0x000041b4                f_write
 .text.f_sync   0x00004346       0xac THUMB Debug/../../obj/ff.o
                0x00004346                f_sync
 .text.f_close  0x000043f2        0xe THUMB Debug/../../obj/ff.o
                0x000043f2                f_close
 .text.f_lseek  0x00004400      0x13c THUMB Debug/../../obj/ff.o
                0x00004400                f_lseek
 .text.f_stat   0x0000453c       0x48 THUMB Debug/../../obj/ff.o
                0x0000453c                f_stat
 .text.f_unlink
                0x00004584       0xc0 THUMB Debug/../../obj/ff.o
                0x00004584                f_unlink
 .text.f_gets   0x00004644       0x48 THUMB Debug/../../obj/ff.o
                0x00004644                f_gets
 .text.f_putc   0x0000468c       0x30 THUMB Debug/../../obj/ff.o
                0x0000468c                f_putc
 .text.f_puts   0x000046bc       0x20 THUMB Debug/../../obj/ff.o
                0x000046bc                f_puts
 .text.ff_convert
                0x000046dc       0x38 THUMB Debug/../../obj/unicode.o
                0x000046dc                ff_convert
 .text.ff_wtoupper
                0x00004714       0x24 THUMB Debug/../../obj/unicode.o
                0x00004714                ff_wtoupper
 .text.chksum   0x00004738       0x38 THUMB Debug/../../obj/uip.o
 .text.upper_layer_chksum
                0x00004770       0x40 THUMB Debug/../../obj/uip.o
 .text.uip_add32
                0x000047b0       0x54 THUMB Debug/../../obj/uip.o
                0x000047b0                uip_add32
 .text.unlikely.uip_add_rcv_nxt
                0x00004804       0x2c THUMB Debug/../../obj/uip.o
 .text.uip_ipchksum
                0x00004830       0x24 THUMB Debug/../../obj/uip.o
                0x00004830                uip_ipchksum
 .text.uip_tcpchksum
                0x00004854        0x6 THUMB Debug/../../obj/uip.o
                0x00004854                uip_tcpchksum
 *fill*         0x0000485a        0x2 00
 .text.uip_init
                0x0000485c       0x2c THUMB Debug/../../obj/uip.o
                0x0000485c                uip_init
 .text.uip_listen
                0x00004888       0x1c THUMB Debug/../../obj/uip.o
                0x00004888                uip_listen
 .text.uip_process
                0x000048a4      0x9b8 THUMB Debug/../../obj/uip.o
                0x000048a4                uip_process
 .text.htons    0x0000525c        0xa THUMB Debug/../../obj/uip.o
                0x0000525c                htons
 *fill*         0x00005266        0x2 00
 .text.uip_send
                0x00005268       0x24 THUMB Debug/../../obj/uip.o
                0x00005268                uip_send
 .text.uip_arp_update.constprop.0
                0x0000528c       0xd4 THUMB Debug/../../obj/uip_arp.o
 .text.uip_arp_timer
                0x00005360       0x58 THUMB Debug/../../obj/uip_arp.o
                0x00005360                uip_arp_timer
 .text.uip_arp_arpin
                0x000053b8       0xbc THUMB Debug/../../obj/uip_arp.o
                0x000053b8                uip_arp_arpin
 .text.uip_arp_out
                0x00005474      0x140 THUMB Debug/../../obj/uip_arp.o
                0x00005474                uip_arp_out
 .text.NetInit  0x000055b4       0x6c THUMB Debug/../../obj/net.o
                0x000055b4                NetInit
 .text.NetTransmitPacket
                0x00005620       0x38 THUMB Debug/../../obj/net.o
                0x00005620                NetTransmitPacket
 .text.NetReceivePacket
                0x00005658       0xb0 THUMB Debug/../../obj/net.o
                0x00005658                NetReceivePacket
 .text.NetApp   0x00005708       0x6c THUMB Debug/../../obj/net.o
                0x00005708                NetApp
 .text.libc.isdigit
                0x00005774        0xc C:/Program Files (x86)/Rowley Associates Limited/CrossWorks for ARM 2.3/lib/libc_v7m_t_le_eabi_small.a(libc2.o)
                0x00005774                isdigit
 .text.libc.toupper
                0x00005780        0xe C:/Program Files (x86)/Rowley Associates Limited/CrossWorks for ARM 2.3/lib/libc_v7m_t_le_eabi_small.a(libc2.o)
                0x00005780                toupper
 *fill*         0x0000578e        0x2 00
 .text.libc.memcpy
                0x00005790       0x1c C:/Program Files (x86)/Rowley Associates Limited/CrossWorks for ARM 2.3/lib/libc_v7m_t_le_eabi_small.a(libc2_asm.o)
                0x00005790                __aeabi_memcpy
                0x00005790                __aeabi_memcpy4
                0x00005790                __aeabi_memcpy8
                0x00005790                memcpy
 .text.libc.memset
                0x000057ac       0x14 C:/Program Files (x86)/Rowley Associates Limited/CrossWorks for ARM 2.3/lib/libc_v7m_t_le_eabi_small.a(libc2_asm.o)
                0x000057ac                memset
                0x000057c0                __text_end__ = (__text_start__ + SIZEOF (.text))
                0x000057c0                __text_load_end__ = __text_end__

.vfp11_veneer   0x00000000        0x0
 .vfp11_veneer  0x00000000        0x0 linker stubs

.v4_bx          0x00000000        0x0
 .v4_bx         0x00000000        0x0 linker stubs

.iplt           0x00000000        0x0
 .iplt          0x00000000        0x0 THUMB Debug/../../obj/sysctl.o
                0x00000001                . = ASSERT (((__text_end__ >= __FLASH_segment_start__) && (__text_end__ <= __FLASH_segment_end__)), error: .text is too large to fit in FLASH memory segment)
                0x000057c0                __dtors_load_start__ = ALIGN (__text_end__, 0x4)

.dtors          0x000057c0        0x0
                0x000057c0                __dtors_start__ = .
 *(SORT(.dtors.*))
 *(.dtors)
 *(.fini_array .fini_array.*)
                0x000057c0                __dtors_end__ = (__dtors_start__ + SIZEOF (.dtors))
                0x000057c0                __dtors_load_end__ = __dtors_end__
                0x00000001                . = ASSERT (((__dtors_end__ >= __FLASH_segment_start__) && (__dtors_end__ <= __FLASH_segment_end__)), error: .dtors is too large to fit in FLASH memory segment)
                0x000057c0                __ctors_load_start__ = ALIGN (__dtors_end__, 0x4)

.ctors          0x000057c0        0x0
                0x000057c0                __ctors_start__ = .
 *(SORT(.ctors.*))
 *(.ctors)
 *(.init_array .init_array.*)
                0x000057c0                __ctors_end__ = (__ctors_start__ + SIZEOF (.ctors))
                0x000057c0                __ctors_load_end__ = __ctors_end__
                0x00000001                . = ASSERT (((__ctors_end__ >= __FLASH_segment_start__) && (__ctors_end__ <= __FLASH_segment_end__)), error: .ctors is too large to fit in FLASH memory segment)
                0x000057c0                __rodata_load_start__ = ALIGN (__ctors_end__, 0x4)

.rodata         0x000057c0      0xc46
                0x000057c0                __rodata_start__ = .
 *(.rodata .rodata.* .gnu.linkonce.r.*)
 .rodata.g_pulXtals
                0x000057c0       0x6c THUMB Debug/../../obj/sysctl.o
 .rodata.str1.1
                0x0000582c       0x6b THUMB Debug/../../obj/sysctl.o
 *fill*         0x00005897        0x1 00
 .rodata.g_pulRCGCRegs
                0x00005898        0xc THUMB Debug/../../obj/sysctl.o
 .rodata.g_pulSRCRRegs
                0x000058a4        0xc THUMB Debug/../../obj/sysctl.o
 .rodata.str1.1
                0x000058b0       0x69 THUMB Debug/../../obj/gpio.o
 .rodata.str1.1
                0x00005919       0x6d THUMB Debug/../../obj/flashlib.o
 .rodata.str1.1
                0x00005986       0x6c THUMB Debug/../../obj/uartlib.o
 .rodata.str1.1
                0x000059f2       0x68 THUMB Debug/../../obj/ssi.o
 .rodata.str1.1
                0x00005a5a       0x6d THUMB Debug/../../obj/ethernet.o
 .rodata.firmwareFilename
                0x00005ac7       0x1b THUMB Debug/../../obj/hooks.o
 .rodata.str1.1
                0x00005ae2        0xd THUMB Debug/../../obj/hooks.o
 .rodata.str1.1
                0x00005aef       0x85 THUMB Debug/../../obj/vectors.o
 .rodata.flashLayout
                0x00005b74       0xc0 THUMB Debug/../../obj/flash.o
 .rodata.str1.1
                0x00005c34       0x77 THUMB Debug/../../obj/uart.o
 .rodata.xcpStationId
                0x00005cab        0x8 THUMB Debug/../../obj/xcp.o
 .rodata.str1.1
                0x00005cb3      0x1ef THUMB Debug/../../obj/file.o
                                0x1fb (size before relaxing)
 .rodata.str1.1
                0x00005ea2       0x10 THUMB Debug/../../obj/ff.o
 .rodata.ExCvt  0x00005eb2       0x80 THUMB Debug/../../obj/ff.o
 .rodata.LfnOfs
                0x00005f32        0xd THUMB Debug/../../obj/ff.o
 *fill*         0x00005f3f        0x1 00
 .rodata.tbl_lower.3809
                0x00005f40      0x1e0 THUMB Debug/../../obj/unicode.o
 .rodata.Tbl    0x00006120      0x100 THUMB Debug/../../obj/unicode.o
 .rodata.tbl_upper.3810
                0x00006220      0x1e0 THUMB Debug/../../obj/unicode.o
 .rodata.broadcast_ethaddr
                0x00006400        0x6 THUMB Debug/../../obj/uip_arp.o
                0x00006406                __rodata_end__ = (__rodata_start__ + SIZEOF (.rodata))
                0x00006406                __rodata_load_end__ = __rodata_end__

.rel.dyn        0x00000000        0x0
 .rel.iplt      0x00000000        0x0 THUMB Debug/../../obj/sysctl.o
                0x00000001                . = ASSERT (((__rodata_end__ >= __FLASH_segment_start__) && (__rodata_end__ <= __FLASH_segment_end__)), error: .rodata is too large to fit in FLASH memory segment)
                0x00006408                __ARM.exidx_load_start__ = ALIGN (__rodata_end__, 0x4)

.ARM.exidx      0x00006408        0x0
                0x00006408                __ARM.exidx_start__ = .
                0x00006408                __exidx_start = __ARM.exidx_start__
 *(.ARM.exidx .ARM.exidx.*)
                0x00006408                __ARM.exidx_end__ = (__ARM.exidx_start__ + SIZEOF (.ARM.exidx))
                0x00006408                __exidx_end = __ARM.exidx_end__
                0x00006408                __ARM.exidx_load_end__ = __ARM.exidx_end__
                0x00000001                . = ASSERT (((__ARM.exidx_end__ >= __FLASH_segment_start__) && (__ARM.exidx_end__ <= __FLASH_segment_end__)), error: .ARM.exidx is too large to fit in FLASH memory segment)
                0x00006408                __fast_load_start__ = ALIGN (__ARM.exidx_end__, 0x4)

.fast           0x20000000        0x0 load address 0x00006408
                0x20000000                __fast_start__ = .
 *(.fast .fast.*)
                0x20000000                __fast_end__ = (__fast_start__ + SIZEOF (.fast))
                0x00006408                __fast_load_end__ = (__fast_load_start__ + SIZEOF (.fast))
                0x00000001                . = ASSERT (((__fast_load_end__ >= __FLASH_segment_start__) && (__fast_load_end__ <= __FLASH_segment_end__)), error: .fast is too large to fit in FLASH memory segment)

.fast_run       0x20000000        0x0
                0x20000000                __fast_run_start__ = .
                0x20000000                . = MAX ((__fast_run_start__ + SIZEOF (.fast)), .)
                0x20000000                __fast_run_end__ = (__fast_run_start__ + SIZEOF (.fast_run))
                0x20000000                __fast_run_load_end__ = __fast_run_end__
                0x00000001                . = ASSERT (((__fast_run_end__ >= __SRAM_segment_start__) && (__fast_run_end__ <= __SRAM_segment_end__)), error: .fast_run is too large to fit in SRAM memory segment)
                0x00006408                __data_load_start__ = ALIGN ((__fast_load_start__ + SIZEOF (.fast)), 0x4)

.data           0x20000000        0x2 load address 0x00006408
                0x20000000                __data_start__ = .
 *(.data .data.* .gnu.linkonce.d.*)
 .data.Stat     0x20000000        0x1 THUMB Debug/../../obj/mmc.o
 .data.comActiveInterface
                0x20000001        0x1 THUMB Debug/../../obj/com.o
                0x20000002                __data_end__ = (__data_start__ + SIZEOF (.data))
                0x0000640a                __data_load_end__ = (__data_load_start__ + SIZEOF (.data))

.igot.plt       0x00000000        0x0
 .igot.plt      0x00000000        0x0 THUMB Debug/../../obj/sysctl.o
                0x00000001                . = ASSERT (((__data_load_end__ >= __FLASH_segment_start__) && (__data_load_end__ <= __FLASH_segment_end__)), error: .data is too large to fit in FLASH memory segment)

.data_run       0x20000000        0x2 load address 0x00006408
                0x20000000                __data_run_start__ = .
                0x20000002                . = MAX ((__data_run_start__ + SIZEOF (.data)), .)
 *fill*         0x20000000        0x2 00
                0x20000002                __data_run_end__ = (__data_run_start__ + SIZEOF (.data_run))
                0x20000002                __data_run_load_end__ = __data_run_end__
                0x00000001                . = ASSERT (((__data_run_end__ >= __SRAM_segment_start__) && (__data_run_end__ <= __SRAM_segment_end__)), error: .data_run is too large to fit in SRAM memory segment)
                0x20000004                __bss_load_start__ = ALIGN (__data_run_end__, 0x4)

.bss            0x20000004     0x169c
                0x20000004                __bss_start__ = .
 *(.bss .bss.* .gnu.linkonce.b.*)
 .bss.CardType  0x20000004        0x4 THUMB Debug/../../obj/mmc.o
 .bss.logfile   0x20000008      0x228 THUMB Debug/../../obj/hooks.o
 .bss.bootBlockInfo
                0x20000230      0x204 THUMB Debug/../../obj/flash.o
 .bss.blockInfo
                0x20000434      0x204 THUMB Debug/../../obj/flash.o
 .bss.millisecond_counter
                0x20000638        0x4 THUMB Debug/../../obj/timer.o
 .bss.xcpCtoReqPacket.4170
                0x2000063c       0x41 THUMB Debug/../../obj/uart.o
 .bss.xcpCtoRxLength.4171
                0x2000067d        0x1 THUMB Debug/../../obj/uart.o
 .bss.xcpCtoRxInProgress.4172
                0x2000067e        0x1 THUMB Debug/../../obj/uart.o
 *fill*         0x2000067f        0x1 00
 .bss.assert_failure_file
                0x20000680        0x4 THUMB Debug/../../obj/assert.o
 .bss.assert_failure_line
                0x20000684        0x4 THUMB Debug/../../obj/assert.o
 .bss.backdoorOpen
                0x20000688        0x1 THUMB Debug/../../obj/backdoor.o
 *fill*         0x20000689        0x3 00
 .bss.backdoorOpenTime
                0x2000068c        0x4 THUMB Debug/../../obj/backdoor.o
 .bss.xcpCtoReqPacket.3952
                0x20000690       0x40 THUMB Debug/../../obj/com.o
 .bss.xcpInfo   0x200006d0       0x4c THUMB Debug/../../obj/xcp.o
 .bss.loggingStr
                0x2000071c       0x40 THUMB Debug/../../obj/file.o
 .bss.firmwareUpdateState
                0x2000075c        0x1 THUMB Debug/../../obj/file.o
 *fill*         0x2000075d        0x3 00
 .bss.eraseInfo
                0x20000760        0x8 THUMB Debug/../../obj/file.o
 .bss.fatFsObjects
                0x20000768      0x458 THUMB Debug/../../obj/file.o
 .bss.lineParseObject
                0x20000bc0      0x184 THUMB Debug/../../obj/file.o
 .bss.LfnBuf    0x20000d44      0x200 THUMB Debug/../../obj/ff.o
 .bss.Fsid      0x20000f44        0x2 THUMB Debug/../../obj/ff.o
 *fill*         0x20000f46        0x2 00
 .bss.FatFs     0x20000f48        0x4 THUMB Debug/../../obj/ff.o
 .bss.uip_conn  0x20000f4c        0x4 THUMB Debug/../../obj/uip.o
                0x20000f4c                uip_conn
 .bss.uip_conns
                0x20000f50       0x68 THUMB Debug/../../obj/uip.o
                0x20000f50                uip_conns
 .bss.uip_netmask
                0x20000fb8        0x4 THUMB Debug/../../obj/uip.o
                0x20000fb8                uip_netmask
 .bss.uip_len   0x20000fbc        0x2 THUMB Debug/../../obj/uip.o
                0x20000fbc                uip_len
 .bss.ipid      0x20000fbe        0x2 THUMB Debug/../../obj/uip.o
 .bss.uip_draddr
                0x20000fc0        0x4 THUMB Debug/../../obj/uip.o
                0x20000fc0                uip_draddr
 .bss.uip_slen  0x20000fc4        0x2 THUMB Debug/../../obj/uip.o
                0x20000fc4                uip_slen
 .bss.uip_buf   0x20000fc6      0x642 THUMB Debug/../../obj/uip.o
                0x20000fc6                uip_buf
 .bss.uip_appdata
                0x20001608        0x4 THUMB Debug/../../obj/uip.o
                0x20001608                uip_appdata
 .bss.iss       0x2000160c        0x4 THUMB Debug/../../obj/uip.o
 .bss.uip_hostaddr
                0x20001610        0x4 THUMB Debug/../../obj/uip.o
                0x20001610                uip_hostaddr
 .bss.uip_flags
                0x20001614        0x1 THUMB Debug/../../obj/uip.o
                0x20001614                uip_flags
 .bss.uip_acc32
                0x20001615        0x4 THUMB Debug/../../obj/uip.o
                0x20001615                uip_acc32
 *fill*         0x20001619        0x1 00
 .bss.lastport  0x2000161a        0x2 THUMB Debug/../../obj/uip.o
 .bss.tmp16     0x2000161c        0x2 THUMB Debug/../../obj/uip.o
 .bss.uip_ethaddr
                0x2000161e        0x6 THUMB Debug/../../obj/uip.o
                0x2000161e                uip_ethaddr
 .bss.c         0x20001624        0x1 THUMB Debug/../../obj/uip.o
 *fill*         0x20001625        0x1 00
 .bss.uip_listenports
                0x20001626        0x2 THUMB Debug/../../obj/uip.o
                0x20001626                uip_listenports
 .bss.uip_sappdata
                0x20001628        0x4 THUMB Debug/../../obj/uip.o
                0x20001628                uip_sappdata
 .bss.opt       0x2000162c        0x1 THUMB Debug/../../obj/uip.o
 .bss.i         0x2000162d        0x1 THUMB Debug/../../obj/uip_arp.o
 .bss.tmpage    0x2000162e        0x1 THUMB Debug/../../obj/uip_arp.o
 *fill*         0x2000162f        0x1 00
 .bss.arp_table
                0x20001630       0x60 THUMB Debug/../../obj/uip_arp.o
 .bss.c         0x20001690        0x1 THUMB Debug/../../obj/uip_arp.o
 .bss.arptime   0x20001691        0x1 THUMB Debug/../../obj/uip_arp.o
 .bss.ipaddr    0x20001692        0x4 THUMB Debug/../../obj/uip_arp.o
 *fill*         0x20001696        0x2 00
 .bss.ARPTimerTimeOut
                0x20001698        0x4 THUMB Debug/../../obj/net.o
 .bss.periodicTimerTimeOut
                0x2000169c        0x4 THUMB Debug/../../obj/net.o
 *(COMMON)
                0x200016a0                __bss_end__ = (__bss_start__ + SIZEOF (.bss))
                0x200016a0                __bss_load_end__ = __bss_end__
                0x00000001                . = ASSERT (((__bss_end__ >= __SRAM_segment_start__) && (__bss_end__ <= __SRAM_segment_end__)), error: .bss is too large to fit in SRAM memory segment)
                0x200016a0                __non_init_load_start__ = ALIGN (__bss_end__, 0x4)

.non_init       0x200016a0        0x0
                0x200016a0                __non_init_start__ = .
 *(.non_init .non_init.*)
                0x200016a0                __non_init_end__ = (__non_init_start__ + SIZEOF (.non_init))
                0x200016a0                __non_init_load_end__ = __non_init_end__
                0x00000001                . = ASSERT (((__non_init_end__ >= __SRAM_segment_start__) && (__non_init_end__ <= __SRAM_segment_end__)), error: .non_init is too large to fit in SRAM memory segment)
                0x200016a0                __heap_load_start__ = ALIGN (__non_init_end__, 0x4)

.heap           0x200016a0       0x80
                0x200016a0                __heap_start__ = .
 *(.heap .heap.*)
                0x20001720                . = ALIGN (MAX ((__heap_start__ + __HEAPSIZE__), .), 0x4)
 *fill*         0x200016a0       0x80 00
                0x20001720                __heap_end__ = (__heap_start__ + SIZEOF (.heap))
                0x20001720                __heap_load_end__ = __heap_end__
                0x00000001                . = ASSERT (((__heap_end__ >= __SRAM_segment_start__) && (__heap_end__ <= __SRAM_segment_end__)), error: .heap is too large to fit in SRAM memory segment)
                0x20001720                __stack_load_start__ = ALIGN (__heap_end__, 0x4)

.stack          0x20001720      0x200
                0x20001720                __stack_start__ = .
 *(.stack .stack.*)
                0x20001920                . = ALIGN (MAX ((__stack_start__ + __STACKSIZE__), .), 0x4)
 *fill*         0x20001720      0x200 00
                0x20001920                __stack_end__ = (__stack_start__ + SIZEOF (.stack))
                0x20001920                __stack_load_end__ = __stack_end__
                0x00000001                . = ASSERT (((__stack_end__ >= __SRAM_segment_start__) && (__stack_end__ <= __SRAM_segment_end__)), error: .stack is too large to fit in SRAM memory segment)
                0x20001920                __stack_process_load_start__ = ALIGN (__stack_end__, 0x4)

.stack_process  0x20001920        0x0
                0x20001920                __stack_process_start__ = .
 *(.stack_process .stack_process.*)
                0x20001920                . = ALIGN (MAX ((__stack_process_start__ + __STACKSIZE_PROCESS__), .), 0x4)
                0x20001920                __stack_process_end__ = (__stack_process_start__ + SIZEOF (.stack_process))
                0x20001920                __stack_process_load_end__ = __stack_process_end__
                0x00000001                . = ASSERT (((__stack_process_end__ >= __SRAM_segment_start__) && (__stack_process_end__ <= __SRAM_segment_end__)), error: .stack_process is too large to fit in SRAM memory segment)
                0x20001920                __tbss_load_start__ = ALIGN (__stack_process_end__, 0x4)

.tbss           0x20001920        0x0
                0x20001920                __tbss_start__ = .
 *(.tbss .tbss.*)
                0x20001920                __tbss_end__ = (__tbss_start__ + SIZEOF (.tbss))
                0x20001920                __tbss_load_end__ = __tbss_end__
                0x00000001                . = ASSERT (((__tbss_end__ >= __SRAM_segment_start__) && (__tbss_end__ <= __SRAM_segment_end__)), error: .tbss is too large to fit in SRAM memory segment)
                0x0000640c                __tdata_load_start__ = ALIGN ((__data_load_start__ + SIZEOF (.data)), 0x4)

.tdata          0x20001920        0x0 load address 0x0000640c
                0x20001920                __tdata_start__ = .
 *(.tdata .tdata.*)
                0x20001920                __tdata_end__ = (__tdata_start__ + SIZEOF (.tdata))
                0x0000640c                __tdata_load_end__ = (__tdata_load_start__ + SIZEOF (.tdata))
                0x0000640c                __FLASH_segment_used_end__ = (ALIGN ((__data_load_start__ + SIZEOF (.data)), 0x4) + SIZEOF (.tdata))
                0x00000001                . = ASSERT (((__tdata_load_end__ >= __FLASH_segment_start__) && (__tdata_load_end__ <= __FLASH_segment_end__)), error: .tdata is too large to fit in FLASH memory segment)

.tdata_run      0x20001920        0x0
                0x20001920                __tdata_run_start__ = .
                0x20001920                . = MAX ((__tdata_run_start__ + SIZEOF (.tdata)), .)
                0x20001920                __tdata_run_end__ = (__tdata_run_start__ + SIZEOF (.tdata_run))
                0x20001920                __tdata_run_load_end__ = __tdata_run_end__
                0x20001920                __SRAM_segment_used_end__ = (ALIGN (__tbss_end__, 0x4) + SIZEOF (.tdata_run))
                0x00000001                . = ASSERT (((__tdata_run_end__ >= __SRAM_segment_start__) && (__tdata_run_end__ <= __SRAM_segment_end__)), error: .tdata_run is too large to fit in SRAM memory segment)
START GROUP
LOAD THUMB Debug/../../obj/sysctl.o
LOAD THUMB Debug/../../obj/interrupt.o
LOAD THUMB Debug/../../obj/cpulib.o
LOAD THUMB Debug/../../obj/gpio.o
LOAD THUMB Debug/../../obj/flashlib.o
LOAD THUMB Debug/../../obj/uartlib.o
LOAD THUMB Debug/../../obj/ssi.o
LOAD THUMB Debug/../../obj/ethernet.o
LOAD THUMB Debug/../../obj/mmc.o
LOAD THUMB Debug/../../obj/clock-arch.o
LOAD THUMB Debug/../../obj/netdev.o
LOAD THUMB Debug/../../obj/hooks.o
LOAD THUMB Debug/../../obj/main.o
LOAD THUMB Debug/../../obj/cstart.o
LOAD THUMB Debug/../../obj/vectors.o
LOAD THUMB Debug/../../obj/cpu.o
LOAD THUMB Debug/../../obj/flash.o
LOAD THUMB Debug/../../obj/nvm.o
LOAD THUMB Debug/../../obj/timer.o
LOAD THUMB Debug/../../obj/uart.o
LOAD THUMB Debug/../../obj/assert.o
LOAD THUMB Debug/../../obj/backdoor.o
LOAD THUMB Debug/../../obj/boot.o
LOAD THUMB Debug/../../obj/com.o
LOAD THUMB Debug/../../obj/cop.o
LOAD THUMB Debug/../../obj/xcp.o
LOAD THUMB Debug/../../obj/file.o
LOAD THUMB Debug/../../obj/ff.o
LOAD THUMB Debug/../../obj/unicode.o
LOAD THUMB Debug/../../obj/uip.o
LOAD THUMB Debug/../../obj/uip_arp.o
LOAD THUMB Debug/../../obj/uip_timer.o
LOAD THUMB Debug/../../obj/uiplib.o
LOAD THUMB Debug/../../obj/net.o
LOAD C:/Program Files (x86)/Rowley Associates Limited/CrossWorks for ARM 2.3/lib/libcm_v7m_t_le_eabi_small.a
LOAD C:/Program Files (x86)/Rowley Associates Limited/CrossWorks for ARM 2.3/lib/libm_v7m_t_le_eabi_small.a
LOAD C:/Program Files (x86)/Rowley Associates Limited/CrossWorks for ARM 2.3/lib/libc_v7m_t_le_eabi_small.a
LOAD C:/Program Files (x86)/Rowley Associates Limited/CrossWorks for ARM 2.3/lib/libcpp_v7m_t_le_eabi_small.a
LOAD C:/Program Files (x86)/Rowley Associates Limited/CrossWorks for ARM 2.3/lib/libdebugio_v7m_t_le_eabi_small.a
LOAD C:/Program Files (x86)/Rowley Associates Limited/CrossWorks for ARM 2.3/lib/libc_targetio_impl_v7m_t_le_eabi_small.a
LOAD C:/Program Files (x86)/Rowley Associates Limited/CrossWorks for ARM 2.3/lib/libc_user_libc_v7m_t_le_eabi_small.a
END GROUP
OUTPUT(C:/Work/software/OpenBLT/Target/Demo/ARMCM3_LM3S_EK_LM3S6965_Crossworks/Boot/ide/../bin/openbtl_ek_lm3s6965.elf elf32-littlearm)

.debug_frame    0x00000000     0x3c10
 .debug_frame   0x00000000      0x49c THUMB Debug/../../obj/sysctl.o
 .debug_frame   0x0000049c      0x574 THUMB Debug/../../obj/gpio.o
 .debug_frame   0x00000a10      0x178 THUMB Debug/../../obj/flashlib.o
 .debug_frame   0x00000b88      0x58c THUMB Debug/../../obj/uartlib.o
 .debug_frame   0x00001114      0x254 THUMB Debug/../../obj/ssi.o
 .debug_frame   0x00001368      0x338 THUMB Debug/../../obj/ethernet.o
 .debug_frame   0x000016a0      0x198 THUMB Debug/../../obj/mmc.o
 .debug_frame   0x00001838       0x7c THUMB Debug/../../obj/netdev.o
 .debug_frame   0x000018b4       0xa8 THUMB Debug/../../obj/hooks.o
 .debug_frame   0x0000195c       0x2c THUMB Debug/../../obj/main.o
 .debug_frame   0x00001988       0x20 THUMB Debug/../../obj/vectors.o
 .debug_frame   0x000019a8       0x60 THUMB Debug/../../obj/cpu.o
 .debug_frame   0x00001a08      0x150 THUMB Debug/../../obj/flash.o
 .debug_frame   0x00001b58       0x6c THUMB Debug/../../obj/nvm.o
 .debug_frame   0x00001bc4       0x5c THUMB Debug/../../obj/timer.o
 .debug_frame   0x00001c20       0x70 THUMB Debug/../../obj/uart.o
 .debug_frame   0x00001c90       0x2c THUMB Debug/../../obj/assert.o
 .debug_frame   0x00001cbc       0x48 THUMB Debug/../../obj/backdoor.o
 .debug_frame   0x00001d04       0x48 THUMB Debug/../../obj/boot.o
 .debug_frame   0x00001d4c       0xa8 THUMB Debug/../../obj/com.o
 .debug_frame   0x00001df4       0x30 THUMB Debug/../../obj/cop.o
 .debug_frame   0x00001e24       0x74 THUMB Debug/../../obj/xcp.o
 .debug_frame   0x00001e98      0x13c THUMB Debug/../../obj/file.o
 .debug_frame   0x00001fd4      0x640 THUMB Debug/../../obj/ff.o
 .debug_frame   0x00002614       0x30 THUMB Debug/../../obj/unicode.o
 .debug_frame   0x00002644      0x194 THUMB Debug/../../obj/uip.o
 .debug_frame   0x000027d8       0xac THUMB Debug/../../obj/uip_arp.o
 .debug_frame   0x00002884       0x88 THUMB Debug/../../obj/net.o
 .debug_frame   0x0000290c     0x11e4 C:/Program Files (x86)/Rowley Associates Limited/CrossWorks for ARM 2.3/lib/libc_v7m_t_le_eabi_small.a(libc2.o)
 .debug_frame   0x00003af0      0x120 C:/Program Files (x86)/Rowley Associates Limited/CrossWorks for ARM 2.3/lib/libc_v7m_t_le_eabi_small.a(libc2_asm.o)

.debug_info     0x00000000    0x1136a
 .debug_info    0x00000000      0xef6 THUMB Debug/../../obj/sysctl.o
 .debug_info    0x00000ef6     0x1b47 THUMB Debug/../../obj/gpio.o
 .debug_info    0x00002a3d      0x5ed THUMB Debug/../../obj/flashlib.o
 .debug_info    0x0000302a     0x1707 THUMB Debug/../../obj/uartlib.o
 .debug_info    0x00004731      0xb01 THUMB Debug/../../obj/ssi.o
 .debug_info    0x00005232      0xde2 THUMB Debug/../../obj/ethernet.o
 .debug_info    0x00006014     0x10f2 THUMB Debug/../../obj/mmc.o
 .debug_info    0x00007106      0x537 THUMB Debug/../../obj/netdev.o
 .debug_info    0x0000763d      0x73c THUMB Debug/../../obj/hooks.o
 .debug_info    0x00007d79      0x157 THUMB Debug/../../obj/main.o
 .debug_info    0x00007ed0       0xfd THUMB Debug/../../obj/cstart.o
 .debug_info    0x00007fcd      0x13b THUMB Debug/../../obj/vectors.o
 .debug_info    0x00008108      0x1de THUMB Debug/../../obj/cpu.o
 .debug_info    0x000082e6      0x89d THUMB Debug/../../obj/flash.o
 .debug_info    0x00008b83      0x24f THUMB Debug/../../obj/nvm.o
 .debug_info    0x00008dd2      0x14c THUMB Debug/../../obj/timer.o
 .debug_info    0x00008f1e      0x4e5 THUMB Debug/../../obj/uart.o
 .debug_info    0x00009403      0x106 THUMB Debug/../../obj/assert.o
 .debug_info    0x00009509      0x15d THUMB Debug/../../obj/backdoor.o
 .debug_info    0x00009666      0x175 THUMB Debug/../../obj/boot.o
 .debug_info    0x000097db      0x381 THUMB Debug/../../obj/com.o
 .debug_info    0x00009b5c       0x96 THUMB Debug/../../obj/cop.o
 .debug_info    0x00009bf2      0x81d THUMB Debug/../../obj/xcp.o
 .debug_info    0x0000a40f     0x11a0 THUMB Debug/../../obj/file.o
 .debug_info    0x0000b5af     0x3525 THUMB Debug/../../obj/ff.o
 .debug_info    0x0000ead4      0x169 THUMB Debug/../../obj/unicode.o
 .debug_info    0x0000ec3d      0xd71 THUMB Debug/../../obj/uip.o
 .debug_info    0x0000f9ae      0x65f THUMB Debug/../../obj/uip_arp.o
 .debug_info    0x0001000d      0x677 THUMB Debug/../../obj/net.o
 .debug_info    0x00010684      0xce6 C:/Program Files (x86)/Rowley Associates Limited/CrossWorks for ARM 2.3/lib/libc_v7m_t_le_eabi_small.a(libc2.o)

.debug_abbrev   0x00000000     0x3269
 .debug_abbrev  0x00000000      0x227 THUMB Debug/../../obj/sysctl.o
 .debug_abbrev  0x00000227      0x182 THUMB Debug/../../obj/gpio.o
 .debug_abbrev  0x000003a9      0x203 THUMB Debug/../../obj/flashlib.o
 .debug_abbrev  0x000005ac      0x1e7 THUMB Debug/../../obj/uartlib.o
 .debug_abbrev  0x00000793      0x1da THUMB Debug/../../obj/ssi.o
 .debug_abbrev  0x0000096d      0x224 THUMB Debug/../../obj/ethernet.o
 .debug_abbrev  0x00000b91      0x348 THUMB Debug/../../obj/mmc.o
 .debug_abbrev  0x00000ed9      0x1c1 THUMB Debug/../../obj/netdev.o
 .debug_abbrev  0x0000109a      0x1dc THUMB Debug/../../obj/hooks.o
 .debug_abbrev  0x00001276       0xd3 THUMB Debug/../../obj/main.o
 .debug_abbrev  0x00001349       0x14 THUMB Debug/../../obj/cstart.o
 .debug_abbrev  0x0000135d       0xf7 THUMB Debug/../../obj/vectors.o
 .debug_abbrev  0x00001454      0x10e THUMB Debug/../../obj/cpu.o
 .debug_abbrev  0x00001562      0x2df THUMB Debug/../../obj/flash.o
 .debug_abbrev  0x00001841      0x123 THUMB Debug/../../obj/nvm.o
 .debug_abbrev  0x00001964      0x101 THUMB Debug/../../obj/timer.o
 .debug_abbrev  0x00001a65      0x1ea THUMB Debug/../../obj/uart.o
 .debug_abbrev  0x00001c4f       0x9b THUMB Debug/../../obj/assert.o
 .debug_abbrev  0x00001cea       0x9d THUMB Debug/../../obj/backdoor.o
 .debug_abbrev  0x00001d87       0x6e THUMB Debug/../../obj/boot.o
 .debug_abbrev  0x00001df5      0x192 THUMB Debug/../../obj/com.o
 .debug_abbrev  0x00001f87       0x42 THUMB Debug/../../obj/cop.o
 .debug_abbrev  0x00001fc9      0x291 THUMB Debug/../../obj/xcp.o
 .debug_abbrev  0x0000225a      0x2cc THUMB Debug/../../obj/file.o
 .debug_abbrev  0x00002526      0x3a5 THUMB Debug/../../obj/ff.o
 .debug_abbrev  0x000028cb       0xa8 THUMB Debug/../../obj/unicode.o
 .debug_abbrev  0x00002973      0x34b THUMB Debug/../../obj/uip.o
 .debug_abbrev  0x00002cbe      0x208 THUMB Debug/../../obj/uip_arp.o
 .debug_abbrev  0x00002ec6      0x240 THUMB Debug/../../obj/net.o
 .debug_abbrev  0x00003106      0x163 C:/Program Files (x86)/Rowley Associates Limited/CrossWorks for ARM 2.3/lib/libc_v7m_t_le_eabi_small.a(libc2.o)

.debug_loc      0x00000000     0xc963
 .debug_loc     0x00000000      0xcc5 THUMB Debug/../../obj/sysctl.o
 .debug_loc     0x00000cc5     0x13fb THUMB Debug/../../obj/gpio.o
 .debug_loc     0x000020c0      0x525 THUMB Debug/../../obj/flashlib.o
 .debug_loc     0x000025e5     0x1144 THUMB Debug/../../obj/uartlib.o
 .debug_loc     0x00003729      0x88d THUMB Debug/../../obj/ssi.o
 .debug_loc     0x00003fb6      0xccc THUMB Debug/../../obj/ethernet.o
 .debug_loc     0x00004c82      0x95d THUMB Debug/../../obj/mmc.o
 .debug_loc     0x000055df       0xdf THUMB Debug/../../obj/netdev.o
 .debug_loc     0x000056be       0xcb THUMB Debug/../../obj/hooks.o
 .debug_loc     0x00005789       0x20 THUMB Debug/../../obj/main.o
 .debug_loc     0x000057a9       0xc9 THUMB Debug/../../obj/cpu.o
 .debug_loc     0x00005872      0x679 THUMB Debug/../../obj/flash.o
 .debug_loc     0x00005eeb       0xc5 THUMB Debug/../../obj/nvm.o
 .debug_loc     0x00005fb0       0x20 THUMB Debug/../../obj/timer.o
 .debug_loc     0x00005fd0      0x150 THUMB Debug/../../obj/uart.o
 .debug_loc     0x00006120       0x71 THUMB Debug/../../obj/assert.o
 .debug_loc     0x00006191       0x40 THUMB Debug/../../obj/backdoor.o
 .debug_loc     0x000061d1       0x40 THUMB Debug/../../obj/boot.o
 .debug_loc     0x00006211       0x9f THUMB Debug/../../obj/com.o
 .debug_loc     0x000062b0      0x362 THUMB Debug/../../obj/xcp.o
 .debug_loc     0x00006612      0x919 THUMB Debug/../../obj/file.o
 .debug_loc     0x00006f2b     0x41ae THUMB Debug/../../obj/ff.o
 .debug_loc     0x0000b0d9       0xdd THUMB Debug/../../obj/unicode.o
 .debug_loc     0x0000b1b6      0x683 THUMB Debug/../../obj/uip.o
 .debug_loc     0x0000b839      0x166 THUMB Debug/../../obj/uip_arp.o
 .debug_loc     0x0000b99f      0x15a THUMB Debug/../../obj/net.o
 .debug_loc     0x0000baf9      0xe6a C:/Program Files (x86)/Rowley Associates Limited/CrossWorks for ARM 2.3/lib/libc_v7m_t_le_eabi_small.a(libc2.o)

.debug_aranges  0x00000000     0x12b8
 .debug_aranges
                0x00000000      0x1b0 THUMB Debug/../../obj/sysctl.o
 .debug_aranges
                0x000001b0      0x178 THUMB Debug/../../obj/gpio.o
 .debug_aranges
                0x00000328       0x98 THUMB Debug/../../obj/flashlib.o
 .debug_aranges
                0x000003c0      0x190 THUMB Debug/../../obj/uartlib.o
 .debug_aranges
                0x00000550       0xb0 THUMB Debug/../../obj/ssi.o
 .debug_aranges
                0x00000600       0xe8 THUMB Debug/../../obj/ethernet.o
 .debug_aranges
                0x000006e8       0x80 THUMB Debug/../../obj/mmc.o
 .debug_aranges
                0x00000768       0x38 THUMB Debug/../../obj/netdev.o
 .debug_aranges
                0x000007a0       0x48 THUMB Debug/../../obj/hooks.o
 .debug_aranges
                0x000007e8       0x20 THUMB Debug/../../obj/main.o
 .debug_aranges
                0x00000808       0x20 THUMB Debug/../../obj/cstart.o
 .debug_aranges
                0x00000828       0x20 THUMB Debug/../../obj/vectors.o
 .debug_aranges
                0x00000848       0x30 THUMB Debug/../../obj/cpu.o
 .debug_aranges
                0x00000878       0x70 THUMB Debug/../../obj/flash.o
 .debug_aranges
                0x000008e8       0x40 THUMB Debug/../../obj/nvm.o
 .debug_aranges
                0x00000928       0x38 THUMB Debug/../../obj/timer.o
 .debug_aranges
                0x00000960       0x30 THUMB Debug/../../obj/uart.o
 .debug_aranges
                0x00000990       0x20 THUMB Debug/../../obj/assert.o
 .debug_aranges
                0x000009b0       0x28 THUMB Debug/../../obj/backdoor.o
 .debug_aranges
                0x000009d8       0x28 THUMB Debug/../../obj/boot.o
 .debug_aranges
                0x00000a00       0x50 THUMB Debug/../../obj/com.o
 .debug_aranges
                0x00000a50       0x28 THUMB Debug/../../obj/cop.o
 .debug_aranges
                0x00000a78       0x40 THUMB Debug/../../obj/xcp.o
 .debug_aranges
                0x00000ab8       0x68 THUMB Debug/../../obj/file.o
 .debug_aranges
                0x00000b20      0x178 THUMB Debug/../../obj/ff.o
 .debug_aranges
                0x00000c98       0x28 THUMB Debug/../../obj/unicode.o
 .debug_aranges
                0x00000cc0       0x98 THUMB Debug/../../obj/uip.o
 .debug_aranges
                0x00000d58       0x40 THUMB Debug/../../obj/uip_arp.o
 .debug_aranges
                0x00000d98       0x38 THUMB Debug/../../obj/net.o
 .debug_aranges
                0x00000dd0      0x4e8 C:/Program Files (x86)/Rowley Associates Limited/CrossWorks for ARM 2.3/lib/libc_v7m_t_le_eabi_small.a(libc2.o)

.debug_ranges   0x00000000     0x1460
 .debug_ranges  0x00000000      0x1a0 THUMB Debug/../../obj/sysctl.o
 .debug_ranges  0x000001a0      0x168 THUMB Debug/../../obj/gpio.o
 .debug_ranges  0x00000308       0x88 THUMB Debug/../../obj/flashlib.o
 .debug_ranges  0x00000390      0x180 THUMB Debug/../../obj/uartlib.o
 .debug_ranges  0x00000510       0xa0 THUMB Debug/../../obj/ssi.o
 .debug_ranges  0x000005b0       0xd8 THUMB Debug/../../obj/ethernet.o
 .debug_ranges  0x00000688       0x88 THUMB Debug/../../obj/mmc.o
 .debug_ranges  0x00000710       0x28 THUMB Debug/../../obj/netdev.o
 .debug_ranges  0x00000738       0x38 THUMB Debug/../../obj/hooks.o
 .debug_ranges  0x00000770       0x10 THUMB Debug/../../obj/main.o
 .debug_ranges  0x00000780       0x10 THUMB Debug/../../obj/vectors.o
 .debug_ranges  0x00000790       0x20 THUMB Debug/../../obj/cpu.o
 .debug_ranges  0x000007b0       0x60 THUMB Debug/../../obj/flash.o
 .debug_ranges  0x00000810       0x30 THUMB Debug/../../obj/nvm.o
 .debug_ranges  0x00000840       0x40 THUMB Debug/../../obj/timer.o
 .debug_ranges  0x00000880       0xb0 THUMB Debug/../../obj/uart.o
 .debug_ranges  0x00000930       0x10 THUMB Debug/../../obj/assert.o
 .debug_ranges  0x00000940       0x18 THUMB Debug/../../obj/backdoor.o
 .debug_ranges  0x00000958       0x18 THUMB Debug/../../obj/boot.o
 .debug_ranges  0x00000970       0x40 THUMB Debug/../../obj/com.o
 .debug_ranges  0x000009b0       0x18 THUMB Debug/../../obj/cop.o
 .debug_ranges  0x000009c8       0xa8 THUMB Debug/../../obj/xcp.o
 .debug_ranges  0x00000a70       0x88 THUMB Debug/../../obj/file.o
 .debug_ranges  0x00000af8      0x398 THUMB Debug/../../obj/ff.o
 .debug_ranges  0x00000e90       0x18 THUMB Debug/../../obj/unicode.o
 .debug_ranges  0x00000ea8       0x88 THUMB Debug/../../obj/uip.o
 .debug_ranges  0x00000f30       0x30 THUMB Debug/../../obj/uip_arp.o
 .debug_ranges  0x00000f60       0x28 THUMB Debug/../../obj/net.o
 .debug_ranges  0x00000f88      0x4d8 C:/Program Files (x86)/Rowley Associates Limited/CrossWorks for ARM 2.3/lib/libc_v7m_t_le_eabi_small.a(libc2.o)

.debug_line     0x00000000     0x7003
 .debug_line    0x00000000      0x955 THUMB Debug/../../obj/sysctl.o
 .debug_line    0x00000955      0x7dc THUMB Debug/../../obj/gpio.o
 .debug_line    0x00001131      0x455 THUMB Debug/../../obj/flashlib.o
 .debug_line    0x00001586      0x889 THUMB Debug/../../obj/uartlib.o
 .debug_line    0x00001e0f      0x45a THUMB Debug/../../obj/ssi.o
 .debug_line    0x00002269      0x5c9 THUMB Debug/../../obj/ethernet.o
 .debug_line    0x00002832      0x4ab THUMB Debug/../../obj/mmc.o
 .debug_line    0x00002cdd      0x331 THUMB Debug/../../obj/netdev.o
 .debug_line    0x0000300e      0x300 THUMB Debug/../../obj/hooks.o
 .debug_line    0x0000330e      0x17d THUMB Debug/../../obj/main.o
 .debug_line    0x0000348b      0x12d THUMB Debug/../../obj/cstart.o
 .debug_line    0x000035b8      0x1a2 THUMB Debug/../../obj/vectors.o
 .debug_line    0x0000375a      0x17c THUMB Debug/../../obj/cpu.o
 .debug_line    0x000038d6      0x363 THUMB Debug/../../obj/flash.o
 .debug_line    0x00003c39      0x10f THUMB Debug/../../obj/nvm.o
 .debug_line    0x00003d48       0xf8 THUMB Debug/../../obj/timer.o
 .debug_line    0x00003e40      0x2a5 THUMB Debug/../../obj/uart.o
 .debug_line    0x000040e5      0x127 THUMB Debug/../../obj/assert.o
 .debug_line    0x0000420c      0x163 THUMB Debug/../../obj/backdoor.o
 .debug_line    0x0000436f      0x165 THUMB Debug/../../obj/boot.o
 .debug_line    0x000044d4      0x1d4 THUMB Debug/../../obj/com.o
 .debug_line    0x000046a8       0xa9 THUMB Debug/../../obj/cop.o
 .debug_line    0x00004751      0x263 THUMB Debug/../../obj/xcp.o
 .debug_line    0x000049b4      0x476 THUMB Debug/../../obj/file.o
 .debug_line    0x00004e2a      0xe05 THUMB Debug/../../obj/ff.o
 .debug_line    0x00005c2f      0x182 THUMB Debug/../../obj/unicode.o
 .debug_line    0x00005db1      0x73f THUMB Debug/../../obj/uip.o
 .debug_line    0x000064f0      0x28f THUMB Debug/../../obj/uip_arp.o
 .debug_line    0x0000677f      0x2d1 THUMB Debug/../../obj/net.o
 .debug_line    0x00006a50      0x5b3 C:/Program Files (x86)/Rowley Associates Limited/CrossWorks for ARM 2.3/lib/libc_v7m_t_le_eabi_small.a(libc2.o)

.debug_str      0x00000000     0x3bd7
 .debug_str     0x00000000      0x693 THUMB Debug/../../obj/sysctl.o
                                0x6e9 (size before relaxing)
 .debug_str     0x00000693      0x411 THUMB Debug/../../obj/gpio.o
                                0x543 (size before relaxing)
 .debug_str     0x00000aa4      0x234 THUMB Debug/../../obj/flashlib.o
                                0x36f (size before relaxing)
 .debug_str     0x00000cd8      0x447 THUMB Debug/../../obj/uartlib.o
                                0x5a7 (size before relaxing)
 .debug_str     0x0000111f      0x1f3 THUMB Debug/../../obj/ssi.o
                                0x35e (size before relaxing)
 .debug_str     0x00001312      0x2c0 THUMB Debug/../../obj/ethernet.o
                                0x419 (size before relaxing)
 .debug_str     0x000015d2      0x1c6 THUMB Debug/../../obj/mmc.o
                                0x34c (size before relaxing)
 .debug_str     0x00001798       0xe6 THUMB Debug/../../obj/netdev.o
                                0x2f1 (size before relaxing)
 .debug_str     0x0000187e      0x38d THUMB Debug/../../obj/hooks.o
                                0x4c2 (size before relaxing)
 .debug_str     0x00001c0b       0x6d THUMB Debug/../../obj/main.o
                                0x163 (size before relaxing)
 .debug_str     0x00001c78       0xb4 THUMB Debug/../../obj/vectors.o
                                0x18c (size before relaxing)
 .debug_str     0x00001d2c      0x128 THUMB Debug/../../obj/cpu.o
                                0x1fc (size before relaxing)
 .debug_str     0x00001e54      0x249 THUMB Debug/../../obj/flash.o
                                0x3ab (size before relaxing)
 .debug_str     0x0000209d       0x98 THUMB Debug/../../obj/nvm.o
                                0x1e2 (size before relaxing)
 .debug_str     0x00002135       0xb9 THUMB Debug/../../obj/timer.o
                                0x18e (size before relaxing)
 .debug_str     0x000021ee      0x10e THUMB Debug/../../obj/uart.o
                                0x2af (size before relaxing)
 .debug_str     0x000022fc       0x95 THUMB Debug/../../obj/assert.o
                                0x182 (size before relaxing)
 .debug_str     0x00002391       0xe2 THUMB Debug/../../obj/backdoor.o
                                0x1c9 (size before relaxing)
 .debug_str     0x00002473       0x95 THUMB Debug/../../obj/boot.o
                                0x1a1 (size before relaxing)
 .debug_str     0x00002508      0x17e THUMB Debug/../../obj/com.o
                                0x2c3 (size before relaxing)
 .debug_str     0x00002686       0x6a THUMB Debug/../../obj/cop.o
                                0x133 (size before relaxing)
 .debug_str     0x000026f0      0x224 THUMB Debug/../../obj/xcp.o
                                0x3e7 (size before relaxing)
 .debug_str     0x00002914      0x366 THUMB Debug/../../obj/file.o
                                0x7dd (size before relaxing)
 .debug_str     0x00002c7a      0x30e THUMB Debug/../../obj/ff.o
                                0x74c (size before relaxing)
 .debug_str     0x00002f88       0x9f THUMB Debug/../../obj/unicode.o
                                0x16b (size before relaxing)
 .debug_str     0x00003027      0x406 THUMB Debug/../../obj/uip.o
                                0x5be (size before relaxing)
 .debug_str     0x0000342d      0x17e THUMB Debug/../../obj/uip_arp.o
                                0x36e (size before relaxing)
 .debug_str     0x000035ab       0xbd THUMB Debug/../../obj/net.o
                                0x3b6 (size before relaxing)
 .debug_str     0x00003668      0x56f C:/Program Files (x86)/Rowley Associates Limited/CrossWorks for ARM 2.3/lib/libc_v7m_t_le_eabi_small.a(libc2.o)
                                0x655 (size before relaxing)

.comment        0x00000000       0x4e
 .comment       0x00000000       0x4e THUMB Debug/../../obj/sysctl.o
                                 0x4f (size before relaxing)
 .comment       0x00000000       0x4f THUMB Debug/../../obj/gpio.o
 .comment       0x00000000       0x4f THUMB Debug/../../obj/flashlib.o
 .comment       0x00000000       0x4f THUMB Debug/../../obj/uartlib.o
 .comment       0x00000000       0x4f THUMB Debug/../../obj/ssi.o
 .comment       0x00000000       0x4f THUMB Debug/../../obj/ethernet.o
 .comment       0x00000000       0x4f THUMB Debug/../../obj/mmc.o
 .comment       0x00000000       0x4f THUMB Debug/../../obj/netdev.o
 .comment       0x00000000       0x4f THUMB Debug/../../obj/hooks.o
 .comment       0x00000000       0x4f THUMB Debug/../../obj/main.o
 .comment       0x00000000       0x4f THUMB Debug/../../obj/vectors.o
 .comment       0x00000000       0x4f THUMB Debug/../../obj/cpu.o
 .comment       0x00000000       0x4f THUMB Debug/../../obj/flash.o
 .comment       0x00000000       0x4f THUMB Debug/../../obj/nvm.o
 .comment       0x00000000       0x4f THUMB Debug/../../obj/timer.o
 .comment       0x00000000       0x4f THUMB Debug/../../obj/uart.o
 .comment       0x00000000       0x4f THUMB Debug/../../obj/assert.o
 .comment       0x00000000       0x4f THUMB Debug/../../obj/backdoor.o
 .comment       0x00000000       0x4f THUMB Debug/../../obj/boot.o
 .comment       0x00000000       0x4f THUMB Debug/../../obj/com.o
 .comment       0x00000000       0x4f THUMB Debug/../../obj/cop.o
 .comment       0x00000000       0x4f THUMB Debug/../../obj/xcp.o
 .comment       0x00000000       0x4f THUMB Debug/../../obj/file.o
 .comment       0x00000000       0x4f THUMB Debug/../../obj/ff.o
 .comment       0x00000000       0x4f THUMB Debug/../../obj/unicode.o
 .comment       0x00000000       0x4f THUMB Debug/../../obj/uip.o
 .comment       0x00000000       0x4f THUMB Debug/../../obj/uip_arp.o
 .comment       0x00000000       0x4f THUMB Debug/../../obj/net.o
 .comment       0x00000000       0x4f C:/Program Files (x86)/Rowley Associates Limited/CrossWorks for ARM 2.3/lib/libc_v7m_t_le_eabi_small.a(libc2.o)

.ARM.attributes
                0x00000000       0x33
 .ARM.attributes
                0x00000000       0x33 THUMB Debug/../../obj/sysctl.o
 .ARM.attributes
                0x00000033       0x33 THUMB Debug/../../obj/gpio.o
 .ARM.attributes
                0x00000066       0x33 THUMB Debug/../../obj/flashlib.o
 .ARM.attributes
                0x00000099       0x33 THUMB Debug/../../obj/uartlib.o
 .ARM.attributes
                0x000000cc       0x33 THUMB Debug/../../obj/ssi.o
 .ARM.attributes
                0x000000ff       0x33 THUMB Debug/../../obj/ethernet.o
 .ARM.attributes
                0x00000132       0x33 THUMB Debug/../../obj/mmc.o
 .ARM.attributes
                0x00000165       0x33 THUMB Debug/../../obj/netdev.o
 .ARM.attributes
                0x00000198       0x33 THUMB Debug/../../obj/hooks.o
 .ARM.attributes
                0x000001cb       0x33 THUMB Debug/../../obj/main.o
 .ARM.attributes
                0x000001fe       0x23 THUMB Debug/../../obj/cstart.o
 .ARM.attributes
                0x00000221       0x33 THUMB Debug/../../obj/vectors.o
 .ARM.attributes
                0x00000254       0x33 THUMB Debug/../../obj/cpu.o
 .ARM.attributes
                0x00000287       0x33 THUMB Debug/../../obj/flash.o
 .ARM.attributes
                0x000002ba       0x33 THUMB Debug/../../obj/nvm.o
 .ARM.attributes
                0x000002ed       0x33 THUMB Debug/../../obj/timer.o
 .ARM.attributes
                0x00000320       0x33 THUMB Debug/../../obj/uart.o
 .ARM.attributes
                0x00000353       0x33 THUMB Debug/../../obj/assert.o
 .ARM.attributes
                0x00000386       0x33 THUMB Debug/../../obj/backdoor.o
 .ARM.attributes
                0x000003b9       0x33 THUMB Debug/../../obj/boot.o
 .ARM.attributes
                0x000003ec       0x33 THUMB Debug/../../obj/com.o
 .ARM.attributes
                0x0000041f       0x33 THUMB Debug/../../obj/cop.o
 .ARM.attributes
                0x00000452       0x33 THUMB Debug/../../obj/xcp.o
 .ARM.attributes
                0x00000485       0x33 THUMB Debug/../../obj/file.o
 .ARM.attributes
                0x000004b8       0x33 THUMB Debug/../../obj/ff.o
 .ARM.attributes
                0x000004eb       0x33 THUMB Debug/../../obj/unicode.o
 .ARM.attributes
                0x0000051e       0x33 THUMB Debug/../../obj/uip.o
 .ARM.attributes
                0x00000551       0x33 THUMB Debug/../../obj/uip_arp.o
 .ARM.attributes
                0x00000584       0x33 THUMB Debug/../../obj/net.o
 .ARM.attributes
                0x000005b7       0x2d C:/Program Files (x86)/Rowley Associates Limited/CrossWorks for ARM 2.3/lib/libc_v7m_t_le_eabi_small.a(libc2.o)
 .ARM.attributes
                0x000005e4       0x1d C:/Program Files (x86)/Rowley Associates Limited/CrossWorks for ARM 2.3/lib/libc_v7m_t_le_eabi_small.a(libc2_asm.o)
